Direct AP SSH Telemetry — 192.168.0.212
AP MAC  : 3c:41:0e:3a:ca:00
AP Name : Ap9105
AP IP   : 192.168.0.212
Event   : 2026-06-22T08:54:00.663105+00:00
============================================================

── DIRECT AP SSH TELEMETRY ──

=== terminal length 0 ===
(executed — no output)

=== show logging ===
Console logging : Level - notification, Status - enabled 

Syslog logging  : Level - information, Status - active, IP -  

Syncing syslogs to flash every 600 seconds.

System logging :
Jun 18 11:59:48 m5C710DECF340 powerd: Not support power priority mode
Jun 18 11:59:48 m5C710DECF340 powerd: Powerd waiting for click...
Jun 18 11:59:49 m5C710DECF340 rsyslogd: [origin software="rsyslogd" swVersion="8.2206.0" x-pid="3793" x-info="https://www.rsyslog.com"] start
Jun 18 11:59:51 m5C710DECF340 brain: sxpd_debug: capwap_brain touching watchdog exemption at startup /tmp/var/run/sxpd.emp
Jun 18 11:59:51 m5C710DECF340 brain: Dnsmasq.conf file before update:
Jun 18 11:59:51 m5C710DECF340 brain: Dnsmasq.conf new config:#012no-resolv#012pid-file=/var/run/dnsmasq.vaperr.pid#012port=5316#012min-port=61000#012address=/#/6.0.0.7
Jun 18 11:59:51 m5C710DECF340 brain: Dnsmasq.conf file after update:#012no-resolv#012pid-file=/var/run/dnsmasq.vaperr.pid#012port=5316#012min-port=61000#012address=/#/6.0.0.7
Jun 18 11:59:51 m5C710DECF340 brain: do_state:6071: assigning brain state: scan1; reason: initial_scan
Jun 18 11:59:53 m5C710DECF340 powerd: Powerd waiting for click...
Jun 18 11:59:54 m5C710DECF340 auditd[5022]: Started dispatcher: /usr/sbin/audispd pid: 5027
Jun 18 11:59:54 m5C710DECF340 audispd: Config file /etc/audisp/audispd.conf doesn't exist, skipping
Jun 18 11:59:54 m5C710DECF340 audispd: No plugins found, exiting
Jun 18 11:59:54 m5C710DECF340 auditd[5022]: dispatcher 5027 reaped
Jun 18 11:59:54 m5C710DECF340 auditd[5022]: Init complete, auditd 2.8.4 listening for events (startup state enable)
Jun 18 11:59:54 m5C710DECF340 kernel: klogd started: BusyBox v1.32.1 ()
Jun 18 11:59:54 m5C710DECF340 kernel: [*06/18/2026 11:59:52.3140] systemd[1]: Reached target System Initialization.
Jun 18 11:59:54 m5C710DECF340 kernel: [*06/18/2026 11:59:52.3140] systemd[1]: Starting System Initialization.
Jun 18 11:59:54 m5C710DECF340 kernel: [*06/18/2026 11:59:52.3140] systemd[1]: Started Apsm path watch.
Jun 18 11:59:54 m5C710DECF340 kernel: [*06/18/2026 11:59:52.3140] systemd[1]: Starting Apsm path watch.
Jun 18 11:59:54 m5C710DECF340 kernel: [*06/18/2026 11:59:52.3150] systemd[1]: Started ble_watcher_reset.path.
Jun 18 11:59:54 m5C710DECF340 kernel: [*06/18/2026 11:59:52.3150] systemd[1]: Starting ble_watcher_reset.path.
Jun 18 11:59:54 m5C710DECF340 kernel: [*06/18/2026 11:59:52.3150] systemd[1]: Started Speed Listener path watch.
Jun 18 11:59:54 m5C710DECF340 kernel: [*06/18/2026 11:59:52.3150] systemd[1]: Starting Speed Listener path watch.
Jun 18 11:59:54 m5C710DECF340 kernel: [*06/18/2026 11:59:52.3150] systemd[1]: Started ntpfile-watcher.path.
Jun 18 11:59:54 m5C710DECF340 kernel: [*06/18/2026 11:59:52.3150] systemd[1]: Starting ntpfile-watcher.path.
Jun 18 11:59:54 m5C710DECF340 kernel: [*06/18/2026 11:59:52.3160] systemd[1]: Started Core Files Uploader path watch.
Jun 18 11:59:54 m5C710DECF340 kernel: [*06/18/2026 11:59:52.3160] systemd[1]: Starting Core Files Uploader path watch.
Jun 18 11:59:54 m5C710DECF340 kernel: [*06/18/2026 11:59:52.3160] systemd[1]: Started nbar-watcher.path.
Jun 18 11:59:54 m5C710DECF340 kernel: [*06/18/2026 11:59:52.3160] systemd[1]: Starting nbar-watcher.path.
Jun 18 11:59:54 m5C710DECF340 kernel: [*06/18/2026 11:59:52.3160] systemd[1]: Started srcr2 ip address change.
Jun 18 11:59:54 m5C710DECF340 kernel: [*06/18/2026 11:59:52.3160] systemd[1]: Starting srcr2 ip address change.
Jun 18 11:59:54 m5C710DECF340 kernel: [*06/18/2026 11:59:52.3170] systemd[1]: Started dnsmasq path watch.
Jun 18 11:59:54 m5C710DECF340 kernel: [*06/18/2026 11:59:52.3170] systemd[1]: Starting dnsmasq path watch.
Jun 18 11:59:54 m5C710DECF340 kernel: [*06/18/2026 11:59:52.3170] systemd[1]: Started tftpd-hpa path watch.
Jun 18 11:59:54 m5C710DECF340 kernel: [*06/18/2026 11:59:52.3170] systemd[1]: Starting tftpd-hpa path watch.
Jun 18 11:59:54 m5C710DECF340 kernel: [*06/18/2026 11:59:52.3170] systemd[1]: Started dnsmasq path watch.
Jun 18 11:59:54 m5C710DECF340 kernel: [*06/18/2026 11:59:52.3170] systemd[1]: Starting dnsmasq path watch.
Jun 18 11:59:54 m5C710DECF340 kernel: [*06/18/2026 11:59:52.3170] systemd[1]: Started nolan_gnss_reset.path.
Jun 18 11:59:54 m5C710DECF340 kernel: [*06/18/2026 11:59:52.3170] systemd[1]: Starting nolan_gnss_reset.path.
Jun 18 11:59:54 m5C710DECF340 kernel: [*06/18/2026 11:59:52.3180] systemd[1]: Started ble_watcher_upgrade.path.
Jun 18 11:59:54 m5C710DECF340 kernel: [*06/18/2026 11:59:52.3180] systemd[1]: Starting ble_watcher_upgrade.path.
Jun 18 11:59:54 m5C710DECF340 kernel: [*06/18/2026 11:59:52.3180] systemd[1]: Started ntpd-watcher.path.
Jun 18 11:59:54 m5C710DECF340 kernel: [*06/18/2026 11:59:52.3180] systemd[1]: Starting ntpd-watcher.path.
Jun 18 11:59:54 m5C710DECF340 kernel: [*06/18/2026 11:59:52.3180] systemd[1]: Started Tlsc path watch.
Jun 18 11:59:54 m5C710DECF340 kernel: [*06/18/2026 11:59:52.3180] systemd[1]: Starting Tlsc path watch.
Jun 18 11:59:54 m5C710DECF340 kernel: [*06/18/2026 11:59:52.3180] systemd[1]: Started S15syslog-watcher.path.
Jun 18 11:59:54 m5C710DECF340 kernel: [*06/18/2026 11:59:52.3180] systemd[1]: Starting S15syslog-watcher.path.
Jun 18 11:59:54 m5C710DECF340 kernel: [*06/18/2026 11:59:52.3180] systemd[1]: Started sxpd-watcher.path.
Jun 18 11:59:54 m5C710DECF340 kernel: [*06/18/2026 11:59:52.3180] systemd[1]: Starting sxpd-watcher.path.
Jun 18 11:59:54 m5C710DECF340 kernel: [*06/18/2026 11:59:52.3190] systemd[1]: Started rsyslog-watcher.path.
Jun 18 11:59:54 m5C710DECF340 kernel: [*06/18/2026 11:59:52.3190] systemd[1]: Starting rsyslog-watcher.path.
Jun 18 11:59:54 m5C710DECF340 kernel: [*06/18/2026 11:59:52.3190] systemd[1]: Started Pnp path watch.
Jun 18 11:59:54 m5C710DECF340 kernel: [*06/18/2026 11:59:52.3190] systemd[1]: Starting Pnp path watch.
Jun 18 11:59:54 m5C710DECF340 kernel: [*06/18/2026 11:59:52.3190] systemd[1]: Started Dcdsd path watch.
Jun 18 11:59:54 m5C710DECF340 kernel: [*06/18/2026 11:59:52.3190] systemd[1]: Starting Dcdsd path watch.
Jun 18 11:59:54 m5C710DECF340 kernel: [*06/18/2026 11:59:52.3200] systemd[1]: Started mesh_internal_dhcp-watcher.path.
Jun 18 11:59:54 m5C710DECF340 kernel: [*06/18/2026 11:59:52.3200] systemd[1]: Starting mesh_internal_dhcp-watcher.path.
Jun 18 11:59:54 m5C710DECF340 kernel: [*06/18/2026 11:59:52.3200] systemd[1]: Started Run monitor_tmp.service every day.
Jun 18 11:59:54 m5C710DECF340 kernel: [*06/18/2026 11:59:52.3200] systemd[1]: Starting Run monitor_tmp.service every day.
Jun 18 11:59:54 m5C710DECF340 kernel: [*06/18/2026 11:59:52.3650] systemd[1]: Reached target Timers.
Jun 18 11:59:54 m5C710DECF340 kernel: [*06/18/2026 11:59:52.3650] systemd[1]: Starting Timers.
Jun 18 11:59:54 m5C710DECF340 kernel: [*06/18/2026 11:59:52.3650] systemd[1]: Started Memcached path watch.
Jun 18 11:59:54 m5C710DECF340 kernel: [*06/18/2026 11:59:52.3650] systemd[1]: Starting Memcached path watch.
Jun 18 11:59:54 m5C710DECF340 kernel: [*06/18/2026 11:59:52.3650] systemd[1]: Started erase-iot-watcher.path.
Jun 18 11:59:54 m5C710DECF340 kernel: [*06/18/2026 11:59:52.3650] systemd[1]: Starting erase-iot-watcher.path.
Jun 18 11:59:54 m5C710DECF340 kernel: [*06/18/2026 11:59:52.3650] systemd[1]: Started Radsecproxy path watch.
Jun 18 11:59:54 m5C710DECF340 kernel: [*06/18/2026 11:59:52.3650] systemd[1]: Starting Radsecproxy path watch.
Jun 18 11:59:54 m5C710DECF340 kernel: [*06/18/2026 11:59:52.3660] systemd[1]: Started iox te restart path watch.
Jun 18 11:59:54 m5C710DECF340 kernel: [*06/18/2026 11:59:52.3660] systemd[1]: Starting iox te restart path watch.
Jun 18 11:59:54 m5C710DECF340 kernel: [*06/18/2026 11:59:52.3660] systemd[1]: Started dhcpv6-watcher.path.
Jun 18 11:59:54 m5C710DECF340 kernel: [*06/18/2026 11:59:52.3660] systemd[1]: Starting dhcpv6-watcher.path.
Jun 18 11:59:54 m5C710DECF340 kernel: [*06/18/2026 11:59:52.3660] systemd[1]: Started WSA path watch.
Jun 18 11:59:54 m5C710DECF340 kernel: [*06/18/2026 11:59:52.3660] systemd[1]: Starting WSA path watch.
Jun 18 11:59:54 m5C710DECF340 kernel: [*06/18/2026 11:59:52.3660] systemd[1]: Started PNP Syslog path watch.
Jun 18 11:59:54 m5C710DECF340 kernel: [*06/18/2026 11:59:52.3660] systemd[1]: Starting PNP Syslog path watch.
Jun 18 11:59:54 m5C710DECF340 kernel: [*06/18/2026 11:59:52.4110] systemd[1]: Reached target Paths.
Jun 18 11:59:54 m5C710DECF340 kernel: [*06/18/2026 11:59:52.4110] systemd[1]: Starting Paths.
Jun 18 11:59:54 m5C710DECF340 kernel: [*06/18/2026 11:59:52.4230] wired0 (Int switch port: 0) (Logical Port: 0) (phyId: 8) Link DOWN.
Jun 18 11:59:54 m5C710DECF340 kernel: [*06/18/2026 11:59:52.4240] chatter: Device wired0 notify state change link DOWN
Jun 18 11:59:55 m5C710DECF340 kernel: [*06/18/2026 11:59:53.5690] cfg80211: Calling CRDA to update world regulatory domain
Jun 18 11:59:55 m5C710DECF340 kernel: [*06/18/2026 11:59:53.8810] systemd[1]: Reached target Basic System.
Jun 18 11:59:55 m5C710DECF340 kernel: [*06/18/2026 11:59:53.8810] systemd[1]: Starting Basic System.
Jun 18 11:59:55 m5C710DECF340 kernel: [*06/18/2026 11:59:53.8840] systemd[1]: Starting NTP_PROC daemon...
Jun 18 11:59:55 m5C710DECF340 kernel: [*06/18/2026 11:59:53.9290] systemd[1]: Starting Check /tmp directory space...
Jun 18 11:59:55 m5C710DECF340 kernel: [*06/18/2026 11:59:53.9880] systemd[1]: Starting ME Cleanup Script...
Jun 18 11:59:55 m5C710DECF340 kernel: [*06/18/2026 11:59:54.0340] systemd[1]: Starting RSYNC User Key Generation...
Jun 18 11:59:55 m5C710DECF340 kernel: [*06/18/2026 11:59:54.0660] Init TAM CTAMC - Start
Jun 18 11:59:55 m5C710DECF340 kernel: [*06/18/2026 11:59:54.0660] Init TAM CTMAC - catalyst_engine
Jun 18 11:59:55 m5C710DECF340 kernel: [*06/18/2026 11:59:54.2080] systemd[1]: Starting Cisco klogd...
Jun 18 11:59:55 m5C710DECF340 kernel: [*06/18/2026 11:59:54.2480] systemd[1]: Starting WCPD process...
Jun 18 11:59:55 m5C710DECF340 kernel: [*06/18/2026 11:59:54.3420] systemd[1]: Started Serial Getty on ttyS0.
Jun 18 11:59:55 m5C710DECF340 kernel: [*06/18/2026 11:59:54.3430] systemd[1]: Starting Serial Getty on ttyS0...
Jun 18 11:59:55 m5C710DECF340 kernel: [*06/18/2026 11:59:54.4430] systemd[1]: Reached target Login Prompts.
Jun 18 11:59:55 m5C710DECF340 kernel: [*06/18/2026 11:59:54.4430] systemd[1]: Starting Login Prompts.
Jun 18 11:59:55 m5C710DECF340 kernel: [*06/18/2026 11:59:54.4480] systemd[1]: Starting Security Auditing Service...
Jun 18 11:59:55 m5C710DECF340 kernel: [*06/18/2026 11:59:54.5030] systemd[1]: Starting Cisco linkstatus service...
Jun 18 11:59:55 m5C710DECF340 kernel: [*06/18/2026 11:59:54.5580] systemd[1]: Starting Cisco printkd...
Jun 18 11:59:55 m5C710DECF340 kernel: [*06/18/2026 11:59:54.5920] 2026-06-18 11:59:54 TAMS: [ERR] app 'catalyst_engine' is not registered
Jun 18 11:59:55 m5C710DECF340 kernel: [*06/18/2026 11:59:54.5920] 2026-06-18 11:59:54 TAMS: [ERR] Errno 32 (Broken pipe) writing socket 8. ipc_msg_len=29
Jun 18 11:59:55 m5C710DECF340 kernel: [*06/18/2026 11:59:54.5920] 2026-06-18 11:59:54 TAMS: [ERR] tams_process_tamc_cmd error:TAM_ERROR_PLATFORM_FAILURE
Jun 18 11:59:55 m5C710DECF340 kernel: [*06/18/2026 11:59:54.5950] 2026-06-18 11:59:54 TAMS: [ERR] app 'catalyst_engine' is not registered
Jun 18 11:59:55 m5C710DECF340 kernel: [*06/18/2026 11:59:54.5950] 2026-06-18 11:59:54 TAMS: [ERR] tams_process_tamc_cmd error:TAM_ERROR_APP_NOT_REGISTERED
Jun 18 11:59:55 m5C710DECF340 kernel: [*06/18/2026 11:59:54.5980] 2026-06-18 11:59:54 TAMS: [ERR] app 'catalyst_engine' is not registered
Jun 18 11:59:55 m5C710DECF340 kernel: [*06/18/2026 11:59:54.5980] 2026-06-18 11:59:54 TAMS: [ERR] tams_process_tamc_cmd error:TAM_ERROR_APP_NOT_REGISTERED
Jun 18 11:59:55 m5C710DECF340 kernel: [*06/18/2026 11:59:54.6020] Init TAM CTAMC - Login Error
Jun 18 11:59:55 m5C710DECF340 kernel: [*06/18/2026 11:59:54.7910] systemd[1]: Started NTP_PROC daemon.
Jun 18 11:59:55 m5C710DECF340 kernel: [*06/18/2026 11:59:54.8450] sh: 1: unknown operand
Jun 18 11:59:55 m5C710DECF340 kernel: [*06/18/2026 11:59:54.8460] checking 2G/5G/6G support
Jun 18 11:59:55 m5C710DECF340 kernel: [*06/18/2026 11:59:54.9640] systemd[1]: Started Check /tmp directory space.
Jun 18 11:59:55 m5C710DECF340 kernel: [*06/18/2026 11:59:55.0250] EWC images cleanup done
Jun 18 11:59:55 m5C710DECF340 kernel: [*06/18/2026 11:59:55.0890] systemd[1]: Started Cisco linkstatus service.
Jun 18 11:59:55 m5C710DECF340 kernel: printkd started: BusyBox v1.32.1 ()
Jun 18 11:59:55 m5C710DECF340 kernel: [01/01/1970 00:00:00.0000] Booting Linux on physical CPU 0x0
Jun 18 11:59:55 m5C710DECF340 kernel: [01/01/1970 00:00:00.0000] Initializing cgroup subsys cpuset
Jun 18 11:59:55 m5C710DECF340 kernel: [01/01/1970 00:00:00.0000] Initializing cgroup subsys cpu
Jun 18 11:59:55 m5C710DECF340 kernel: [01/01/1970 00:00:00.0000] Initializing cgroup subsys cpuacct
Jun 18 11:59:55 m5C710DECF340 kernel: [01/01/1970 00:00:00.0000] Linux version 4.1.52 (aut@wng-bes24) (gcc version 7.5.0 (OpenWrt GCC 7.5.0 r48430) ) #4 SMP Sat Mar 14 00:09:30 GMT 2026
Jun 18 11:59:55 m5C710DECF340 kernel: [01/01/1970 00:00:00.0000] CPU: ARMv7 Processor [410fc075] revision 5 (ARMv7), cr=10c5387d
Jun 18 11:59:55 m5C710DECF340 kernel: [01/01/1970 00:00:00.0000] CPU: PIPT / VIPT nonaliasing data cache, VIPT aliasing instruction cache
Jun 18 11:59:55 m5C710DECF340 kernel: [01/01/1970 00:00:00.0000] Machine model: Broadcom BCM947622
Jun 18 11:59:55 m5C710DECF340 kernel: [01/01/1970 00:00:00.0000] bootconsole [earlycon0] enabled
Jun 18 11:59:55 m5C710DECF340 kernel: [01/01/1970 00:00:00.0000] Memory policy: Data cache writealloc
Jun 18 11:59:55 m5C710DECF340 kernel: [01/01/1970 00:00:00.0000] On node 0 totalpages: 504832
Jun 18 11:59:55 m5C710DECF340 kernel: [01/01/1970 00:00:00.0000] free_area_init_node: node 0, pgdat c0bc3500, node_mem_map ee5f8000
Jun 18 11:59:55 m5C710DECF340 kernel: [01/01/1970 00:00:00.0000]   Normal zone: 1710 pages used for memmap
Jun 18 11:59:55 m5C710DECF340 kernel: [01/01/1970 00:00:00.0000]   Normal zone: 0 pages reserved
Jun 18 11:59:55 m5C710DECF340 kernel: [01/01/1970 00:00:00.0000]   Normal zone: 175104 pages, LIFO batch:31
Jun 18 11:59:55 m5C710DECF340 kernel: [01/01/1970 00:00:00.0000]   HighMem zone: 329728 pages, LIFO batch:31
Jun 18 11:59:55 m5C710DECF340 kernel: [01/01/1970 00:00:00.0000] PERCPU: Embedded 11 pages/cpu @ee5bc000 s16064 r8192 d20800 u45056
Jun 18 11:59:55 m5C710DECF340 kernel: [01/01/1970 00:00:00.0000] pcpu-alloc: s16064 r8192 d20800 u45056 alloc=11*4096
Jun 18 11:59:55 m5C710DECF340 kernel: [01/01/1970 00:00:00.0000] pcpu-alloc: [0] 0 [0] 1 [0] 2 [0] 3 
Jun 18 11:59:55 m5C710DECF340 kernel: [01/01/1970 00:00:00.0000] Built 1 zonelists in Zone order, mobility grouping on.  Total pages: 503122
Jun 18 11:59:55 m5C710DECF340 kernel: [01/01/1970 00:00:00.0000] Kernel command line: console=ttyAMA0,9600 activepart=part1 activeboot=0 bootver=0x66 boardid=0xc forceboot=0 console=ttyAMA0 earlyprintk irqaffinity=0 ttyAMA0 mtdparts=nand:1m(nvram),5888k(bootfs),-(fs) ubi.mtd=fs BOOT_DEBUG=0 usbcore.authorized_default=0
Jun 18 11:59:55 m5C710DECF340 kernel: [01/01/1970 00:00:00.0000] log_buf_len individual max cpu contribution: 4096 bytes
Jun 18 11:59:55 m5C710DECF340 kernel: [01/01/1970 00:00:00.0000] log_buf_len total cpu_extra contributions: 12288 bytes
Jun 18 11:59:55 m5C710DECF340 kernel: [01/01/1970 00:00:00.0000] log_buf_len min size: 16384 bytes
Jun 18 11:59:55 m5C710DECF340 kernel: [01/01/1970 00:00:00.0000] log_buf_len: 32768 bytes
Jun 18 11:59:55 m5C710DECF340 kernel: [01/01/1970 00:00:00.0000] early log buf free: 14604(89%)
Jun 18 11:59:55 m5C710DECF340 kernel: [01/01/1970 00:00:00.0000] PID hash table entries: 4096 (order: 2, 16384 bytes)
Jun 18 11:59:55 m5C710DECF340 kernel: [01/01/1970 00:00:00.0000] Dentry cache hash table entries: 131072 (order: 7, 524288 bytes)
Jun 18 11:59:55 m5C710DECF340 kernel: [01/01/1970 00:00:00.0000] Inode-cache hash table entries: 65536 (order: 6, 262144 bytes)
Jun 18 11:59:55 m5C710DECF340 kernel: [01/01/1970 00:00:00.0000] Memory: 1985136K/2019328K available (6295K kernel code, 1808K rwdata, 1660K rodata, 1024K init, 566K bss, 34192K reserved, 0K cma-reserved, 1318908K highmem)
Jun 18 11:59:55 m5C710DECF340 kernel: [01/01/1970 00:00:00.0000] Virtual kernel memory layout:\x0a    vector  : 0xffff0000 - 0xffff1000   (   4 kB)\x0a    fixmap  : 0xffc00000 - 0xfff00000   (3072 kB)\x0a    vmalloc : 0xf0000000 - 0xff000000   ( 240 MB)\x0a    lowmem  : 0xc0000000 - 0xef800000   ( 760 MB)\x0a    pkmap   : 0xbfe00000 - 0xc0000000   (   2 MB)\x0a    modules : 0xbe000000 - 0xbfe00000   (  30 MB)\x0a      .text : 0xc0018000 - 0xc08c4f04   (8884 kB)\x0a      .init : 0xc0900000 - 0xc0a00000   (1024 kB)\x0a      .data : 0xc0a00000 - 0xc0bc41c0   (1809 kB)\x0a       .bss : 0xc0bc41c0 - 0xc0c51ad8   ( 567 kB)
Jun 18 11:59:55 m5C710DECF340 kernel: [01/01/1970 00:00:00.0000] SLUB: HWalign=64, Order=0-3, MinObjects=0, CPUs=4, Nodes=1
Jun 18 11:59:55 m5C710DECF340 kernel: [01/01/1970 00:00:00.0000] Hierarchical RCU implementation.
Jun 18 11:59:55 m5C710DECF340 kernel: [01/01/1970 00:00:00.0000] NR_IRQS:16 nr_irqs:16 16
Jun 18 11:59:55 m5C710DECF340 kernel: [01/01/1970 00:00:00.0000] Architected cp15 timer(s) running at 50.00MHz (phys).
Jun 18 11:59:55 m5C710DECF340 kernel: [01/01/1970 00:00:00.0000] clocksource arch_sys_counter: mask: 0xffffffffffffff max_cycles: 0xb8812736b, max_idle_ns: 440795202655 ns
Jun 18 11:59:55 m5C710DECF340 kernel: [01/01/1970 00:00:00.0000] sched_clock: 56 bits at 50MHz, resolution 20ns, wraps every 4398046511100ns
Jun 18 11:59:55 m5C710DECF340 kernel: [01/01/1970 00:00:00.0000] Switching to timer-based delay loop, resolution 20ns
Jun 18 11:59:55 m5C710DECF340 kernel: [01/01/1970 00:00:00.0000] BRCM Legacy Drivers' Helper, all legacy drivers' IO memories/interrupts should be remapped here
Jun 18 11:59:55 m5C710DECF340 kernel: [01/01/1970 00:00:00.0000]      Remapping interrupts...
Jun 18 11:59:55 m5C710DECF340 kernel: [01/01/1970 00:00:00.0000]              hwirq      virq
Jun 18 11:59:55 m5C710DECF340 kernel: [01/01/1970 00:00:00.0000]                60        20
Jun 18 11:59:55 m5C710DECF340 kernel: [01/01/1970 00:00:00.0000]                61        21
Jun 18 11:59:55 m5C710DECF340 kernel: [01/01/1970 00:00:00.0000]                43        22
Jun 18 11:59:55 m5C710DECF340 kernel: [01/01/1970 00:00:00.0000]                44        23
Jun 18 11:59:55 m5C710DECF340 kernel: [01/01/1970 00:00:00.0000]                45        24
Jun 18 11:59:55 m5C710DECF340 kernel: [01/01/1970 00:00:00.0000]                46        25
Jun 18 11:59:55 m5C710DECF340 kernel: [01/01/1970 00:00:00.0000]                66        26
Jun 18 11:59:55 m5C710DECF340 kernel: [01/01/1970 00:00:00.0000]               110        27
Jun 18 11:59:55 m5C710DECF340 kernel: [01/01/1970 00:00:00.0000]                69        28
Jun 18 11:59:55 m5C710DECF340 kernel: [01/01/1970 00:00:00.0000]               152        29
Jun 18 11:59:55 m5C710DECF340 kernel: [01/01/1970 00:00:00.0000]               153        30
Jun 18 11:59:55 m5C710DECF340 kernel: [01/01/1970 00:00:00.0000]               154        31
Jun 18 11:59:55 m5C710DECF340 kernel: [01/01/1970 00:00:00.0000]               155        32
Jun 18 11:59:55 m5C710DECF340 kernel: [01/01/1970 00:00:00.0000]               156        33
Jun 18 11:59:55 m5C710DECF340 kernel: [01/01/1970 00:00:00.0000]               157        34
Jun 18 11:59:55 m5C710DECF340 kernel: [01/01/1970 00:00:00.0000]               158        35
Jun 18 11:59:55 m5C710DECF340 kernel: [01/01/1970 00:00:00.0000]               159        36
Jun 18 11:59:55 m5C710DECF340 kernel: [01/01/1970 00:00:00.0000]                78        37
Jun 18 11:59:55 m5C710DECF340 kernel: [01/01/1970 00:00:00.0000]                79        38
Jun 18 11:59:55 m5C710DECF340 kernel: [01/01/1970 00:00:00.0000]                80        39
Jun 18 11:59:55 m5C710DECF340 kernel: [01/01/1970 00:00:00.0000]                81        40
Jun 18 11:59:55 m5C710DECF340 kernel: [01/01/1970 00:00:00.0000]                82        41
Jun 18 11:59:55 m5C710DECF340 kernel: [01/01/1970 00:00:00.0000]                83        42
Jun 18 11:59:55 m5C710DECF340 kernel: [01/01/1970 00:00:00.0000]                84        43
Jun 18 11:59:55 m5C710DECF340 kernel: [01/01/1970 00:00:00.0000]                85        44
Jun 18 11:59:55 m5C710DECF340 kernel: [01/01/1970 00:00:00.0000]               104        45
Jun 18 11:59:55 m5C710DECF340 kernel: [01/01/1970 00:00:00.0000]               105        46
Jun 18 11:59:55 m5C710DECF340 kernel: [01/01/1970 00:00:00.0000]               106        47
Jun 18 11:59:55 m5C710DECF340 kernel: [01/01/1970 00:00:00.0000]               128        48
Jun 18 11:59:55 m5C710DECF340 kernel: [01/01/1970 00:00:00.0000]               129        49
Jun 18 11:59:55 m5C710DECF340 kernel: [01/01/1970 00:00:00.0000]               130        50
Jun 18 11:59:55 m5C710DECF340 kernel: [01/01/1970 00:00:00.0000]               131        51
Jun 18 11:59:55 m5C710DECF340 kernel: [01/01/1970 00:00:00.0000]               132        52
Jun 18 11:59:55 m5C710DECF340 kernel: [01/01/1970 00:00:00.0000]               133        53
Jun 18 11:59:55 m5C710DECF340 kernel: [01/01/1970 00:00:00.0000]               134        54
Jun 18 11:59:55 m5C710DECF340 kernel: [01/01/1970 00:00:00.0000]               135        55
Jun 18 11:59:55 m5C710DECF340 kernel: [01/01/1970 00:00:00.0000]               136        56
Jun 18 11:59:55 m5C710DECF340 kernel: [01/01/1970 00:00:00.0000]               137        57
Jun 18 11:59:55 m5C710DECF340 kernel: [01/01/1970 00:00:00.0000]               138        58
Jun 18 11:59:55 m5C710DECF340 kernel: [01/01/1970 00:00:00.0000]               139        59
Jun 18 11:59:55 m5C710DECF340 kernel: [01/01/1970 00:00:00.0000]               148        60
Jun 18 11:59:55 m5C710DECF340 kernel: [01/01/1970 00:00:00.0000]      Remapping IO memories...
Jun 18 11:59:55 m5C710DECF340 kernel: [01/01/1970 00:00:00.0000]              phys              virt          size
Jun 18 11:59:55 m5C710DECF340 kernel: [01/01/1970 00:00:00.0000]        0000000080180000  00000000f0040000  00024000
Jun 18 11:59:55 m5C710DECF340 kernel: [01/01/1970 00:00:00.0000]        0000000080200000  00000000f0400000  00200000
Jun 18 11:59:55 m5C710DECF340 kernel: [01/01/1970 00:00:00.0000]        00000000ff800000  00000000f0020000  00013000
Jun 18 11:59:55 m5C710DECF340 kernel: [01/01/1970 00:00:00.0000]        00000000ff810000  00000000f0080000  0004b000
Jun 18 11:59:55 m5C710DECF340 kernel: [01/01/1970 00:00:00.0000]        00000000ffe00000  00000000f0200000  00100000
Jun 18 11:59:55 m5C710DECF340 kernel: [01/01/1970 00:00:00.0000]        00000000ff860000  00000000f0008000  00002000
Jun 18 11:59:55 m5C710DECF340 kernel: [01/01/1970 00:00:00.0000]        0000000083010a00  00000000f0002a00  00000100
Jun 18 11:59:55 m5C710DECF340 kernel: [01/01/1970 00:00:00.0000]        000000008000c000  00000000f0010000  00003fff
Jun 18 11:59:55 m5C710DECF340 kernel: [01/01/1970 00:00:00.0000]        0000000083010000  00000000f000c000  00001000
Jun 18 11:59:55 m5C710DECF340 kernel: [01/01/1970 00:00:00.0000]        0000000083018000  00000000f000e000  00001000
Jun 18 11:59:55 m5C710DECF340 kernel: [01/01/1970 00:00:00.0000]        0000000083020000  00000000f0016000  00001000
Jun 18 11:59:55 m5C710DECF340 kernel: [01/01/1970 00:00:00.0000]        0000000083028000  00000000f0018000  00001000
Jun 18 11:59:55 m5C710DECF340 kernel: [01/01/1970 00:00:00.0000]        0000000083030000  00000000f001a000  00001000
Jun 18 11:59:55 m5C710DECF340 kernel: [01/01/1970 00:00:00.0000]        0000000083038000  00000000f001c000  00001000
Jun 18 11:59:55 m5C710DECF340 kernel: [01/01/1970 00:00:00.0000]        0000000083040000  00000000f001e000  00001000
Jun 18 11:59:55 m5C710DECF340 kernel: [01/01/1970 00:00:00.0000]        0000000083050000  00000000f0034000  00001000
Jun 18 11:59:55 m5C710DECF340 kernel: [01/01/1970 00:00:00.0000]        0000000083058000  00000000f0036000  00001000
Jun 18 11:59:55 m5C710DECF340 kernel: [01/01/1970 00:00:00.0000]        0000000083048000  00000000f0038000  00001000
Jun 18 11:59:55 m5C710DECF340 kernel: [01/01/1970 00:00:00.0000]        00000000810a0000  00000000f003a000  00001000
Jun 18 11:59:55 m5C710DECF340 kernel: [01/01/1970 00:00:00.0000]        0000000081060000  00000000f003c000  00003000
Jun 18 11:59:55 m5C710DECF340 kernel: [01/01/1970 00:00:00.0000]        00000000ffff0000  00000000f0066000  00001000
Jun 18 11:59:55 m5C710DECF340 kernel: [01/01/1970 00:00:00.0000]        0000000083000000  00000000f0068000  00001000
Jun 18 11:59:55 m5C710DECF340 kernel: [01/01/1970 00:00:00.0000]        000000008306c000  00000000f006a000  00001000
Jun 18 11:59:55 m5C710DECF340 kernel: [01/01/1970 00:00:00.0000]        0000000080400000  00000000f00e0000  00013000
Jun 18 11:59:55 m5C710DECF340 kernel: [01/01/1970 00:00:00.0000]        0000000080500000  00000000f0100000  00013000
Jun 18 11:59:55 m5C710DECF340 kernel: [01/01/1970 00:00:00.0000]        0000000081100000  00000000f0700000  00091000
Jun 18 11:59:55 m5C710DECF340 kernel: [01/01/1970 00:00:00.0000] Calibrating delay loop (skipped), value calculated using timer frequency.. 100.00 BogoMIPS (lpj=50000)
Jun 18 11:59:55 m5C710DECF340 kernel: [01/01/1970 00:00:00.0000] pid_max: default: 32768 minimum: 301
Jun 18 11:59:55 m5C710DECF340 kernel: [01/01/1970 00:00:00.0010] Security Framework initialized
Jun 18 11:59:55 m5C710DECF340 kernel: [01/01/1970 00:00:00.0010] SELinux:  Initializing.
Jun 18 11:59:55 m5C710DECF340 kernel: [01/01/1970 00:00:00.0010] SELinux:  Starting in permissive mode
Jun 18 11:59:55 m5C710DECF340 kernel: [01/01/1970 00:00:00.0010] Mount-cache hash table entries: 2048 (order: 1, 8192 bytes)
Jun 18 11:59:55 m5C710DECF340 kernel: [01/01/1970 00:00:00.0010] Mountpoint-cache hash table entries: 2048 (order: 1, 8192 bytes)
Jun 18 11:59:55 m5C710DECF340 kernel: [01/01/1970 00:00:00.0010] --Kernel Config--
Jun 18 11:59:55 m5C710DECF340 kernel: [01/01/1970 00:00:00.0010]   SMP=1
Jun 18 11:59:55 m5C710DECF340 kernel: [01/01/1970 00:00:00.0010]   PREEMPT=0
Jun 18 11:59:55 m5C710DECF340 kernel: [01/01/1970 00:00:00.0010]   DEBUG_SPINLOCK=0
Jun 18 11:59:55 m5C710DECF340 kernel: [01/01/1970 00:00:00.0010]   DEBUG_MUTEXES=0
Jun 18 11:59:55 m5C710DECF340 kernel: [01/01/1970 00:00:00.0010] Initializing cgroup subsys blkio
Jun 18 11:59:55 m5C710DECF340 kernel: [01/01/1970 00:00:00.0010] Initializing cgroup subsys memory
Jun 18 11:59:55 m5C710DECF340 kernel: [01/01/1970 00:00:00.0010] Initializing cgroup subsys devices
Jun 18 11:59:55 m5C710DECF340 kernel: [01/01/1970 00:00:00.0010] Initializing cgroup subsys freezer
Jun 18 11:59:55 m5C710DECF340 kernel: [01/01/1970 00:00:00.0010] Initializing cgroup subsys perf_event
Jun 18 11:59:55 m5C710DECF340 kernel: [01/01/1970 00:00:00.0010] CPU: Testing write buffer coherency: ok
Jun 18 11:59:55 m5C710DECF340 kernel: [01/01/1970 00:00:00.0020] Setting up static identity map for 0x100000 - 0x100034
Jun 18 11:59:55 m5C710DECF340 kernel: [01/01/1970 00:00:00.0020] ***** Memory Size = 1073741824 Size in DTB = 1073741824*****
Jun 18 11:59:55 m5C710DECF340 kernel: [01/01/1970 00:00:00.0020]      Reserved memory mapping...
Jun 18 11:59:55 m5C710DECF340 kernel: [01/01/1970 00:00:00.0020]                 phys          virt       size
Jun 18 11:59:55 m5C710DECF340 kernel: [01/01/1970 00:00:00.0020] CCI hardware cache coherency enabled
Jun 18 11:59:55 m5C710DECF340 kernel: [01/01/1970 00:00:00.0020] pmc_init:PMC using DQM mode
Jun 18 11:59:55 m5C710DECF340 kernel: [01/01/1970 00:00:00.0030] Originally booted from SPI-NOR, now using NAND
Jun 18 11:59:55 m5C710DECF340 kernel: [01/01/1970 00:00:00.0060] Brought up 4 CPUs
Jun 18 11:59:55 m5C710DECF340 kernel: [01/01/1970 00:00:00.0060] SMP: Total of 4 processors activated (400.00 BogoMIPS).
Jun 18 11:59:55 m5C710DECF340 kernel: [01/01/1970 00:00:00.0060] CPU: All CPU(s) started in SVC mode.
Jun 18 11:59:55 m5C710DECF340 kernel: [01/01/1970 00:00:00.0060] devtmpfs: initialized
Jun 18 11:59:55 m5C710DECF340 kernel: [01/01/1970 00:00:00.0080] VFP support v0.3: implementor 41 architecture 2 part 30 variant 7 rev 5
Jun 18 11:59:55 m5C710DECF340 kernel: [01/01/1970 00:00:00.0080] clocksource jiffies: mask: 0xffffffff max_cycles: 0xffffffff, max_idle_ns: 1911260446275000 ns
Jun 18 11:59:55 m5C710DECF340 kernel: [01/01/1970 00:00:00.0080] futex hash table entries: 1024 (order: 4, 65536 bytes)
Jun 18 11:59:55 m5C710DECF340 kernel: [01/01/1970 00:00:00.0090] NET: Registered protocol family 16
Jun 18 11:59:55 m5C710DECF340 kernel: [01/01/1970 00:00:00.0100] DMA: preallocated 256 KiB pool for atomic coherent allocations
Jun 18 11:59:55 m5C710DECF340 kernel: [01/01/1970 00:00:00.0160] cpuidle: using governor ladder
Jun 18 11:59:55 m5C710DECF340 kernel: [01/01/1970 00:00:00.0220] cpuidle: using governor menu
Jun 18 11:59:55 m5C710DECF340 kernel: [01/01/1970 00:00:00.0230] hw-breakpoint: found 5 (+1 reserved) breakpoint and 4 watchpoint registers.
Jun 18 11:59:55 m5C710DECF340 kernel: [01/01/1970 00:00:00.0230] hw-breakpoint: maximum watchpoint size is 8 bytes.
Jun 18 11:59:55 m5C710DECF340 kernel: [01/01/1970 00:00:00.0230] Serial: AMBA PL011 UART driver
Jun 18 11:59:55 m5C710DECF340 kernel: [01/01/1970 00:00:00.0230] ff812000.serial: ttyAMA0 at MMIO 0xff812000 (irq = 65, base_baud = 0) is a PL011 rev3
Jun 18 11:59:55 m5C710DECF340 kernel: [01/01/1970 00:00:00.0230] console [ttyAMA0] enabled
Jun 18 11:59:55 m5C710DECF340 kernel: [01/01/1970 00:00:00.0230] bootconsole [earlycon0] disabled
Jun 18 11:59:55 m5C710DECF340 kernel: [01/01/1970 00:00:00.0230] buginf tty flushing thread started, ttyport=ee024000
Jun 18 11:59:55 m5C710DECF340 kernel: [01/01/1970 00:00:00.0240] ++++ Powering up USB blocks
Jun 18 11:59:55 m5C710DECF340 kernel: [01/01/1970 00:00:00.3670] Broadcom Logger v0.1
Jun 18 11:59:55 m5C710DECF340 kernel: [01/01/1970 00:00:00.3680] SCSI subsystem initialized
Jun 18 11:59:55 m5C710DECF340 kernel: [01/01/1970 00:00:00.3680] usbcore: registered new interface driver usbfs
Jun 18 11:59:55 m5C710DECF340 kernel: [01/01/1970 00:00:00.3680] usbcore: registered new interface driver hub
Jun 18 11:59:55 m5C710DECF340 kernel: [01/01/1970 00:00:00.3680] usbcore: registered new device driver usb
Jun 18 11:59:55 m5C710DECF340 kernel: [01/01/1970 00:00:00.3690] skb_free_task created successfully with start budget 256
Jun 18 11:59:55 m5C710DECF340 kernel: [01/01/1970 00:00:00.3690] \x1b[0;34mBLOG v3.0 Initialized\x1b[0m
Jun 18 11:59:55 m5C710DECF340 kernel: [01/01/1970 00:00:00.3690] BLOG Rule v1.0 Initialized
Jun 18 11:59:55 m5C710DECF340 kernel: [01/01/1970 00:00:00.3690] Broadcom IQoS v1.0 initialized
Jun 18 11:59:55 m5C710DECF340 kernel: [01/01/1970 00:00:00.3690] Broadcom GBPM v0.1 initialized
Jun 18 11:59:55 m5C710DECF340 kernel: [01/01/1970 00:00:00.3690] Switched to clocksource arch_sys_counter
Jun 18 11:59:55 m5C710DECF340 kernel: [01/01/1970 00:00:00.3690] NET: Registered protocol family 2
Jun 18 11:59:55 m5C710DECF340 kernel: [01/01/1970 00:00:00.3690] TCP established hash table entries: 8192 (order: 3, 32768 bytes)
Jun 18 11:59:55 m5C710DECF340 kernel: [01/01/1970 00:00:00.3690] TCP bind hash table entries: 8192 (order: 4, 65536 bytes)
Jun 18 11:59:55 m5C710DECF340 kernel: [01/01/1970 00:00:00.3690] TCP: Hash tables configured (established 8192 bind 8192)
Jun 18 11:59:55 m5C710DECF340 kernel: [01/01/1970 00:00:00.3710] UDP hash table entries: 512 (order: 2, 16384 bytes)
Jun 18 11:59:55 m5C710DECF340 kernel: [01/01/1970 00:00:00.3710] UDP-Lite hash table entries: 512 (order: 2, 16384 bytes)
Jun 18 11:59:55 m5C710DECF340 kernel: [01/01/1970 00:00:00.3710] NET: Registered protocol family 1
Jun 18 11:59:55 m5C710DECF340 kernel: [01/01/1970 00:00:00.3710] PCI: CLS 0 bytes, default 64
Jun 18 11:59:55 m5C710DECF340 kernel: [01/01/1970 00:00:00.3710] Trying to unpack rootfs image as initramfs...
Jun 18 11:59:55 m5C710DECF340 kernel: [01/01/1970 00:00:01.8230] Freeing initrd memory: 3708K
Jun 18 11:59:55 m5C710DECF340 kernel: [01/01/1970 00:00:01.8240] hw perfevents: enabled with armv7_cortex_a7 PMU driver, 5 counters available
Jun 18 11:59:55 m5C710DECF340 kernel: [01/01/1970 00:00:01.8260] Initialise system trusted keyring
Jun 18 11:59:55 m5C710DECF340 kernel: [01/01/1970 00:00:01.8260] audit: initializing netlink subsys (disabled)
Jun 18 11:59:55 m5C710DECF340 kernel: [01/01/1970 00:00:01.8330] squashfs: version 4.0 (2009/01/31) Phillip Lougher
Jun 18 11:59:55 m5C710DECF340 kernel: [01/01/1970 00:00:01.8330] jffs2: version 2.2. (NAND) (SUMMARY)  \xc2\xa9 2001-2006 Red Hat, Inc.
Jun 18 11:59:55 m5C710DECF340 kernel: [01/01/1970 00:00:01.8340] SELinux:  Registering netfilter hooks
Jun 18 11:59:55 m5C710DECF340 kernel: [01/01/1970 00:00:01.8540] Key type asymmetric registered
Jun 18 11:59:55 m5C710DECF340 kernel: [01/01/1970 00:00:01.8540] Asymmetric key parser 'x509' registered
Jun 18 11:59:55 m5C710DECF340 kernel: [01/01/1970 00:00:01.8540] Block layer SCSI generic (bsg) driver version 0.4 loaded (major 253)
Jun 18 11:59:55 m5C710DECF340 kernel: [01/01/1970 00:00:01.8540] io scheduler noop registered
Jun 18 11:59:55 m5C710DECF340 kernel: [01/01/1970 00:00:01.8540] io scheduler deadline registered
Jun 18 11:59:55 m5C710DECF340 kernel: [01/01/1970 00:00:01.8540] io scheduler cfq registered (default)
Jun 18 11:59:55 m5C710DECF340 kernel: [01/01/1970 00:00:01.8580] brd: module loaded
Jun 18 11:59:55 m5C710DECF340 kernel: [01/01/1970 00:00:01.8660] loop: module loaded
Jun 18 11:59:55 m5C710DECF340 kernel: [01/01/1970 00:00:01.8670] nand: device found, Manufacturer ID: 0x2c, Chip ID: 0xd3
Jun 18 11:59:55 m5C710DECF340 kernel: [01/01/1970 00:00:01.8670] nand: Micron MT29F8G08ABACAWP
Jun 18 11:59:55 m5C710DECF340 kernel: [01/01/1970 00:00:01.8670] nand: 1024 MiB, SLC, erase size: 256 KiB, page size: 4096, OOB size: 224
Jun 18 11:59:55 m5C710DECF340 kernel: [01/01/1970 00:00:01.8670] bcm63xx_nand ff801800.nand: Adjust timing_1 to 0x6532845b timing_2 to 0x00091e94
Jun 18 11:59:55 m5C710DECF340 kernel:  SUBSYSTEM=platform
Jun 18 11:59:55 m5C710DECF340 kernel:  DEVICE=+platform:ff801800.nand
Jun 18 11:59:55 m5C710DECF340 kernel: [01/01/1970 00:00:01.8670] bcm63xx_nand ff801800.nand: detected 1024MiB total, 256KiB blocks, 4KiB pages, 27B OOB, 8-bit, BCH-8
Jun 18 11:59:55 m5C710DECF340 kernel:  SUBSYSTEM=platform
Jun 18 11:59:55 m5C710DECF340 kernel:  DEVICE=+platform:ff801800.nand
Jun 18 11:59:55 m5C710DECF340 kernel: [01/01/1970 00:00:01.8680] Bad block table not found for chip 0
Jun 18 11:59:55 m5C710DECF340 kernel: [01/01/1970 00:00:01.8690] Bad block table not found for chip 0
Jun 18 11:59:55 m5C710DECF340 kernel: [01/01/1970 00:00:01.8690] Scanning device for bad blocks
Jun 18 11:59:55 m5C710DECF340 kernel: [01/01/1970 00:00:02.9750] Bad block table written to 0x00003ffc0000, version 0x01
Jun 18 11:59:55 m5C710DECF340 kernel: [01/01/1970 00:00:02.9770] Bad block table written to 0x00003ff80000, version 0x01
Jun 18 11:59:55 m5C710DECF340 kernel: [01/01/1970 00:00:02.9770] rootfs_ofs=0xffffffff, part1ofs=0x00000400, part2ofs=0x0007f200
Jun 18 11:59:55 m5C710DECF340 kernel: [01/01/1970 00:00:02.9770] Creating 3 MTD partitions on "brcmnand.0":
Jun 18 11:59:55 m5C710DECF340 kernel: [01/01/1970 00:00:02.9770] 0x000000000000-0x000000100000 : "nvram"
Jun 18 11:59:55 m5C710DECF340 kernel: [01/01/1970 00:00:02.9780] 0x000000100000-0x0000006c0000 : "oops"
Jun 18 11:59:55 m5C710DECF340 kernel: [01/01/1970 00:00:02.9790] 0x0000006c0000-0x000040000000 : "fs"
Jun 18 11:59:55 m5C710DECF340 kernel: [01/01/1970 00:00:02.9800] m25p80 spi1.0: mx25l6405d (8192 Kbytes)
Jun 18 11:59:55 m5C710DECF340 kernel:  SUBSYSTEM=spi
Jun 18 11:59:55 m5C710DECF340 kernel:  DEVICE=+spi:spi1.0
Jun 18 11:59:55 m5C710DECF340 kernel: [01/01/1970 00:00:02.9810] 12 ofpart partitions found on MTD device spi1.0
Jun 18 11:59:55 m5C710DECF340 kernel: [01/01/1970 00:00:02.9810] Creating 12 MTD partitions on "spi1.0":
Jun 18 11:59:55 m5C710DECF340 kernel: [01/01/1970 00:00:02.9810] 0x000000000000-0x000000020000 : "cfe"
Jun 18 11:59:55 m5C710DECF340 kernel: [01/01/1970 00:00:02.9810] 0x000000020000-0x000000040000 : "cfe_gold"
Jun 18 11:59:55 m5C710DECF340 kernel: [01/01/1970 00:00:02.9820] 0x000000040000-0x0000000a0000 : "shadow_bootloader"
Jun 18 11:59:55 m5C710DECF340 kernel: [01/01/1970 00:00:02.9820] 0x0000000a0000-0x000000100000 : "U-Boot"
Jun 18 11:59:55 m5C710DECF340 kernel: [01/01/1970 00:00:02.9830] 0x000000200000-0x000000300000 : "reserved"
Jun 18 11:59:55 m5C710DECF340 kernel: [01/01/1970 00:00:02.9840] 0x000000300000-0x000000370000 : "firmware"
Jun 18 11:59:55 m5C710DECF340 kernel: [01/01/1970 00:00:02.9840] 0x000000370000-0x000000390000 : "caldata"
Jun 18 11:59:55 m5C710DECF340 kernel: [01/01/1970 00:00:02.9850] 0x000000390000-0x0000003a0000 : "bootinfo"
Jun 18 11:59:55 m5C710DECF340 kernel: [01/01/1970 00:00:02.9850] 0x0000003a0000-0x0000003b0000 : "sharedenv"
Jun 18 11:59:55 m5C710DECF340 kernel: [01/01/1970 00:00:02.9860] 0x0000003b0000-0x0000003f0000 : "ios_pb"
Jun 18 11:59:55 m5C710DECF340 kernel: [01/01/1970 00:00:02.9860] 0x0000003f0000-0x0000003f2000 : "mfg_info"
Jun 18 11:59:55 m5C710DECF340 kernel: [01/01/1970 00:00:02.9870] 0x0000003f2000-0x0000003f4000 : "cookie"
Jun 18 11:59:55 m5C710DECF340 kernel: [01/01/1970 00:00:02.9890] tun: Universal TUN/TAP device driver, 1.6
Jun 18 11:59:55 m5C710DECF340 kernel: [01/01/1970 00:00:02.9890] tun: (C) 1999-2004 Max Krasnyansky <maxk@qualcomm.com>
Jun 18 11:59:55 m5C710DECF340 kernel: [01/01/1970 00:00:02.9890] PPP generic driver version 2.4.2
Jun 18 11:59:55 m5C710DECF340 kernel: [01/01/1970 00:00:02.9890] PPP BSD Compression module registered
Jun 18 11:59:55 m5C710DECF340 kernel: [01/01/1970 00:00:02.9890] PPP Deflate Compression module registered
Jun 18 11:59:55 m5C710DECF340 kernel: [01/01/1970 00:00:02.9890] NET: Registered protocol family 24
Jun 18 11:59:55 m5C710DECF340 kernel: [01/01/1970 00:00:02.9890] ehci_hcd: USB 2.0 'Enhanced' Host Controller (EHCI) Driver
Jun 18 11:59:55 m5C710DECF340 kernel: [01/01/1970 00:00:02.9890] ehci-pci: EHCI PCI platform driver
Jun 18 11:59:55 m5C710DECF340 kernel: [01/01/1970 00:00:02.9890] ehci-platform: EHCI generic platform driver
Jun 18 11:59:55 m5C710DECF340 kernel: [01/01/1970 00:00:02.9890] ehci-platform ehci-platform.0: EHCI Host Controller
Jun 18 11:59:55 m5C710DECF340 kernel:  SUBSYSTEM=platform
Jun 18 11:59:55 m5C710DECF340 kernel:  DEVICE=+platform:ehci-platform.0
Jun 18 11:59:55 m5C710DECF340 kernel: [01/01/1970 00:00:02.9890] ehci-platform ehci-platform.0: new USB bus registered, assigned bus number 1
Jun 18 11:59:55 m5C710DECF340 kernel:  SUBSYSTEM=platform
Jun 18 11:59:55 m5C710DECF340 kernel:  DEVICE=+platform:ehci-platform.0
Jun 18 11:59:55 m5C710DECF340 kernel: [01/01/1970 00:00:02.9890] ehci-platform ehci-platform.0: irq 46, io mem 0x8000c300
Jun 18 11:59:55 m5C710DECF340 kernel:  SUBSYSTEM=platform
Jun 18 11:59:55 m5C710DECF340 kernel:  DEVICE=+platform:ehci-platform.0
Jun 18 11:59:55 m5C710DECF340 kernel: [01/01/1970 00:00:02.9950] ehci-platform ehci-platform.0: USB 2.0 started, EHCI 1.00
Jun 18 11:59:55 m5C710DECF340 kernel:  SUBSYSTEM=platform
Jun 18 11:59:55 m5C710DECF340 kernel:  DEVICE=+platform:ehci-platform.0
Jun 18 11:59:55 m5C710DECF340 kernel: [01/01/1970 00:00:02.9950] hub 1-0:1.0: USB hub found
Jun 18 11:59:55 m5C710DECF340 kernel:  SUBSYSTEM=usb
Jun 18 11:59:55 m5C710DECF340 kernel:  DEVICE=+usb:1-0:1.0
Jun 18 11:59:55 m5C710DECF340 kernel: [01/01/1970 00:00:02.9950] hub 1-0:1.0: 1 port detected
Jun 18 11:59:55 m5C710DECF340 kernel:  SUBSYSTEM=usb
Jun 18 11:59:55 m5C710DECF340 kernel:  DEVICE=+usb:1-0:1.0
Jun 18 11:59:55 m5C710DECF340 kernel: [01/01/1970 00:00:02.9950] ehci-platform ehci-platform.1: EHCI Host Controller
Jun 18 11:59:55 m5C710DECF340 kernel:  SUBSYSTEM=platform
Jun 18 11:59:55 m5C710DECF340 kernel:  DEVICE=+platform:ehci-platform.1
Jun 18 11:59:55 m5C710DECF340 kernel: [01/01/1970 00:00:02.9950] ehci-platform ehci-platform.1: new USB bus registered, assigned bus number 2
Jun 18 11:59:55 m5C710DECF340 kernel:  SUBSYSTEM=platform
Jun 18 11:59:55 m5C710DECF340 kernel:  DEVICE=+platform:ehci-platform.1
Jun 18 11:59:55 m5C710DECF340 kernel: [01/01/1970 00:00:02.9950] ehci-platform ehci-platform.1: irq 46, io mem 0x8000c500
Jun 18 11:59:55 m5C710DECF340 kernel:  SUBSYSTEM=platform
Jun 18 11:59:55 m5C710DECF340 kernel:  DEVICE=+platform:ehci-platform.1
Jun 18 11:59:55 m5C710DECF340 kernel: [01/01/1970 00:00:03.0010] ehci-platform ehci-platform.1: USB 2.0 started, EHCI 1.00
Jun 18 11:59:55 m5C710DECF340 kernel:  SUBSYSTEM=platform
Jun 18 11:59:55 m5C710DECF340 kernel:  DEVICE=+platform:ehci-platform.1
Jun 18 11:59:55 m5C710DECF340 kernel: [01/01/1970 00:00:03.0010] hub 2-0:1.0: USB hub found
Jun 18 11:59:55 m5C710DECF340 kernel:  SUBSYSTEM=usb
Jun 18 11:59:55 m5C710DECF340 kernel:  DEVICE=+usb:2-0:1.0
Jun 18 11:59:55 m5C710DECF340 kernel: [01/01/1970 00:00:03.0010] hub 2-0:1.0: 1 port detected
Jun 18 11:59:55 m5C710DECF340 kernel:  SUBSYSTEM=usb
Jun 18 11:59:55 m5C710DECF340 kernel:  DEVICE=+usb:2-0:1.0
Jun 18 11:59:55 m5C710DECF340 kernel: [01/01/1970 00:00:03.0010] ohci_hcd: USB 1.1 'Open' Host Controller (OHCI) Driver
Jun 18 11:59:55 m5C710DECF340 kernel: [01/01/1970 00:00:03.0010] ohci-platform: OHCI generic platform driver
Jun 18 11:59:55 m5C710DECF340 kernel: [01/01/1970 00:00:03.0010] ohci-platform ohci-platform.0: Generic Platform OHCI controller
Jun 18 11:59:55 m5C710DECF340 kernel:  SUBSYSTEM=platform
Jun 18 11:59:55 m5C710DECF340 kernel:  DEVICE=+platform:ohci-platform.0
Jun 18 11:59:55 m5C710DECF340 kernel: [01/01/1970 00:00:03.0010] ohci-platform ohci-platform.0: new USB bus registered, assigned bus number 3
Jun 18 11:59:55 m5C710DECF340 kernel:  SUBSYSTEM=platform
Jun 18 11:59:55 m5C710DECF340 kernel:  DEVICE=+platform:ohci-platform.0
Jun 18 11:59:55 m5C710DECF340 kernel: [01/01/1970 00:00:03.0010] ohci-platform ohci-platform.0: irq 45, io mem 0x8000c400
Jun 18 11:59:55 m5C710DECF340 kernel:  SUBSYSTEM=platform
Jun 18 11:59:55 m5C710DECF340 kernel:  DEVICE=+platform:ohci-platform.0
Jun 18 11:59:55 m5C710DECF340 kernel: [01/01/1970 00:00:03.0560] hub 3-0:1.0: USB hub found
Jun 18 11:59:55 m5C710DECF340 kernel:  SUBSYSTEM=usb
Jun 18 11:59:55 m5C710DECF340 kernel:  DEVICE=+usb:3-0:1.0
Jun 18 11:59:55 m5C710DECF340 kernel: [01/01/1970 00:00:03.0560] hub 3-0:1.0: 1 port detected
Jun 18 11:59:55 m5C710DECF340 kernel:  SUBSYSTEM=usb
Jun 18 11:59:55 m5C710DECF340 kernel:  DEVICE=+usb:3-0:1.0
Jun 18 11:59:55 m5C710DECF340 kernel: [01/01/1970 00:00:03.0560] ohci-platform ohci-platform.1: Generic Platform OHCI controller
Jun 18 11:59:55 m5C710DECF340 kernel:  SUBSYSTEM=platform
Jun 18 11:59:55 m5C710DECF340 kernel:  DEVICE=+platform:ohci-platform.1
Jun 18 11:59:55 m5C710DECF340 kernel: [01/01/1970 00:00:03.0560] ohci-platform ohci-platform.1: new USB bus registered, assigned bus number 4
Jun 18 11:59:55 m5C710DECF340 kernel:  SUBSYSTEM=platform
Jun 18 11:59:55 m5C710DECF340 kernel:  DEVICE=+platform:ohci-platform.1
Jun 18 11:59:55 m5C710DECF340 kernel: [01/01/1970 00:00:03.0560] ohci-platform ohci-platform.1: irq 45, io mem 0x8000c600
Jun 18 11:59:55 m5C710DECF340 kernel:  SUBSYSTEM=platform
Jun 18 11:59:55 m5C710DECF340 kernel:  DEVICE=+platform:ohci-platform.1
Jun 18 11:59:55 m5C710DECF340 kernel: [01/01/1970 00:00:03.1110] hub 4-0:1.0: USB hub found
Jun 18 11:59:55 m5C710DECF340 kernel:  SUBSYSTEM=usb
Jun 18 11:59:55 m5C710DECF340 kernel:  DEVICE=+usb:4-0:1.0
Jun 18 11:59:55 m5C710DECF340 kernel: [01/01/1970 00:00:03.1110] hub 4-0:1.0: 1 port detected
Jun 18 11:59:55 m5C710DECF340 kernel:  SUBSYSTEM=usb
Jun 18 11:59:55 m5C710DECF340 kernel:  DEVICE=+usb:4-0:1.0
Jun 18 11:59:55 m5C710DECF340 kernel: [01/01/1970 00:00:03.1110] xhci-hcd xhci-hcd.0: xHCI Host Controller
Jun 18 11:59:55 m5C710DECF340 kernel:  SUBSYSTEM=platform
Jun 18 11:59:55 m5C710DECF340 kernel:  DEVICE=+platform:xhci-hcd.0
Jun 18 11:59:55 m5C710DECF340 kernel: [01/01/1970 00:00:03.1110] xhci-hcd xhci-hcd.0: new USB bus registered, assigned bus number 5
Jun 18 11:59:55 m5C710DECF340 kernel:  SUBSYSTEM=platform
Jun 18 11:59:55 m5C710DECF340 kernel:  DEVICE=+platform:xhci-hcd.0
Jun 18 11:59:55 m5C710DECF340 kernel: [01/01/1970 00:00:03.1120] xhci-hcd xhci-hcd.0: hcc params 0x0250f17d hci version 0x100 quirks 0x00010010
Jun 18 11:59:55 m5C710DECF340 kernel:  SUBSYSTEM=platform
Jun 18 11:59:55 m5C710DECF340 kernel:  DEVICE=+platform:xhci-hcd.0
Jun 18 11:59:55 m5C710DECF340 kernel: [01/01/1970 00:00:03.1120] xhci-hcd xhci-hcd.0: irq 47, io mem 0x8000d000
Jun 18 11:59:55 m5C710DECF340 kernel:  SUBSYSTEM=platform
Jun 18 11:59:55 m5C710DECF340 kernel:  DEVICE=+platform:xhci-hcd.0
Jun 18 11:59:55 m5C710DECF340 kernel: [01/01/1970 00:00:03.1120] hub 5-0:1.0: USB hub found
Jun 18 11:59:55 m5C710DECF340 kernel:  SUBSYSTEM=usb
Jun 18 11:59:55 m5C710DECF340 kernel:  DEVICE=+usb:5-0:1.0
Jun 18 11:59:55 m5C710DECF340 kernel: [01/01/1970 00:00:03.1120] hub 5-0:1.0: config failed, hub doesn't have any ports! (err -19)
Jun 18 11:59:55 m5C710DECF340 kernel:  SUBSYSTEM=usb
Jun 18 11:59:55 m5C710DECF340 kernel:  DEVICE=+usb:5-0:1.0
Jun 18 11:59:55 m5C710DECF340 kernel: [01/01/1970 00:00:03.2100] xhci-hcd xhci-hcd.0: xHCI Host Controller
Jun 18 11:59:55 m5C710DECF340 kernel:  SUBSYSTEM=platform
Jun 18 11:59:55 m5C710DECF340 kernel:  DEVICE=+platform:xhci-hcd.0
Jun 18 11:59:55 m5C710DECF340 kernel: [01/01/1970 00:00:03.2100] xhci-hcd xhci-hcd.0: new USB bus registered, assigned bus number 6
Jun 18 11:59:55 m5C710DECF340 kernel:  SUBSYSTEM=platform
Jun 18 11:59:55 m5C710DECF340 kernel:  DEVICE=+platform:xhci-hcd.0
Jun 18 11:59:55 m5C710DECF340 kernel: [01/01/1970 00:00:03.2110] hub 6-0:1.0: USB hub found
Jun 18 11:59:55 m5C710DECF340 kernel:  SUBSYSTEM=usb
Jun 18 11:59:55 m5C710DECF340 kernel:  DEVICE=+usb:6-0:1.0
Jun 18 11:59:55 m5C710DECF340 kernel: [01/01/1970 00:00:03.2110] hub 6-0:1.0: 1 port detected
Jun 18 11:59:55 m5C710DECF340 kernel:  SUBSYSTEM=usb
Jun 18 11:59:55 m5C710DECF340 kernel:  DEVICE=+usb:6-0:1.0
Jun 18 11:59:55 m5C710DECF340 kernel: [01/01/1970 00:00:03.2110] i2c /dev entries driver
Jun 18 11:59:55 m5C710DECF340 kernel: [01/01/1970 00:00:03.2110] bcm96xxx-wdt ff800480.watchdog: Broadcom BCM96xxx watchdog timer
Jun 18 11:59:55 m5C710DECF340 kernel:  SUBSYSTEM=platform
Jun 18 11:59:55 m5C710DECF340 kernel:  DEVICE=+platform:ff800480.watchdog
Jun 18 11:59:55 m5C710DECF340 kernel: [01/01/1970 00:00:03.2110] brcmboard registered
Jun 18 11:59:55 m5C710DECF340 kernel: [01/01/1970 00:00:03.2630] brcmboard: brcm_board_init entry
Jun 18 11:59:55 m5C710DECF340 kernel: [01/01/1970 00:00:03.2630] print_rst_status: Last RESET due to Unknown
Jun 18 11:59:55 m5C710DECF340 kernel: [01/01/1970 00:00:03.2630] print_rst_status: RESET reason: 0x00000000
Jun 18 11:59:55 m5C710DECF340 kernel: [01/01/1970 00:00:03.2630] DYING GASP IRQ Initialized and Enabled
Jun 18 11:59:55 m5C710DECF340 kernel: [01/01/1970 00:00:03.2630] map_hw_timer_interrupt,130: interrupt_id 22
Jun 18 11:59:55 m5C710DECF340 kernel: [01/01/1970 00:00:03.2630] map_hw_timer_interrupt,130: interrupt_id 23
Jun 18 11:59:55 m5C710DECF340 kernel: [01/01/1970 00:00:03.2630] map_hw_timer_interrupt,130: interrupt_id 24
Jun 18 11:59:55 m5C710DECF340 kernel: [01/01/1970 00:00:03.2630] map_hw_timer_interrupt,130: interrupt_id 25
Jun 18 11:59:55 m5C710DECF340 kernel: [01/01/1970 00:00:03.2630] Allocated EXT_TIMER number 3
Jun 18 11:59:55 m5C710DECF340 kernel: [01/01/1970 00:00:03.2630] Broadcom Timer Initialized
Jun 18 11:59:55 m5C710DECF340 kernel: [01/01/1970 00:00:03.2630] i2c-bcm63000 ff802100.i2c: Broadcom BCM96xxx I2C driver
Jun 18 11:59:55 m5C710DECF340 kernel:  SUBSYSTEM=platform
Jun 18 11:59:55 m5C710DECF340 kernel:  DEVICE=+platform:ff802100.i2c
Jun 18 11:59:55 m5C710DECF340 kernel: [01/01/1970 00:00:03.2640] \x0aOptical detection module loaded.
Jun 18 11:59:55 m5C710DECF340 kernel: [01/01/1970 00:00:03.2640] init procfs
Jun 18 11:59:55 m5C710DECF340 kernel: [01/01/1970 00:00:03.2640] Broadcom Ingress QoS Module  Char Driver v1.0 Registered<303>\x1b[0m
Jun 18 11:59:55 m5C710DECF340 kernel: [01/01/1970 00:00:03.2640] \x0aBroadcom Ingress QoS v1.0 initialized
Jun 18 11:59:55 m5C710DECF340 kernel: [01/01/1970 00:00:03.2640] BPM: tot_mem_size=1073741824B (1024MB), buf_mem_size <15%> =161061270B (153MB), num of buffers=59918, buf size=2688
Jun 18 11:59:55 m5C710DECF340 kernel: [01/01/1970 00:00:03.2640] Broadcom BPM Module Char Driver v0.1 Registered<304>\x1b[0m
Jun 18 11:59:55 m5C710DECF340 kernel: [01/01/1970 00:00:03.4140] \x1b[0;34m[NTC bpm] bpm_module_init: tot_mem_pool=2497 mem_idx:2497\x1b[0m
Jun 18 11:59:55 m5C710DECF340 kernel: [01/01/1970 00:00:03.4570] HS UART: Driver $Revision: 1.00 $
Jun 18 11:59:55 m5C710DECF340 kernel: [01/01/1970 00:00:03.4570] ttyH0 at MMIO 0xf0080400 (irq = 26, base_baud = 3125000) is a HS_UART
Jun 18 11:59:55 m5C710DECF340 kernel: [01/01/1970 00:00:03.4580] GACT probability NOT on
Jun 18 11:59:55 m5C710DECF340 kernel: [01/01/1970 00:00:03.4580] Mirror/redirect action on
Jun 18 11:59:55 m5C710DECF340 kernel: [01/01/1970 00:00:03.4580] u32 classifier
Jun 18 11:59:55 m5C710DECF340 kernel: [01/01/1970 00:00:03.4580]     input device check on
Jun 18 11:59:55 m5C710DECF340 kernel: [01/01/1970 00:00:03.4580]     Actions configured
Jun 18 11:59:55 m5C710DECF340 kernel: [01/01/1970 00:00:03.4580] Netfilter messages via NETLINK v0.30.
Jun 18 11:59:55 m5C710DECF340 kernel: [01/01/1970 00:00:03.4580] nf_conntrack version 0.5.0 (16384 buckets, 65536 max)
Jun 18 11:59:55 m5C710DECF340 kernel: [01/01/1970 00:00:03.4580] ctnetlink v0.93: registering with nfnetlink.
Jun 18 11:59:55 m5C710DECF340 kernel: [01/01/1970 00:00:03.4590] xt_time: kernel timezone is -0000
Jun 18 11:59:55 m5C710DECF340 kernel: [01/01/1970 00:00:03.4590] ip_tables: (C) 2000-2006 Netfilter Core Team
Jun 18 11:59:55 m5C710DECF340 kernel: [01/01/1970 00:00:03.4600] NET: Registered protocol family 10
Jun 18 11:59:55 m5C710DECF340 kernel: [01/01/1970 00:00:03.4610] ip6_tables: (C) 2000-2006 Netfilter Core Team
Jun 18 11:59:55 m5C710DECF340 kernel: [01/01/1970 00:00:03.4610] sit: IPv6 over IPv4 tunneling driver
Jun 18 11:59:55 m5C710DECF340 kernel: [01/01/1970 00:00:03.4620] ip6_gre: GRE over IPv6 tunneling driver
Jun 18 11:59:55 m5C710DECF340 kernel: [01/01/1970 00:00:03.4620] NET: Registered protocol family 17
Jun 18 11:59:55 m5C710DECF340 kernel: [01/01/1970 00:00:03.4620] NET: Registered protocol family 15
Jun 18 11:59:55 m5C710DECF340 kernel: [01/01/1970 00:00:03.4620] bridge: automatic filtering via arp/ip/ip6tables has been deprecated. Update your scripts to load br_netfilter if you need this.
Jun 18 11:59:55 m5C710DECF340 kernel: [01/01/1970 00:00:03.4620] Ebtables v2.0 registered
Jun 18 11:59:55 m5C710DECF340 kernel: [01/01/1970 00:00:03.4630] ebt_time registered
Jun 18 11:59:55 m5C710DECF340 kernel: [01/01/1970 00:00:03.4630] ebt_blog registered
Jun 18 11:59:55 m5C710DECF340 kernel: [01/01/1970 00:00:03.4630] ebt_ftos registered
Jun 18 11:59:55 m5C710DECF340 kernel: [01/01/1970 00:00:03.4630] ebt_wmm_mark registered
Jun 18 11:59:55 m5C710DECF340 kernel: [01/01/1970 00:00:03.4630] ebt_qos_map registered
Jun 18 11:59:55 m5C710DECF340 kernel: [01/01/1970 00:00:03.4630] L2TP core: blog_l2tp_rcv_check 
Jun 18 11:59:55 m5C710DECF340 kernel: [01/01/1970 00:00:03.4630] l2tp_core: L2TP core driver, V2.0
Jun 18 11:59:55 m5C710DECF340 kernel: [01/01/1970 00:00:03.4630] l2tp_ppp: PPPoL2TP kernel driver, V2.0
Jun 18 11:59:55 m5C710DECF340 kernel: [01/01/1970 00:00:03.4630] 8021q: 802.1Q VLAN Support v1.8
Jun 18 11:59:55 m5C710DECF340 kernel: [01/01/1970 00:00:03.4630] tipc: Activated (version 2.0.0)
Jun 18 11:59:55 m5C710DECF340 kernel: [01/01/1970 00:00:03.4630] NET: Registered protocol family 30
Jun 18 11:59:55 m5C710DECF340 kernel: [01/01/1970 00:00:03.4630] tipc: Started in single node mode
Jun 18 11:59:55 m5C710DECF340 kernel: [01/01/1970 00:00:03.4630] Registering SWP/SWPB emulation handler
Jun 18 11:59:55 m5C710DECF340 kernel: [01/01/1970 00:00:03.4640] Loading compiled-in X.509 certificates
Jun 18 11:59:55 m5C710DECF340 kernel: [01/01/1970 00:00:03.4680] Loaded X.509 cert 'Build time autogenerated kernel key: f33ecb35c1d110cafc56283a557fd3b190f0f51d'
Jun 18 11:59:55 m5C710DECF340 kernel: [01/01/1970 00:00:03.4690] ubi0: attaching mtd2
Jun 18 11:59:55 m5C710DECF340 kernel: [01/01/1970 00:00:06.4760] ubi0: scanning is finished
Jun 18 11:59:55 m5C710DECF340 kernel: [01/01/1970 00:00:06.4840] ubi0: attached mtd2 (name "fs", size 1017 MiB)
Jun 18 11:59:55 m5C710DECF340 kernel: [01/01/1970 00:00:06.4840] ubi0: PEB size: 262144 bytes (256 KiB), LEB size: 253952 bytes
Jun 18 11:59:55 m5C710DECF340 kernel: [01/01/1970 00:00:06.4840] ubi0: min./max. I/O unit sizes: 4096/4096, sub-page size 4096
Jun 18 11:59:55 m5C710DECF340 kernel: [01/01/1970 00:00:06.4840] ubi0: VID header offset: 4096 (aligned 4096), data offset: 8192
Jun 18 11:59:55 m5C710DECF340 kernel: [01/01/1970 00:00:06.4840] ubi0: good PEBs: 4065, bad PEBs: 4, corrupted PEBs: 0
Jun 18 11:59:55 m5C710DECF340 kernel: [01/01/1970 00:00:06.4840] ubi0: user volume: 3, internal volumes: 1, max. volumes count: 128
Jun 18 11:59:55 m5C710DECF340 kernel: [01/01/1970 00:00:06.4840] ubi0: max/mean erase counter: 99/68, WL threshold: 4096, image sequence number: 298153545
Jun 18 11:59:55 m5C710DECF340 kernel: [01/01/1970 00:00:06.4840] ubi0: available PEBs: 33, total reserved PEBs: 4032, PEBs reserved for bad PEB handling: 76
Jun 18 11:59:55 m5C710DECF340 kernel: [01/01/1970 00:00:06.4840] ubi0: background thread "ubi_bgt0d" started, PID 553
Jun 18 11:59:55 m5C710DECF340 kernel: [01/01/1970 00:00:06.4860] devtmpfs: mounted
Jun 18 11:59:55 m5C710DECF340 kernel: [01/01/1970 00:00:06.4880] Freeing unused kernel memory: 1024K
Jun 18 11:59:55 m5C710DECF340 kernel: [01/01/1970 00:00:06.5020] random: init urandom read with 0 bits of entropy available
Jun 18 11:59:55 m5C710DECF340 kernel: [01/01/1970 00:00:07.5120] UBIFS (ubi0:0): background thread "ubifs_bgt0_0" started, PID 555
Jun 18 11:59:55 m5C710DECF340 kernel: [01/01/1970 00:00:07.5460] UBIFS (ubi0:0): recovery needed
Jun 18 11:59:55 m5C710DECF340 kernel: [01/01/1970 00:00:07.6480] UBIFS (ubi0:0): recovery completed
Jun 18 11:59:55 m5C710DECF340 kernel: [01/01/1970 00:00:07.6480] UBIFS (ubi0:0): UBIFS: mounted UBI device 0, volume 0, name "part1"
Jun 18 11:59:55 m5C710DECF340 kernel: [01/01/1970 00:00:07.6480] UBIFS (ubi0:0): LEB size: 253952 bytes (248 KiB), min./max. I/O unit sizes: 4096 bytes/4096 bytes
Jun 18 11:59:55 m5C710DECF340 kernel: [01/01/1970 00:00:07.6480] UBIFS (ubi0:0): FS size: 416481280 bytes (397 MiB, 1640 LEBs), journal size 9404416 bytes (8 MiB, 38 LEBs)
Jun 18 11:59:55 m5C710DECF340 kernel: [01/01/1970 00:00:07.6480] UBIFS (ubi0:0): reserved for root: 0 bytes (0 KiB)
Jun 18 11:59:55 m5C710DECF340 kernel: [01/01/1970 00:00:07.6480] UBIFS (ubi0:0): media format: w4/r0 (latest is w4/r0), UUID 4F1A8C42-EBFE-4DFC-AF16-FEDFE97AB392, small LPT model
Jun 18 11:59:55 m5C710DECF340 kernel: [01/01/1970 00:00:35.4020] UBIFS (ubi0:0): un-mount UBI device 0
Jun 18 11:59:55 m5C710DECF340 kernel: [01/01/1970 00:00:35.4020] UBIFS (ubi0:0): background thread "ubifs_bgt0_0" stops
Jun 18 11:59:55 m5C710DECF340 kernel: [01/01/1970 00:00:36.3880] SELinux: 32768 avtab hash slots, 121557 rules.
Jun 18 11:59:55 m5C710DECF340 kernel: [01/01/1970 00:00:36.4370] SELinux: 32768 avtab hash slots, 121557 rules.
Jun 18 11:59:55 m5C710DECF340 kernel: [01/01/1970 00:00:36.4580] SELinux:  6 users, 176 roles, 4823 types, 317 bools, 1 sens, 1024 cats
Jun 18 11:59:55 m5C710DECF340 kernel: [01/01/1970 00:00:36.4580] SELinux:  129 classes, 121557 rules
Jun 18 11:59:55 m5C710DECF340 kernel: [01/01/1970 00:00:36.4710] SELinux:  Completing initialization.
Jun 18 11:59:55 m5C710DECF340 kernel: [01/01/1970 00:00:57.2830] SELinux: 32768 avtab hash slots, 121557 rules.
Jun 18 11:59:55 m5C710DECF340 kernel: [01/01/1970 00:00:57.3320] SELinux: 32768 avtab hash slots, 121557 rules.
Jun 18 11:59:55 m5C710DECF340 kernel: [01/01/1970 00:00:57.3530] SELinux:  6 users, 176 roles, 4823 types, 317 bools, 1 sens, 1024 cats
Jun 18 11:59:55 m5C710DECF340 kernel: [01/01/1970 00:00:57.3530] SELinux:  129 classes, 121557 rules
Jun 18 11:59:55 m5C710DECF340 kernel: [01/01/1970 00:00:58.3770] UBIFS (ubi0:0): background thread "ubifs_bgt0_0" started, PID 759
Jun 18 11:59:55 m5C710DECF340 kernel: [01/01/1970 00:00:58.4560] UBIFS (ubi0:0): UBIFS: mounted UBI device 0, volume 0, name "part1"
Jun 18 11:59:55 m5C710DECF340 kernel: [01/01/1970 00:00:58.4560] UBIFS (ubi0:0): LEB size: 253952 bytes (248 KiB), min./max. I/O unit sizes: 4096 bytes/4096 bytes
Jun 18 11:59:55 m5C710DECF340 kernel: [01/01/1970 00:00:58.4560] UBIFS (ubi0:0): FS size: 416481280 bytes (397 MiB, 1640 LEBs), journal size 9404416 bytes (8 MiB, 38 LEBs)
Jun 18 11:59:55 m5C710DECF340 kernel: [01/01/1970 00:00:58.4560] UBIFS (ubi0:0): reserved for root: 0 bytes (0 KiB)
Jun 18 11:59:55 m5C710DECF340 kernel: [01/01/1970 00:00:58.4560] UBIFS (ubi0:0): media format: w4/r0 (latest is w4/r0), UUID 4F1A8C42-EBFE-4DFC-AF16-FEDFE97AB392, small LPT model
Jun 18 11:59:55 m5C710DECF340 kernel: [01/01/1970 00:00:58.4870] UBIFS (ubi0:1): background thread "ubifs_bgt0_1" started, PID 767
Jun 18 11:59:55 m5C710DECF340 kernel: [01/01/1970 00:00:58.5220] UBIFS (ubi0:1): recovery needed
Jun 18 11:59:55 m5C710DECF340 kernel: [01/01/1970 00:00:58.7060] UBIFS (ubi0:1): recovery completed
Jun 18 11:59:55 m5C710DECF340 kernel: [01/01/1970 00:00:58.7060] UBIFS (ubi0:1): UBIFS: mounted UBI device 0, volume 1, name "part2"
Jun 18 11:59:55 m5C710DECF340 kernel: [01/01/1970 00:00:58.7060] UBIFS (ubi0:1): LEB size: 253952 bytes (248 KiB), min./max. I/O unit sizes: 4096 bytes/4096 bytes
Jun 18 11:59:55 m5C710DECF340 kernel: [01/01/1970 00:00:58.7060] UBIFS (ubi0:1): FS size: 581550080 bytes (554 MiB, 2290 LEBs), journal size 9404416 bytes (8 MiB, 38 LEBs)
Jun 18 11:59:55 m5C710DECF340 kernel: [01/01/1970 00:00:58.7060] UBIFS (ubi0:1): reserved for root: 0 bytes (0 KiB)
Jun 18 11:59:55 m5C710DECF340 kernel: [01/01/1970 00:00:58.7060] UBIFS (ubi0:1): media format: w4/r0 (latest is w4/r0), UUID B02E6DF5-5046-48E7-8926-548A4E0253DA, small LPT model
Jun 18 11:59:55 m5C710DECF340 kernel: [06/18/2026 11:58:51.2430] mbedtls: loading out-of-tree module taints kernel.
Jun 18 11:59:55 m5C710DECF340 kernel: [06/18/2026 11:58:51.2800] otp: module license 'proprietary' taints kernel.
Jun 18 11:59:55 m5C710DECF340 kernel: [06/18/2026 11:58:51.2800] Disabling lock debugging due to kernel taint
Jun 18 11:59:55 m5C710DECF340 kernel: [06/18/2026 11:58:53.9490] Bind blog_notify_evt_enqueue_fn[<be1b8fb8>]
Jun 18 11:59:55 m5C710DECF340 kernel: [06/18/2026 11:58:54.0250] max_ent = 16384 intvl_msec = 10000 num_slices = 2000 num_ent = 9 period_msec = 5 
Jun 18 11:59:55 m5C710DECF340 kernel: [06/18/2026 11:58:54.1400] NBUFF v1.0 Initialized
Jun 18 11:59:55 m5C710DECF340 kernel: [06/18/2026 11:58:54.2150] \x1b[0;36;44mTotal # of labels = 68\x1b[0m
Jun 18 11:59:55 m5C710DECF340 kernel: [06/18/2026 11:58:54.2830] \x1b[0;36;44mInitialized fcache state\x1b[0m
Jun 18 11:59:55 m5C710DECF340 kernel: [06/18/2026 11:58:54.3530] \x09Pkt HW acceleration is disabled/unavailable.
Jun 18 11:59:55 m5C710DECF340 kernel: [06/18/2026 11:58:54.4300] \x1b[0;36;44mBroadcom Packet Flow Cache  Char Driver v4.0 Registered<302>\x1b[0m
Jun 18 11:59:55 m5C710DECF340 kernel: [06/18/2026 11:58:54.5370] \x09Pkt HW acceleration is disabled/unavailable.
Jun 18 11:59:55 m5C710DECF340 kernel: [06/18/2026 11:58:54.6150] \x1b[0;35m[FHW]  pktDbgLvl[0xbe1d0644]=0\x1b[0m
Jun 18 11:59:55 m5C710DECF340 kernel: [06/18/2026 11:58:54.6880] \x1b[0;34m[FHW]  fhw_construct: \x1b[0m
Jun 18 11:59:55 m5C710DECF340 kernel: [06/18/2026 11:58:54.8230] Broadcom Command List Driver v1.0
Jun 18 11:59:55 m5C710DECF340 kernel: [06/18/2026 11:58:54.9560] Open archer Netdevice
Jun 18 11:59:55 m5C710DECF340 kernel: [06/18/2026 11:58:55.0140] Archer DS DPI Initialized
Jun 18 11:59:55 m5C710DECF340 kernel: [06/18/2026 11:58:55.0710] Archer US DPI Initialized
Jun 18 11:59:55 m5C710DECF340 kernel: [06/18/2026 11:58:55.1280] Sysport 0 WOL IRQ 53
Jun 18 11:59:55 m5C710DECF340 kernel: [06/18/2026 11:58:55.1790] Sysport 1 WOL IRQ 59
Jun 18 11:59:55 m5C710DECF340 kernel: [06/18/2026 11:58:55.2300] SYSPORT Driver Constructed (Budget: 128, Coalescing: 826828 nsec)
Jun 18 11:59:55 m5C710DECF340 kernel: [06/18/2026 11:58:55.3290] Flow Table (288, 72): f1dc0000, 4718592 bytes
Jun 18 11:59:55 m5C710DECF340 kernel: [06/18/2026 11:58:55.4110] Flow Info Table (44, 65536): f2244000, 2883584 bytes
Jun 18 11:59:55 m5C710DECF340 kernel: [06/18/2026 11:58:55.5010] Command List Table (128): virt 0xdb200000, phys 0x1b200000, size 2097152 bytes
Jun 18 11:59:55 m5C710DECF340 kernel: [06/18/2026 11:58:55.6140] Command List Control Table (8): dac00000, 131072 bytes
Jun 18 11:59:55 m5C710DECF340 kernel: [06/18/2026 11:58:55.7010] Sysport Classifier Initialized: Maximum 16384 flows
Jun 18 11:59:55 m5C710DECF340 kernel: [06/18/2026 11:58:55.7860] \x1b[0;34m[NTC bitpool] idx_pool_init: 551:FHW[0]:Create Index Pool_Size = 16384\x1b[0m
Jun 18 11:59:55 m5C710DECF340 kernel: [06/18/2026 11:58:55.9030] Retrieve num_fhw_path=64
Jun 18 11:59:55 m5C710DECF340 kernel: [06/18/2026 11:58:55.9600] \x1b[0;36;44mBroadcom Archer Network Processor Char Driver v0.1 Registered <339>\x1b[0m
Jun 18 11:59:55 m5C710DECF340 kernel: [06/18/2026 11:58:56.0750] Archer TCP Pure ACK Enabled
Jun 18 11:59:55 m5C710DECF340 kernel: [06/18/2026 11:58:56.2190] SYSPORT Host Binding Successfull
Jun 18 11:59:55 m5C710DECF340 kernel: [06/18/2026 11:58:56.2830] logical_port 0, intf_index 0, phys_port 0 -> port_index 0, 8 queues
Jun 18 11:59:55 m5C710DECF340 kernel: [06/18/2026 11:58:56.3830] SYSPORT[0] = SWITCH_NONE
Jun 18 11:59:55 m5C710DECF340 kernel: [06/18/2026 11:58:56.4380] SYSPORT[1] = SWITCH_NONE
Jun 18 11:59:55 m5C710DECF340 kernel: [06/18/2026 11:58:56.4940] System Port Software TM Initialized
Jun 18 11:59:55 m5C710DECF340 kernel: [06/18/2026 11:58:56.5610] RXQ[0]: IRQ 48, CPU 3
Jun 18 11:59:55 m5C710DECF340 kernel: [06/18/2026 11:58:56.6140] CSB Initialized: 0xdacff000 (0xdacff000), size 64 (128)
Jun 18 11:59:55 m5C710DECF340 kernel: [06/18/2026 11:58:56.7020] Ports 1, TDMA Rings 8
Jun 18 11:59:55 m5C710DECF340 kernel: [06/18/2026 11:58:56.7540] Archer DMA Layer Initialized
Jun 18 11:59:55 m5C710DECF340 kernel: [06/18/2026 11:58:56.8140] Sysport Recycle Task: IRQ 49, CPU 3
Jun 18 11:59:55 m5C710DECF340 kernel: [06/18/2026 11:58:56.8810] System Port Software TM Initialized
Jun 18 11:59:55 m5C710DECF340 kernel: [06/18/2026 11:58:56.9470] RXQ[0]: IRQ 54, CPU 3
Jun 18 11:59:55 m5C710DECF340 kernel: [06/18/2026 11:58:57.0000] CSB Initialized: 0xdac7b000 (0xdac7b000), size 64 (128)
Jun 18 11:59:55 m5C710DECF340 kernel: [06/18/2026 11:58:57.0870] Ports 0, TDMA Rings 0
Jun 18 11:59:55 m5C710DECF340 kernel: [06/18/2026 11:58:57.1400] Archer DMA Layer Initialized
Jun 18 11:59:55 m5C710DECF340 kernel: [06/18/2026 11:58:57.1990] Sysport Recycle Task: IRQ 55, CPU 3
Jun 18 11:59:55 m5C710DECF340 kernel: [06/18/2026 11:58:57.2660] Sysport TM Enabled
Jun 18 11:59:55 m5C710DECF340 kernel: [06/18/2026 11:58:57.3150] dgasp: kerSysRegisterDyingGaspHandler: bcmsw registered 
Jun 18 11:59:55 m5C710DECF340 kernel: [06/18/2026 11:58:57.4630] pcie-vcore 86000000.pcie: PCI host bridge to bus 0000:01
Jun 18 11:59:55 m5C710DECF340 kernel:  SUBSYSTEM=platform
Jun 18 11:59:55 m5C710DECF340 kernel:  DEVICE=+platform:86000000.pcie
Jun 18 11:59:55 m5C710DECF340 kernel: [06/18/2026 11:58:57.4630] pci_bus 0000:01: root bus resource [mem 0x86000000-0x86ffffff]
Jun 18 11:59:55 m5C710DECF340 kernel:  SUBSYSTEM=pci_bus
Jun 18 11:59:55 m5C710DECF340 kernel:  DEVICE=+pci_bus:0000:01
Jun 18 11:59:55 m5C710DECF340 kernel: [06/18/2026 11:58:57.4630] pci_bus 0000:01: root bus resource [mem 0x85000000-0x85ffffff]
Jun 18 11:59:55 m5C710DECF340 kernel:  SUBSYSTEM=pci_bus
Jun 18 11:59:55 m5C710DECF340 kernel:  DEVICE=+pci_bus:0000:01
Jun 18 11:59:55 m5C710DECF340 kernel: [06/18/2026 11:58:57.4630] pci 0000:01:00.0: [14e4:f6ca] type 00 class 0x028000
Jun 18 11:59:55 m5C710DECF340 kernel:  SUBSYSTEM=pci
Jun 18 11:59:55 m5C710DECF340 kernel:  DEVICE=+pci:0000:01:00.0
Jun 18 11:59:55 m5C710DECF340 kernel: [06/18/2026 11:58:57.4630] pci 0000:01:00.0: reg 0x10: [mem 0x86000000-0x86ffffff 64bit]
Jun 18 11:59:55 m5C710DECF340 kernel:  SUBSYSTEM=pci
Jun 18 11:59:55 m5C710DECF340 kernel:  DEVICE=+pci:0000:01:00.0
Jun 18 11:59:55 m5C710DECF340 kernel: [06/18/2026 11:58:57.4640] pci 0000:01:00.0: supports D1 D2
Jun 18 11:59:55 m5C710DECF340 kernel:  SUBSYSTEM=pci
Jun 18 11:59:55 m5C710DECF340 kernel:  DEVICE=+pci:0000:01:00.0
Jun 18 11:59:55 m5C710DECF340 kernel: [06/18/2026 11:58:57.4640] pci 0000:01:01.0: [14e4:f6ca] type 00 class 0x028000
Jun 18 11:59:55 m5C710DECF340 kernel:  SUBSYSTEM=pci
Jun 18 11:59:55 m5C710DECF340 kernel:  DEVICE=+pci:0000:01:01.0
Jun 18 11:59:55 m5C710DECF340 kernel: [06/18/2026 11:58:57.4640] pci 0000:01:01.0: reg 0x10: [mem 0x85000000-0x85ffffff 64bit]
Jun 18 11:59:55 m5C710DECF340 kernel:  SUBSYSTEM=pci
Jun 18 11:59:55 m5C710DECF340 kernel:  DEVICE=+pci:0000:01:01.0
Jun 18 11:59:55 m5C710DECF340 kernel: [06/18/2026 11:58:57.4640] pci 0000:01:01.0: supports D1 D2
Jun 18 11:59:55 m5C710DECF340 kernel:  SUBSYSTEM=pci
Jun 18 11:59:55 m5C710DECF340 kernel:  DEVICE=+pci:0000:01:01.0
Jun 18 11:59:55 m5C710DECF340 kernel: [06/18/2026 11:58:57.4640] PCI: bus1: Fast back to back transfers disabled
Jun 18 11:59:55 m5C710DECF340 kernel: [06/18/2026 11:58:57.4640] pci 0000:01:00.0: BAR 0: assigned [mem 0x86000000-0x86ffffff 64bit]
Jun 18 11:59:55 m5C710DECF340 kernel:  SUBSYSTEM=pci
Jun 18 11:59:55 m5C710DECF340 kernel:  DEVICE=+pci:0000:01:00.0
Jun 18 11:59:55 m5C710DECF340 kernel: [06/18/2026 11:58:57.4640] pci 0000:01:01.0: BAR 0: assigned [mem 0x85000000-0x85ffffff 64bit]
Jun 18 11:59:55 m5C710DECF340 kernel:  SUBSYSTEM=pci
Jun 18 11:59:55 m5C710DECF340 kernel:  DEVICE=+pci:0000:01:01.0
Jun 18 11:59:55 m5C710DECF340 kernel: [06/18/2026 11:58:58.4950] getrcal for res select 5, int 666, ext 657, ratio 126 ratio1 136, rcal 8
Jun 18 11:59:55 m5C710DECF340 kernel: [06/18/2026 11:59:00.3560] wired0: renamed from eth0
Jun 18 11:59:55 m5C710DECF340 kernel: [06/18/2026 11:59:01.0530] IPv6: ADDRCONF(NETDEV_UP): wired0: link is not ready
Jun 18 11:59:55 m5C710DECF340 kernel: [06/18/2026 11:58:54.2730] IPv6: ADDRCONF(NETDEV_CHANGE): wired0: link becomes ready
Jun 18 11:59:55 m5C710DECF340 kernel: [06/18/2026 11:58:56.2210] Archer WFD Binding Successfull
Jun 18 11:59:55 m5C710DECF340 kernel: [06/18/2026 11:59:47.7670] wl 0000:01:00.0: enabling device (0140 -> 0142)
Jun 18 11:59:55 m5C710DECF340 kernel:  SUBSYSTEM=pci
Jun 18 11:59:55 m5C710DECF340 kernel:  DEVICE=+pci:0000:01:00.0
Jun 18 11:59:55 m5C710DECF340 kernel: [06/18/2026 11:59:47.8110] wl 0000:01:01.0: enabling device (0140 -> 0142)
Jun 18 11:59:55 m5C710DECF340 kernel:  SUBSYSTEM=pci
Jun 18 11:59:55 m5C710DECF340 kernel:  DEVICE=+pci:0000:01:01.0
Jun 18 11:59:55 m5C710DECF340 kernel: [06/18/2026 11:59:51.5310] capwap_brain (3791): drop_caches: 3
Jun 18 11:59:55 m5C710DECF340 kernel: [06/18/2026 11:59:52.0820] Sysport TM Disabled
Jun 18 11:59:55 m5C710DECF340 kernel: [06/18/2026 11:59:52.0820] Flushed 0 packets
Jun 18 11:59:55 m5C710DECF340 kernel: [*06/18/2026 11:59:55.1440] systemd[1]: Started ME Cleanup Script.
Jun 18 11:59:55 m5C710DECF340 kernel: [*06/18/2026 11:59:55.1890] systemd[1]: Started Cisco klogd.
Jun 18 11:59:55 m5C710DECF340 kernel: [*06/18/2026 11:59:55.2360] systemd[1]: Started Cisco printkd.
Jun 18 11:59:55 m5C710DECF340 kernel: [*06/18/2026 11:59:55.3220] systemd[1]: Started Core Files Uploader.
Jun 18 11:59:55 m5C710DECF340 kernel: [*06/18/2026 11:59:55.3230] systemd[1]: Starting Core Files Uploader...
Jun 18 11:59:55 m5C710DECF340 kernel: [*06/18/2026 11:59:55.3710] systemd[1]: Starting Core Files Uploader Watcher...
Jun 18 11:59:55 m5C710DECF340 brain: Dnsmasq.conf file before update:#012no-resolv#012pid-file=/var/run/dnsmasq.vaperr.pid#012port=5316#012min-port=61000#012address=/#/6.0.0.7
Jun 18 11:59:55 m5C710DECF340 brain: Dnsmasq.conf new config:#012no-resolv#012pid-file=/var/run/dnsmasq.vaperr.pid#012port=5316#012min-port=61000#012address=/#/6.0.0.7
Jun 18 11:59:55 m5C710DECF340 brain: Dnsmasq.conf file after update:#012no-resolv#012pid-file=/var/run/dnsmasq.vaperr.pid#012port=5316#012min-port=61000#012address=/#/6.0.0.7
Jun 18 11:59:55 m5C710DECF340 kernel: [*06/18/2026 11:59:55.3940] 
Jun 18 11:59:55 m5C710DECF340 kernel: [*06/18/2026 11:59:55.3940] !!!!! {/opt/cisco/bin/capwap_brain} Dnsmasq.conf file before update:
Jun 18 11:59:55 m5C710DECF340 kernel: [*06/18/2026 11:59:55.3940] no-resolv
Jun 18 11:59:55 m5C710DECF340 kernel: [*06/18/2026 11:59:55.3940] pid-file=/var/run/dnsmasq.vaperr.pid
Jun 18 11:59:55 m5C710DECF340 kernel: [*06/18/2026 11:59:55.3940] port=5316
Jun 18 11:59:55 m5C710DECF340 kernel: [*06/18/2026 11:59:55.3940] min-port=61000
Jun 18 11:59:55 m5C710DECF340 kernel: [*06/18/2026 11:59:55.3940] address=/#/6.0.0.7
Jun 18 11:59:55 m5C710DECF340 kernel: [*06/18/2026 11:59:55.3940] 
Jun 18 11:59:55 m5C710DECF340 kernel: [*06/18/2026 11:59:55.3940] 
Jun 18 11:59:55 m5C710DECF340 kernel: [*06/18/2026 11:59:55.3940] !!!!! {/opt/cisco/bin/capwap_brain} Dnsmasq.conf new config:
Jun 18 11:59:55 m5C710DECF340 kernel: [*06/18/2026 11:59:55.3940] no-resolv
Jun 18 11:59:55 m5C710DECF340 kernel: [*06/18/2026 11:59:55.3940] pid-file=/var/run/dnsmasq.vaperr.pid
Jun 18 11:59:55 m5C710DECF340 kernel: [*06/18/2026 11:59:55.3940] port=5316
Jun 18 11:59:55 m5C710DECF340 kernel: [*06/18/2026 11:59:55.3940] min-port=61000
Jun 18 11:59:55 m5C710DECF340 kernel: [*06/18/2026 11:59:55.3940] address=/#/6.0.0.7
Jun 18 11:59:55 m5C710DECF340 kernel: [*06/18/2026 11:59:55.3940] 
Jun 18 11:59:55 m5C710DECF340 kernel: [*06/18/2026 11:59:55.3950] 
Jun 18 11:59:55 m5C710DECF340 kernel: [*06/18/2026 11:59:55.3950] !!!!! {/opt/cisco/bin/capwap_brain} Dnsmasq.conf file after update:
Jun 18 11:59:55 m5C710DECF340 kernel: [*06/18/2026 11:59:55.3950] no-resolv
Jun 18 11:59:55 m5C710DECF340 kernel: [*06/18/2026 11:59:55.3950] pid-file=/var/run/dnsmasq.vaperr.pid
Jun 18 11:59:55 m5C710DECF340 kernel: [*06/18/2026 11:59:55.3950] port=5316
Jun 18 11:59:55 m5C710DECF340 kernel: [*06/18/2026 11:59:55.3950] min-port=61000
Jun 18 11:59:55 m5C710DECF340 kernel: [*06/18/2026 11:59:55.3950] address=/#/6.0.0.7
Jun 18 11:59:55 m5C710DECF340 kernel: [*06/18/2026 11:59:55.3950] 
Jun 18 11:59:55 m5C710DECF340 kernel: [*06/18/2026 11:59:55.4120] unable to remount, tmp is full
Jun 18 11:59:55 m5C710DECF340 kernel: [*06/18/2026 11:59:55.5480] ip6_port srcr2, ip6local ::, ip6 ::, plen 0, gw6 ::, gw6_mac 00:00:00:00:00:00, mtu 1500, vid 0, mode6 2(slaac)
Jun 18 11:59:55 m5C710DECF340 rsyslogd: omfwd/udp: socket 7: sendto() error: Network is unreachable [v8.2206.0 try https://www.rsyslog.com/e/2354 ]
Jun 18 11:59:55 m5C710DECF340 rsyslogd: omfwd: socket 7: error 101 sending via udp: Network is unreachable [v8.2206.0 try https://www.rsyslog.com/e/2354 ]
Jun 18 11:59:55 m5C710DECF340 rsyslogd: action 'action-6-builtin:omfwd' suspended (module 'builtin:omfwd'), retry 0. There should be messages before this one giving the reason for suspension. [v8.2206.0 try https://www.rsyslog.com/e/2007 ]
Jun 18 11:59:55 m5C710DECF340 rsyslogd: action 'action-6-builtin:omfwd' resumed (module 'builtin:omfwd') [v8.2206.0 try https://www.rsyslog.com/e/2359 ]
Jun 18 11:59:55 m5C710DECF340 rsyslogd: omfwd/udp: socket 7: sendto() error: Network is unreachable [v8.2206.0 try https://www.rsyslog.com/e/2354 ]
Jun 18 11:59:55 m5C710DECF340 rsyslogd: omfwd: socket 7: error 101 sending via udp: Network is unreachable [v8.2206.0 try https://www.rsyslog.com/e/2354 ]
Jun 18 11:59:55 m5C710DECF340 rsyslogd: action 'action-6-builtin:omfwd' suspended (module 'builtin:omfwd'), retry 0. There should be messages before this one giving the reason for suspension. [v8.2206.0 try https://www.rsyslog.com/e/2007 ]
Jun 18 11:59:55 m5C710DECF340 rsyslogd: action 'action-6-builtin:omfwd' resumed (module 'builtin:omfwd') [v8.2206.0 try https://www.rsyslog.com/e/2359 ]
Jun 18 11:59:55 m5C710DECF340 rsyslogd: omfwd/udp: socket 7: sendto() error: Network is unreachable [v8.2206.0 try https://www.rsyslog.com/e/2354 ]
Jun 18 11:59:55 m5C710DECF340 rsyslogd: omfwd: socket 7: error 101 sending via udp: Network is unreachable [v8.2206.0 try https://www.rsyslog.com/e/2354 ]
Jun 18 11:59:55 m5C710DECF340 rsyslogd: action 'action-6-builtin:omfwd' suspended (module 'builtin:omfwd'), retry 0. There should be messages before this one giving the reason for suspension. [v8.2206.0 try https://www.rsyslog.com/e/2007 ]
Jun 18 11:59:55 m5C710DECF340 rsyslogd: action 'action-6-builtin:omfwd' resumed (module 'builtin:omfwd') [v8.2206.0 try https://www.rsyslog.com/e/2359 ]
Jun 18 11:59:55 m5C710DECF340 rsyslogd: omfwd/udp: socket 7: sendto() error: Network is unreachable [v8.2206.0 try https://www.rsyslog.com/e/2354 ]
Jun 18 11:59:55 m5C710DECF340 rsyslogd: omfwd: socket 7: error 101 sending via udp: Network is unreachable [v8.2206.0 try https://www.rsyslog.com/e/2354 ]
Jun 18 11:59:55 m5C710DECF340 rsyslogd: action 'action-6-builtin:omfwd' suspended (module 'builtin:omfwd'), retry 0. There should be messages before this one giving the reason for suspension. [v8.2206.0 try https://www.rsyslog.com/e/2007 ]
Jun 18 11:59:55 m5C710DECF340 rsyslogd: action 'action-6-builtin:omfwd' resumed (module 'builtin:omfwd') [v8.2206.0 try https://www.rsyslog.com/e/2359 ]
Jun 18 11:59:55 m5C710DECF340 rsyslogd: omfwd/udp: socket 7: sendto() error: Network is unreachable [v8.2206.0 try https://www.rsyslog.com/e/2354 ]
Jun 18 11:59:55 m5C710DECF340 rsyslogd: omfwd: socket 7: error 101 sending via udp: Network is unreachable [v8.2206.0 try https://www.rsyslog.com/e/2354 ]
Jun 18 11:59:55 m5C710DECF340 rsyslogd: action 'action-6-builtin:omfwd' suspended (module 'builtin:omfwd'), retry 0. There should be messages before this one giving the reason for suspension. [v8.2206.0 try https://www.rsyslog.com/e/2007 ]
Jun 18 11:59:55 m5C710DECF340 rsyslogd: action 'action-6-builtin:omfwd' resumed (module 'builtin:omfwd') [v8.2206.0 try https://www.rsyslog.com/e/2359 ]
Jun 18 11:59:55 m5C710DECF340 rsyslogd: omfwd/udp: socket 7: sendto() error: Network is unreachable [v8.2206.0 try https://www.rsyslog.com/e/2354 ]
Jun 18 11:59:55 m5C710DECF340 rsyslogd: omfwd: socket 7: error 101 sending via udp: Network is unreachable [v8.2206.0 try https://www.rsyslog.com/e/2354 ]
Jun 18 11:59:55 m5C710DECF340 rsyslogd: action 'action-6-builtin:omfwd' suspended (module 'builtin:omfwd'), retry 0. There should be messages before this one giving the reason for suspension. [v8.2206.0 try https://www.rsyslog.com/e/2007 ]
Jun 18 11:59:55 m5C710DECF340 rsyslogd: action 'action-6-builtin:omfwd' resumed (module 'builtin:omfwd') [v8.2206.0 try https://www.rsyslog.com/e/2359 ]
Jun 18 11:59:55 m5C710DECF340 rsyslogd: omfwd/udp: socket 7: sendto() error: Network is unreachable [v8.2206.0 try https://www.rsyslog.com/e/2354 ]
Jun 18 11:59:55 m5C710DECF340 rsyslogd: omfwd: socket 7: error 101 sending via udp: Network is unreachable [v8.2206.0 try https://www.rsyslog.com/e/2354 ]
Jun 18 11:59:55 m5C710DECF340 rsyslogd: action 'action-6-builtin:omfwd' suspended (module 'builtin:omfwd'), retry 0. There should be messages before this one giving the reason for suspension. [v8.2206.0 try https://www.rsyslog.com/e/2007 ]
Jun 18 11:59:55 m5C710DECF340 rsyslogd: action 'action-6-builtin:omfwd' resumed (module 'builtin:omfwd') [v8.2206.0 try https://www.rsyslog.com/e/2359 ]
Jun 18 11:59:55 m5C710DECF340 rsyslogd: omfwd/udp: socket 7: sendto() error: Network is unreachable [v8.2206.0 try https://www.rsyslog.com/e/2354 ]
Jun 18 11:59:55 m5C710DECF340 rsyslogd: omfwd: socket 7: error 101 sending via udp: Network is unreachable [v8.2206.0 try https://www.rsyslog.com/e/2354 ]
Jun 18 11:59:55 m5C710DECF340 rsyslogd: action 'action-6-builtin:omfwd' suspended (module 'builtin:omfwd'), retry 0. There should be messages before this one giving the reason for suspension. [v8.2206.0 try https://www.rsyslog.com/e/2007 ]
Jun 18 11:59:55 m5C710DECF340 rsyslogd: action 'action-6-builtin:omfwd' resumed (module 'builtin:omfwd') [v8.2206.0 try https://www.rsyslog.com/e/2359 ]
Jun 18 11:59:55 m5C710DECF340 rsyslogd: omfwd/udp: socket 7: sendto() error: Network is unreachable [v8.2206.0 try https://www.rsyslog.com/e/2354 ]
Jun 18 11:59:55 m5C710DECF340 rsyslogd: omfwd: socket 7: error 101 sending via udp: Network is unreachable [v8.2206.0 try https://www.rsyslog.com/e/2354 ]
Jun 18 11:59:55 m5C710DECF340 rsyslogd: action 'action-6-builtin:omfwd' suspended (module 'builtin:omfwd'), retry 0. There should be messages before this one giving the reason for suspension. [v8.2206.0 try https://www.rsyslog.com/e/2007 ]
Jun 18 11:59:55 m5C710DECF340 rsyslogd: action 'action-6-builtin:omfwd' resumed (module 'builtin:omfwd') [v8.2206.0 try https://www.rsyslog.com/e/2359 ]
Jun 18 11:59:55 m5C710DECF340 rsyslogd: omfwd/udp: socket 7: sendto() error: Network is unreachable [v8.2206.0 try https://www.rsyslog.com/e/2354 ]
Jun 18 11:59:55 m5C710DECF340 rsyslogd: omfwd: socket 7: error 101 sending via udp: Network is unreachable [v8.2206.0 try https://www.rsyslog.com/e/2354 ]
Jun 18 11:59:55 m5C710DECF340 rsyslogd: action 'action-6-builtin:omfwd' suspended (module 'builtin:omfwd'), retry 0. There should be messages before this one giving the reason for suspension. [v8.2206.0 try https://www.rsyslog.com/e/2007 ]
Jun 18 11:59:55 m5C710DECF340 rsyslogd: action 'action-6-builtin:omfwd' suspended (module 'builtin:omfwd'), next retry is Thu Jun 18 12:00:25 2026, retry nbr 0. There should be messages before this one giving the reason for suspension. [v8.2206.0 try https://www.rsyslog.com/e/2007 ]
Jun 18 11:59:55 m5C710DECF340 brain: transitioning from init to scan1
Jun 18 11:59:56 m5C710DECF340 kernel: [*06/18/2026 11:59:56.1970] Init TAM CTAMC - Start
Jun 18 11:59:56 m5C710DECF340 kernel: [*06/18/2026 11:59:56.1980] Init TAM CTMAC - catalyst_engine
Jun 18 11:59:56 m5C710DECF340 kernel: [*06/18/2026 11:59:56.4310] wired0 (Int switch port: 0) (Logical Port: 0) (phyId: 8) Link Up at 1000 mbps full duplex
Jun 18 11:59:56 m5C710DECF340 kernel: [*06/18/2026 11:59:56.4310] chatter: Device wired0 notify state change link UP
Jun 18 11:59:56 m5C710DECF340 kernel: [*06/18/2026 11:59:56.4320] 
Jun 18 11:59:56 m5C710DECF340 kernel: [*06/18/2026 11:59:56.4320] Detect link-status changed !!
Jun 18 11:59:56 m5C710DECF340 kernel: [*06/18/2026 11:59:56.4340] wired0 ADDED
Jun 18 11:59:56 m5C710DECF340 kernel: [*06/18/2026 11:59:56.4340] wired0 UP
Jun 18 11:59:56 m5C710DECF340 kernel: [*06/18/2026 11:59:56.4340] wired0 LINK UP
Jun 18 11:59:56 m5C710DECF340 brain: dhcpc succeeded on wired0
Jun 18 11:59:56 m5C710DECF340 brain: do_state:6325: assigning brain state: gateway_check 0; reason: dhcp_on_wired0
Jun 18 11:59:56 m5C710DECF340 kernel: [*06/18/2026 11:59:56.7210] cfg80211: Calling CRDA to update world regulatory domain
Jun 18 11:59:56 m5C710DECF340 kernel: [*06/18/2026 11:59:56.7350] ethernet_port wired0, ip 192.168.0.212, netmask 255.255.255.0, gw 192.168.0.1, mtu 1500, bcast 192.168.0.255, dns1 0.0.0.0, is_static true, vid 0, static_ip_failover false, dhcp_vlan_failover false
Jun 18 11:59:56 m5C710DECF340 brain: transitioning from scan1 to gateway_check 0
Jun 18 11:59:56 m5C710DECF340 kernel: [*06/18/2026 11:59:56.7890] Check whether client_ip_table entry need to be cleared 0
Jun 18 11:59:56 m5C710DECF340 kernel: [*06/18/2026 11:59:56.7900] Clearing client entry
Jun 18 11:59:57 m5C710DECF340 kernel: [*06/18/2026 11:59:57.7870] systemd[1]: Starting ntp file watcher...
Jun 18 11:59:57 m5C710DECF340 kernel: [*06/18/2026 11:59:57.8100] No valid NTP source
Jun 18 11:59:57 m5C710DECF340 kernel: [*06/18/2026 11:59:57.8100] No valid ntp server info file. Stop NTP!
Jun 18 11:59:57 m5C710DECF340 kernel: [*06/18/2026 11:59:57.9120] ip6_port srcr2, ip6local ffff:ffff:ffff:ffff:ffff:ffff:ffff:ffff, ip6 ::, plen 0, gw6 ::, gw6_mac 00:00:00:00:00:00, mtu 1500, vid 0, mode6 2(slaac)
Jun 18 11:59:57 m5C710DECF340 brain: do_state:6233: assigning brain state: gateway_good 0; reason: internet and dns connectivity successful
Jun 18 11:59:57 m5C710DECF340 brain: transitioning from gateway_check 0 to gateway_good 0
Jun 18 11:59:57 m5C710DECF340 brain:  boot time: 78.230 seconds, 5299 processes spawned
Jun 18 11:59:58 m5C710DECF340 kernel: [*06/18/2026 11:59:58.0720] systemd[1]: Started Core Files Uploader.
Jun 18 11:59:58 m5C710DECF340 kernel: [*06/18/2026 11:59:58.0730] systemd[1]: Starting Core Files Uploader...
Jun 18 11:59:58 m5C710DECF340 kernel: [*06/18/2026 11:59:58.1120] unable to remount, tmp is full
Jun 18 11:59:58 m5C710DECF340 kernel: [*06/18/2026 11:59:58.1830] systemd[1]: Starting dhcpv6 client watcher...
Jun 18 11:59:58 m5C710DECF340 kernel: [*06/18/2026 11:59:58.2340] systemd[1]: Starting dnsmasq watcher...
Jun 18 11:59:58 m5C710DECF340 kernel: [*06/18/2026 11:59:58.2780] systemd[1]: Starting ntp watcher...
Jun 18 11:59:58 m5C710DECF340 kernel: [*06/18/2026 11:59:58.3790] systemd[1]: Started ntp file watcher.
Jun 18 11:59:58 m5C710DECF340 kernel: [*06/18/2026 11:59:58.4880] systemd[1]: Started WCPD process.
Jun 18 11:59:58 m5C710DECF340 kernel: [*06/18/2026 11:59:58.5600] systemd[1]: Started Core Files Uploader Watcher.
Jun 18 11:59:58 m5C710DECF340 kernel: [*06/18/2026 11:59:58.5730] systemd[1]: Starting DHCPv6 client...
Jun 18 11:59:58 m5C710DECF340 kernel: [*06/18/2026 11:59:58.6150] systemd[1]: Starting capwapd...
Jun 18 11:59:58 m5C710DECF340 kernel: [*06/18/2026 11:59:58.7490] systemd[1]: Started ntp watcher.
Jun 18 11:59:58 m5C710DECF340 kernel: [*06/18/2026 11:59:58.9390] systemd[1]: Started DHCPv6 client.
Jun 18 11:59:59 m5C710DECF340 kernel: [*06/18/2026 11:59:59.0520] systemd[1]: Started dhcpv6 client watcher.
Jun 18 11:59:59 m5C710DECF340 kernel: [*06/18/2026 11:59:59.6370] systemd[1]: Started RSYNC User Key Generation.
Jun 18 11:59:59 m5C710DECF340 kernel: [*06/18/2026 11:59:59.6390] systemd[1]: Reached target sshd-keygen.target.
Jun 18 11:59:59 m5C710DECF340 kernel: [*06/18/2026 11:59:59.6390] systemd[1]: Starting sshd-keygen.target.
Jun 18 11:59:59 m5C710DECF340 kernel: [*06/18/2026 11:59:59.6430] systemd[1]: Starting CiscoSSH server daemon...
Jun 18 11:59:59 m5C710DECF340 powerd: GPIO407 do not support interrupt
Jun 18 11:59:59 m5C710DECF340 powerd: PowerState: PoE ports 1, initial ask 11682 
Jun 18 11:59:59 m5C710DECF340 powerd: ps: PowerState: PoE port 0 down 0 type 1
Jun 18 11:59:59 m5C710DECF340 powerd: started!
Jun 18 11:59:59 m5C710DECF340 kernel: [*06/18/2026 11:59:59.7490] Init TAM CTAMC - Start
Jun 18 11:59:59 m5C710DECF340 kernel: [*06/18/2026 11:59:59.7510] Init TAM CTMAC - catalyst_engine
Jun 18 11:59:59 m5C710DECF340 kernel: [*06/18/2026 11:59:59.7680] systemd[1]: Started CiscoSSH server daemon.
Jun 18 11:59:59 m5C710DECF340 kernel: [*06/18/2026 11:59:59.8730] cfg80211: Calling CRDA to update world regulatory domain
Jun 18 12:00:00 m5C710DECF340 kernel: [*06/18/2026 12:00:00.8380] DOT11_TXP[0]:Domain configured: 0 class:A
Jun 18 12:00:01 m5C710DECF340 kernel: [*06/18/2026 12:00:00.9990] DOT11_TXP[0]:Regdb file: /radio_fw/C9105AXI_power_table_mapping.txt
Jun 18 12:00:01 m5C710DECF340 kernel: [*06/18/2026 12:00:01.0290] DOT11_TXP[0]:Domain configured: 41 class:B
Jun 18 12:00:01 m5C710DECF340 kernel: [*06/18/2026 12:00:01.6460] DOT11_TXP[0]:Regdb file: /radio_fw/C9105AXI_power_table_mapping.txt
Jun 18 12:00:01 m5C710DECF340 kernel: [*06/18/2026 12:00:01.6770] DOT11_TXP[0]:Domain configured: 41 class:B
Jun 18 12:00:02 m5C710DECF340 brain: IPC socket error - msg_id=13 rc=3
Jun 18 12:00:02 m5C710DECF340 kernel: [*06/18/2026 12:00:02.3160] DOT11_TXP[0]:Regdb file: /radio_fw/C9105AXI_power_table_mapping.txt
Jun 18 12:00:02 m5C710DECF340 powerd: cdp0: CDP PoE negotiation START
Jun 18 12:00:02 m5C710DECF340 powerd: cdp0: CDP PoE in_packet_cnt:2
Jun 18 12:00:02 m5C710DECF340 powerd: epoll_wait failed
Jun 18 12:00:03 m5C710DECF340 kernel: [*06/18/2026 12:00:03.0250] cfg80211: Calling CRDA to update world regulatory domain
Jun 18 12:00:03 m5C710DECF340 kernel: [*06/18/2026 12:00:03.0770] DOT11_DRV[0]: BCM FIPS POST for CCMP-128 and GCMP-128 passed
Jun 18 12:00:03 m5C710DECF340 kernel: [*06/18/2026 12:00:03.0780] DOT11_DRV[0]: Stop Radio0
Jun 18 12:00:03 m5C710DECF340 kernel: [*06/18/2026 12:00:03.0780] Stopped Radio 0
Jun 18 12:00:03 m5C710DECF340 kernel: [*06/18/2026 12:00:03.1260] US (US/0) UNITED STATES
Jun 18 12:00:03 m5C710DECF340 kernel: [*06/18/2026 12:00:03.1410] DOT11_DRV[0]: set_channel Channel set to 6/20
Jun 18 12:00:04 m5C710DECF340 kernel: [*06/18/2026 12:00:04.4840] systemd[1]: Started Security Auditing Service.
Jun 18 12:00:04 m5C710DECF340 powerd: cdp0: CDP PoE negotiation success!
Jun 18 12:00:04 m5C710DECF340 powerd: sending powerd message
Jun 18 12:00:04 m5C710DECF340 powerd: send ipc_socket_process: 7
Jun 18 12:00:04 m5C710DECF340 powerd: ps: Power mode: Full-Power, power_detection: DC_adapter(FALSE), PoE/802.3af(11682 mWatt)
Jun 18 12:00:04 m5C710DECF340 kernel: [*06/18/2026 12:00:04.8400] wl: Not In Range
Jun 18 12:00:04 m5C710DECF340 kernel: [*06/18/2026 12:00:04.9300] DOT11_DRV[1]: BCM FIPS POST for CCMP-128 and GCMP-128 passed
Jun 18 12:00:04 m5C710DECF340 kernel: [*06/18/2026 12:00:04.9310] DOT11_DRV[1]: Stop Radio1
Jun 18 12:00:04 m5C710DECF340 kernel: [*06/18/2026 12:00:04.9310] Stopped Radio 1
Jun 18 12:00:04 m5C710DECF340 kernel: [*06/18/2026 12:00:04.9730] US (US/0) UNITED STATES
Jun 18 12:00:04 m5C710DECF340 kernel: [*06/18/2026 12:00:04.9860] DOT11_DRV[1]: set_channel Channel set to 36/20
Jun 18 12:00:06 m5C710DECF340 kernel: [*06/18/2026 12:00:06.1770] cfg80211: Exceeded CRDA call max attempts. Not calling CRDA
Jun 18 12:00:06 m5C710DECF340 kernel: [*06/18/2026 12:00:06.4980] DOT11_CFG[0]: poe_power_mode: low_pwr_mode=5, allowed_tx_ant=3, allowed_rx_ant=3
Jun 18 12:00:07 m5C710DECF340 kernel: [*06/18/2026 12:00:07.5700] Set radio 0 power 5 antenna chain 2x2
Jun 18 12:00:07 m5C710DECF340 kernel: [*06/18/2026 12:00:07.5700] AP is in good condition
Jun 18 12:00:07 m5C710DECF340 kernel: [*06/18/2026 12:00:07.5700] IPC socket server not ready for capwapd. Try after few moments, Errno: 2  Msg_id: 309
Jun 18 12:00:07 m5C710DECF340 powerd: ps: End: System running on full power @ 11682 mWatt from port0
Jun 18 12:00:11 m5C710DECF340 kernel: [*06/18/2026 12:00:11.6180] 2026-06-18 12:00:11 TAMS: [ERR] Timeout after 15000ms on read from TAMS
Jun 18 12:00:11 m5C710DECF340 kernel: [*06/18/2026 12:00:11.6180] 2026-06-18 12:00:11 TAMS: [ERR] IPC message dequeue error:TAM_ERROR_NO_RESOURCES
Jun 18 12:00:11 m5C710DECF340 kernel: [*06/18/2026 12:00:11.6180] Init TAM CTAMC - Login Error
Jun 18 12:00:11 m5C710DECF340 kernel: [*06/18/2026 12:00:11.6370] First unregister unused apps
Jun 18 12:00:11 m5C710DECF340 kernel: [*06/18/2026 12:00:11.6370] Enumerating apps...
Jun 18 12:00:11 m5C710DECF340 kernel: [*06/18/2026 12:00:11.6600] 2026-06-18 12:00:11 TAMS: [ERR] Errno 32 (Broken pipe) writing socket 11. ipc_msg_len=345
Jun 18 12:00:11 m5C710DECF340 kernel: [*06/18/2026 12:00:11.6600] 2026-06-18 12:00:11 TAMS: [ERR] tams_process_tamc_cmd error:TAM_ERROR_PLATFORM_FAILURE
Jun 18 12:00:11 m5C710DECF340 kernel: [*06/18/2026 12:00:11.6660]  3 registered apps:
Jun 18 12:00:11 m5C710DECF340 kernel: [*06/18/2026 12:00:11.6660]  0: IOSd_App
Jun 18 12:00:11 m5C710DECF340 kernel: [*06/18/2026 12:00:11.6660]  1: catalyst_engine
Jun 18 12:00:11 m5C710DECF340 kernel: [*06/18/2026 12:00:11.6660]  2: catalyst_nextunnel
Jun 18 12:00:11 m5C710DECF340 kernel: [*06/18/2026 12:00:11.6660] 
Jun 18 12:00:11 m5C710DECF340 kernel: [*06/18/2026 12:00:11.6660] Finish unregister all unused apps in catalyst mode
Jun 18 12:00:12 m5C710DECF340 sshd[5447]: Server listening on 0.0.0.0 port 22.
Jun 18 12:00:12 m5C710DECF340 sshd[5447]: Server listening on :: port 22.
Jun 18 12:00:14 m5C710DECF340 kernel: [*06/18/2026 12:00:14.5250] 
Jun 18 12:00:14 m5C710DECF340 kernel: [*06/18/2026 12:00:14.5250] loading SW SUDI
Jun 18 12:00:14 m5C710DECF340 kernel: [*06/18/2026 12:00:14.5340] Init TAM CTAMC - Start
Jun 18 12:00:14 m5C710DECF340 kernel: [*06/18/2026 12:00:14.5350] Init TAM CTMAC - catalyst_engine
Jun 18 12:00:14 m5C710DECF340 kernel: [*06/18/2026 12:00:14.9390] 2026-06-18 12:00:14 TAMC: [ERR] RAND_bytes rc for SRP User: 1
Jun 18 12:00:15 m5C710DECF340 kernel: [*06/18/2026 12:00:15.1320] 2026-06-18 12:00:15 TAMC: [ERR] RAND_bytes rc for SRP User: 1
Jun 18 12:00:17 m5C710DECF340 kernel: [*06/18/2026 12:00:17.5180] 2026-06-18 12:00:17 TAMC: [ERR] RAND_bytes rc for SRP User: 1
Jun 18 12:00:17 m5C710DECF340 kernel: [*06/18/2026 12:00:17.9220] 
Jun 18 12:00:17 m5C710DECF340 kernel: [*06/18/2026 12:00:17.9220] TAMS init: There is no Cloud ID in ACT2!
Jun 18 12:00:17 m5C710DECF340 kernel: [*06/18/2026 12:00:17.9430] TAM init done
Jun 18 12:00:17 m5C710DECF340 kernel: [*06/18/2026 12:00:17.9510] Object list for Device=ap-tam App[1] Count= 0
Jun 18 12:00:18 m5C710DECF340 kernel: [*06/18/2026 12:00:18.9620] Init TAM CTAMC - Start
Jun 18 12:00:18 m5C710DECF340 kernel: [*06/18/2026 12:00:18.9620] Init TAM CTMAC - catalyst_engine
Jun 18 12:00:19 m5C710DECF340 kernel: [*06/18/2026 12:00:19.5780] S18certtime: get_certificate_set return 0
Jun 18 12:00:19 m5C710DECF340 kernel: [*06/18/2026 12:00:19.7260] systemd[1]: Started capwapd.
Jun 18 12:00:19 m5C710DECF340 kernel: [*06/18/2026 12:00:19.7310] systemd[1]: Starting AP Trace daemon...
Jun 18 12:00:19 m5C710DECF340 kernel: [*06/18/2026 12:00:19.7350] systemd[1]: Starting BLE init service...
Jun 18 12:00:19 m5C710DECF340 kernel: [*06/18/2026 12:00:19.7410] systemd[1]: Starting DNSmasq...
Jun 18 12:00:19 m5C710DECF340 kernel: [*06/18/2026 12:00:19.7460] systemd[1]: Starting Cisco image/firmware updater service...
Jun 18 12:00:19 m5C710DECF340 kernel: [*06/18/2026 12:00:19.7510] systemd[1]: Starting ble_transport daemon...
Jun 18 12:00:19 m5C710DECF340 kernel: [*06/18/2026 12:00:19.7600] systemd[1]: Starting gRPC daemon...
Jun 18 12:00:19 m5C710DECF340 kernel: [*06/18/2026 12:00:19.7700] systemd[1]: Starting Cisco rtd service...
Jun 18 12:00:19 m5C710DECF340 kernel: [*06/18/2026 12:00:19.7820] systemd[1]: Starting Cisco kexec...
Jun 18 12:00:19 m5C710DECF340 kernel: [*06/18/2026 12:00:19.7960] systemd[1]: Starting awips daemon...
Jun 18 12:00:19 m5C710DECF340 kernel: [*06/18/2026 12:00:19.8010] systemd[1]: Starting Cisco led service...
Jun 18 12:00:19 m5C710DECF340 kernel: [*06/18/2026 12:00:19.8120] systemd[1]: Starting Hostapd process...
Jun 18 12:00:19 m5C710DECF340 kernel: [*06/18/2026 12:00:19.8220] systemd[1]: Starting System Monitor service...
Jun 18 12:00:19 m5C710DECF340 kernel: [*06/18/2026 12:00:19.8340] systemd[1]: Starting Clean Air daemon...
Jun 18 12:00:19 m5C710DECF340 kernel: [*06/18/2026 12:00:19.8500] systemd[1]: Starting iCAP daemon...
Jun 18 12:00:19 m5C710DECF340 kernel: [*06/18/2026 12:00:19.9020] systemd[1]: Started ble_transport daemon.
Jun 18 12:00:19 m5C710DECF340 kernel: [*06/18/2026 12:00:19.9240] systemd[1]: Started awips daemon.
Jun 18 12:00:19 m5C710DECF340 kernel: [*06/18/2026 12:00:19.9680] systemd[1]: Started iCAP daemon.
Jun 18 12:00:19 m5C710DECF340 kernel: [*06/18/2026 12:00:19.9740] systemd[1]: Started Cisco image/firmware updater service.
Jun 18 12:00:20 m5C710DECF340 kernel: [*06/18/2026 12:00:20.2310] systemd[1]: Started Cisco kexec.
Jun 18 12:00:20 m5C710DECF340 kernel: [*06/18/2026 12:00:20.4930] systemd[1]: Started Cisco rtd service.
Jun 18 12:00:20 m5C710DECF340 kernel: [*06/18/2026 12:00:20.5110] systemd[1]: Started AP Trace daemon.
Jun 18 12:00:20 m5C710DECF340 dnsmasq[6221]: started, version 2.85 cache disabled
Jun 18 12:00:20 m5C710DECF340 dnsmasq[6221]: compile time options: IPv6 GNU-getopt no-DBus no-UBus no-i18n no-IDN DHCP no-DHCPv6 no-Lua TFTP no-conntrack no-ipset no-auth no-cryptohash no-DNSSEC loop-detect inotify dumpfile
Jun 18 12:00:20 m5C710DECF340 dnsmasq[6221]: read /etc/hosts - 3 addresses
Jun 18 12:00:20 m5C710DECF340 kernel: [*06/18/2026 12:00:20.5580] systemd[1]: Started DNSmasq.
Jun 18 12:00:20 m5C710DECF340 kernel: [*06/18/2026 12:00:20.6300] systemd[1]: Started Cisco led service.
Jun 18 12:00:20 m5C710DECF340 GRPC: Turning off firewall ...
Jun 18 12:00:20 m5C710DECF340 kernel: [*06/18/2026 12:00:20.7470] systemd[1]: Started System Monitor service.
Jun 18 12:00:20 m5C710DECF340 kernel: [*06/18/2026 12:00:20.7570] systemd[1]: Started Hostapd process.
Jun 18 12:00:20 m5C710DECF340 kernel: [*06/18/2026 12:00:20.8570] systemd[1]: Started dnsmasq watcher.
Jun 18 12:00:20 m5C710DECF340 kernel: [*06/18/2026 12:00:20.8740] systemd[1]: Started BLE init service.
Jun 18 12:00:21 m5C710DECF340 kernel: [*06/18/2026 12:00:21.0990] pid 6295's current affinity mask: f
Jun 18 12:00:21 m5C710DECF340 kernel: [*06/18/2026 12:00:21.0990] pid 6295's new affinity mask: 2
Jun 18 12:00:21 m5C710DECF340 kernel: [*06/18/2026 12:00:21.5050] systemd[1]: Started gRPC daemon.
Jun 18 12:00:22 m5C710DECF340 rtdm: RTD: Thu Jun 18 12:00:22 2026#012:ASLR PIE RANDOMIZABLE FAILED
Jun 18 12:00:22 m5C710DECF340 kernel: [*06/18/2026 12:00:22.3250] systemd[1]: Started Clean Air daemon.
Jun 18 12:00:22 m5C710DECF340 kernel: [*06/18/2026 12:00:22.3260] systemd[1]: Reached target Multi-User System.
Jun 18 12:00:22 m5C710DECF340 kernel: [*06/18/2026 12:00:22.3270] systemd[1]: Startup finished in 53.486s (kernel) + 0 (initrd) + 1min 48.312s (userspace) = 2min 41.798s.
Jun 18 12:00:22 m5C710DECF340 kernel: [*06/18/2026 12:00:22.3280] systemd[1]: Starting Multi-User System.
Jun 18 12:00:22 m5C710DECF340 chpasswd: password for user changed
Jun 18 12:00:22 m5C710DECF340 kernel: [*06/18/2026 12:00:22.9460] chpasswd: password for user changed
Jun 18 12:00:22 m5C710DECF340 capwapd[5996]: read LAG cfg, ap lag 0, global lag 0, lag capable 0
Jun 18 12:00:23 m5C710DECF340 kernel: [06/18/2026 12:00:23.0900] device wired0 entered promiscuous mode
Jun 18 12:00:23 m5C710DECF340 kernel: [*06/18/2026 12:00:23.0910] 
Jun 18 12:00:23 m5C710DECF340 kernel: [*06/18/2026 12:00:23.0910] Detect link-status changed !!
Jun 18 12:00:23 m5C710DECF340 capwapd[5996]: Check lagloadbalance setting flex_mode 0 cfg 0 linkstate 0 ap_type 98
Jun 18 12:00:23 m5C710DECF340 kernel: 4*/822 20:333]Ii A TM  tr
Jun 18 12:00:24 m5C710DECF340 kernel: 4[0/822 20:334]Ii A TA  aaytegn<4>[*06/18/2026 12:00:24.1350] capwapd log into tam successful
Jun 18 12:00:24 m5C710DECF340 kernel: [*06/18/2026 12:00:24.1350] 
Jun 18 12:00:24 m5C710DECF340 kernel: [*06/18/2026 12:00:24.1360] SUCCESS TAM
Jun 18 12:00:24 m5C710DECF340 kernel: [*06/18/2026 12:00:24.1360] 
Jun 18 12:00:24 m5C710DECF340 kernel: [*06/18/2026 12:00:24.1910] #### board_data_init: num_slots (2), num_radios (2)
Jun 18 12:00:25 m5C710DECF340 kernel: [*06/18/2026 12:00:25.5960] wl: Unsupported
Jun 18 12:00:25 m5C710DECF340 rsyslogd: action 'action-6-builtin:omfwd' resumed (module 'builtin:omfwd') [v8.2206.0 try https://www.rsyslog.com/e/2359 ]
Jun 18 12:00:26 m5C710DECF340 kernel: [*06/18/2026 12:00:26.9520] size: 13058 bytes (52478 left)
Jun 18 12:00:27 m5C710DECF340 kernel: [*06/18/2026 12:00:27.5560] DOT11_DRV[0]: set_channel Channel set to 6/20
Jun 18 12:00:29 m5C710DECF340 fw_dnld_iot.py: IOT Firmware utility initiated by ble_management
Jun 18 12:00:30 m5C710DECF340 kernel: [*06/18/2026 12:00:30.0690] DOT11_DRV[0]: set_channel Channel set to 6/20
Jun 18 12:00:31 m5C710DECF340 fw_dnld_iot.py: RSP: 04FF10FF070002150AFF020901320800000000
Jun 18 12:00:31 m5C710DECF340 fw_dnld_iot.py: ls_ver = 2.9.1
Jun 18 12:00:31 m5C710DECF340 fw_dnld_iot.py: BLE ls_fw_ver : 2.9.1
Jun 18 12:00:32 m5C710DECF340 kernel: [*06/18/2026 12:00:32.0440] DOT11_DRV[0]: set_channel Channel set to 6/20
Jun 18 12:00:32 m5C710DECF340 fw_dnld_iot.py: BLE FW version is latest. No need to upgrade ....
Jun 18 12:00:32 m5C710DECF340 kernel: [*06/18/2026 12:00:32.8110] DOT11_DRV[0]: set_channel Channel set to 6/20
Jun 18 12:00:35 m5C710DECF340 kernel: [*06/18/2026 12:00:35.3330] DOT11_DRV[0]: set_channel Channel set to 6/20
Jun 18 12:00:36 m5C710DECF340 kernel: [*06/18/2026 12:00:36.8820] wl: Unsupported
Jun 18 12:00:38 m5C710DECF340 kernel: [*06/18/2026 12:00:38.0560] size: 13058 bytes (52478 left)
Jun 18 12:00:38 m5C710DECF340 kernel: [*06/18/2026 12:00:38.6470] wl: Bad Channel
Jun 18 12:00:38 m5C710DECF340 kernel: [*06/18/2026 12:00:38.6480] DOT11_DRV[1]: set_channel Channel set to 36/40
Jun 18 12:00:40 m5C710DECF340 kernel: [*06/18/2026 12:00:40.7240] DOT11_DRV[1]: set_channel Channel set to 36/40
Jun 18 12:00:43 m5C710DECF340 kernel: [*06/18/2026 12:00:43.0460] DOT11_DRV[1]: set_channel Channel set to 36/40
Jun 18 12:00:44 m5C710DECF340 kernel: [*06/18/2026 12:00:44.6330] systemd[1]: Starting dhcpv6 client watcher...
Jun 18 12:00:44 m5C710DECF340 kernel: [*06/18/2026 12:00:44.6900] systemd[1]: Stopping DHCPv6 client...
Jun 18 12:00:44 m5C710DECF340 kernel: [*06/18/2026 12:00:44.7060] systemd[1]: Starting DHCPv6 client...
Jun 18 12:00:44 m5C710DECF340 kernel: [*06/18/2026 12:00:44.7230] ip6_port srcr2, ip6local fe80::8fe6:8e3:b692:933, ip6 ::, plen 0, gw6 ::, gw6_mac 00:00:00:00:00:00, mtu 1500, vid 0, mode6 2(slaac)
Jun 18 12:00:44 m5C710DECF340 kernel: [*06/18/2026 12:00:44.9220] systemd[1]: Started DHCPv6 client.
Jun 18 12:00:44 m5C710DECF340 kernel: [*06/18/2026 12:00:44.9870] systemd[1]: Started dhcpv6 client watcher.
Jun 18 12:00:45 m5C710DECF340 kernel: [*06/18/2026 12:00:45.1780] DOT11_DRV[1]: set_channel Channel set to 36/40
Jun 18 12:00:45 m5C710DECF340 kernel: [*06/18/2026 12:00:45.5670] DOT11_DRV[1]: set_channel Channel set to 36/40
Jun 18 12:00:49 m5C710DECF340 kernel: [*06/18/2026 12:00:49.0390] DOT11_DRV[1]: set_channel Channel set to 36/40
Jun 18 12:00:50 m5C710DECF340 kernel: [*06/18/2026 12:00:50.1700] AP IPv4 Address updated from 0.0.0.0 to 192.168.0.212
Jun 18 12:00:50 m5C710DECF340 kernel: [*06/18/2026 12:00:50.1850] systemd[1]: Starting Core Files Uploader Watcher...
Jun 18 12:00:50 m5C710DECF340 kernel: [*06/18/2026 12:00:50.1890] send CAPWAP ctrl msg to the socket: Socket operation on non-socket
Jun 18 12:00:50 m5C710DECF340 kernel: [*06/18/2026 12:00:50.1890] send_msg_to_capwap_sm: Capwap SM restart message send failed for message: 9
Jun 18 12:00:50 m5C710DECF340 kernel: [*06/18/2026 12:00:50.1910] systemd[1]: Starting dhcpv6 client watcher...
Jun 18 12:00:50 m5C710DECF340 kernel: [*06/18/2026 12:00:50.2320] systemd[1]: Stopping DHCPv6 client...
Jun 18 12:00:50 m5C710DECF340 kernel: [*06/18/2026 12:00:50.2500] systemd[1]: Starting DHCPv6 client...
Jun 18 12:00:50 m5C710DECF340 kernel: [*06/18/2026 12:00:50.2640] systemd[1]: Started Core Files Uploader.
Jun 18 12:00:50 m5C710DECF340 kernel: [*06/18/2026 12:00:50.2650] systemd[1]: Starting Core Files Uploader...
Jun 18 12:00:50 m5C710DECF340 kernel: [*06/18/2026 12:00:50.3020] systemd[1]: Started Core Files Uploader Watcher.
Jun 18 12:00:52 m5C710DECF340 kernel: [*06/18/2026 12:00:52.5320] dtls_init: Use SUDI certificate
Jun 18 12:00:52 m5C710DECF340 kernel: [*06/18/2026 12:00:52.6250] 
Jun 18 12:00:52 m5C710DECF340 kernel: [*06/18/2026 12:00:52.6250] CAPWAP State: Init
Jun 18 12:00:52 m5C710DECF340 kernel: [*06/18/2026 12:00:52.6280] 
Jun 18 12:00:52 m5C710DECF340 kernel: [*06/18/2026 12:00:52.6280] PNP is not required, 
Jun 18 12:00:52 m5C710DECF340 kernel: [*06/18/2026 12:00:52.6280] Starting CAPWAP discovery
Jun 18 12:00:52 m5C710DECF340 kernel: [*06/18/2026 12:00:52.6280] 
Jun 18 12:00:52 m5C710DECF340 kernel: [*06/18/2026 12:00:52.6440] 
