Direct AP SSH Telemetry — 192.168.0.59
AP MAC  : cc:7f:75:5a:e7:40
AP Name : Ap9115D
AP IP   : 192.168.0.59
Event   : 2026-06-22T12:21:51.792386+00:00
============================================================

── DIRECT AP SSH TELEMETRY ──

=== terminal length 0 ===
(executed — no output)

=== show logging ===
Jun 22 12:26:02 Ap9115D kernel: [*06/22/2026 12:26:02.9700] Received Capwap watchdog update msg.
show logging
Console logging : Level - notification, Status - enabled 

Syslog logging  : Level - information, Status - active, IP -  

Syncing syslogs to flash every 600 seconds.

System logging :
Jun 22 12:22:06 m6C410ECCAD80 rsyslogd: [origin software="rsyslogd" swVersion="8.2206.0" x-pid="4215" x-info="https://www.rsyslog.com"] start
Jun 22 12:22:08 m6C410ECCAD80 auditd[5049]: Started dispatcher: /usr/sbin/audispd pid: 5053
Jun 22 12:22:08 m6C410ECCAD80 audispd: Config file /etc/audisp/audispd.conf doesn't exist, skipping
Jun 22 12:22:08 m6C410ECCAD80 audispd: No plugins found, exiting
Jun 22 12:22:08 m6C410ECCAD80 auditd[5049]: dispatcher 5053 reaped
Jun 22 12:22:08 m6C410ECCAD80 auditd[5049]: Init complete, auditd 2.8.4 listening for events (startup state enable)
Jun 22 12:22:09 m6C410ECCAD80 kernel: printkd started: BusyBox v1.32.1 ()
Jun 22 12:22:09 m6C410ECCAD80 kernel: [01/01/1970 00:00:00.0000] Inode-cache hash table entries: 131072 (order: 8, 1048576 bytes)
Jun 22 12:22:09 m6C410ECCAD80 kernel: [01/01/1970 00:00:00.0000] Memory: 1966676K/2019328K available (6460K kernel code, 1998K rwdata, 2344K rodata, 268K init, 747K bss, 52652K reserved, 0K cma-reserved)
Jun 22 12:22:09 m6C410ECCAD80 kernel: [01/01/1970 00:00:00.0000] Virtual kernel memory layout:\x0a    vmalloc : 0xffffff8000000000 - 0xffffffbdbfff0000   (   246 GB)\x0a    vmemmap : 0xffffffbdc0000000 - 0xffffffbfc0000000   (     8 GB maximum)\x0a              0xffffffbdc0000000 - 0xffffffbdc2000000   (    32 MB actual)\x0a    fixed   : 0xffffffbffabfd000 - 0xffffffbffac00000   (    12 KB)\x0a    PCI I/O : 0xffffffbffae00000 - 0xffffffbffbe00000   (    16 MB)\x0a    modules : 0xffffffbffc000000 - 0xffffffc000000000   (    64 MB)\x0a    memory  : 0xffffffc000000000 - 0xffffffc080000000   (  2048 MB)\x0a      .init : 0xffffffc00091a000 - 0xffffffc00095d000   (   268 KB)\x0a      .text : 0xffffffc000080000 - 0xffffffc00091a000   (  8808 KB)\x0a      .data : 0xffffffc00095f000 - 0xffffffc000b52aa0   (  1999 KB)
Jun 22 12:22:09 m6C410ECCAD80 kernel: [01/01/1970 00:00:00.0000] SLUB: HWalign=64, Order=0-3, MinObjects=0, CPUs=4, Nodes=1
Jun 22 12:22:09 m6C410ECCAD80 kernel: [01/01/1970 00:00:00.0000] Hierarchical RCU implementation.
Jun 22 12:22:09 m6C410ECCAD80 kernel: [01/01/1970 00:00:00.0000] NR_IRQS:64 nr_irqs:64 0
Jun 22 12:22:09 m6C410ECCAD80 kernel: [01/01/1970 00:00:00.0000] Architected cp15 timer(s) running at 50.00MHz (phys).
Jun 22 12:22:09 m6C410ECCAD80 kernel: [01/01/1970 00:00:00.0000] clocksource arch_sys_counter: mask: 0xffffffffffffff max_cycles: 0xb8812736b, max_idle_ns: 440795202655 ns
Jun 22 12:22:09 m6C410ECCAD80 kernel: [01/01/1970 00:00:00.0000] sched_clock: 56 bits at 50MHz, resolution 20ns, wraps every 4398046511100ns
Jun 22 12:22:09 m6C410ECCAD80 kernel: [01/01/1970 00:00:00.0000] BRCM Legacy Drivers' Helper, all legacy drivers' IO memories/interrupts should be remapped here
Jun 22 12:22:09 m6C410ECCAD80 kernel: [01/01/1970 00:00:00.0000]      Remapping interrupts...
Jun 22 12:22:09 m6C410ECCAD80 kernel: [01/01/1970 00:00:00.0000]              hwirq      virq
Jun 22 12:22:09 m6C410ECCAD80 kernel: [01/01/1970 00:00:00.0000]                61         5
Jun 22 12:22:09 m6C410ECCAD80 kernel: [01/01/1970 00:00:00.0000]                64         6
Jun 22 12:22:09 m6C410ECCAD80 kernel: [01/01/1970 00:00:00.0000]                66         7
Jun 22 12:22:09 m6C410ECCAD80 kernel: [01/01/1970 00:00:00.0000]                77         8
Jun 22 12:22:09 m6C410ECCAD80 kernel: [01/01/1970 00:00:00.0000]                78         9
Jun 22 12:22:09 m6C410ECCAD80 kernel: [01/01/1970 00:00:00.0000]                79        10
Jun 22 12:22:09 m6C410ECCAD80 kernel: [01/01/1970 00:00:00.0000]                80        11
Jun 22 12:22:09 m6C410ECCAD80 kernel: [01/01/1970 00:00:00.0000]                81        12
Jun 22 12:22:09 m6C410ECCAD80 kernel: [01/01/1970 00:00:00.0000]                82        13
Jun 22 12:22:09 m6C410ECCAD80 kernel: [01/01/1970 00:00:00.0000]                83        14
Jun 22 12:22:09 m6C410ECCAD80 kernel: [01/01/1970 00:00:00.0000]                84        15
Jun 22 12:22:09 m6C410ECCAD80 kernel: [01/01/1970 00:00:00.0000]                85        16
Jun 22 12:22:09 m6C410ECCAD80 kernel: [01/01/1970 00:00:00.0000]                86        17
Jun 22 12:22:09 m6C410ECCAD80 kernel: [01/01/1970 00:00:00.0000]                88        18
Jun 22 12:22:09 m6C410ECCAD80 kernel: [01/01/1970 00:00:00.0000]                96        19
Jun 22 12:22:09 m6C410ECCAD80 kernel: [01/01/1970 00:00:00.0000]                97        20
Jun 22 12:22:09 m6C410ECCAD80 kernel: [01/01/1970 00:00:00.0000]                98        21
Jun 22 12:22:09 m6C410ECCAD80 kernel: [01/01/1970 00:00:00.0000]                99        22
Jun 22 12:22:09 m6C410ECCAD80 kernel: [01/01/1970 00:00:00.0000]               118        23
Jun 22 12:22:09 m6C410ECCAD80 kernel: [01/01/1970 00:00:00.0000]               119        24
Jun 22 12:22:09 m6C410ECCAD80 kernel: [01/01/1970 00:00:00.0000]               106        25
Jun 22 12:22:09 m6C410ECCAD80 kernel: [01/01/1970 00:00:00.0000]               104        26
Jun 22 12:22:09 m6C410ECCAD80 kernel: [01/01/1970 00:00:00.0000]               105        27
Jun 22 12:22:09 m6C410ECCAD80 kernel: [01/01/1970 00:00:00.0000]                76        28
Jun 22 12:22:09 m6C410ECCAD80 kernel: [01/01/1970 00:00:00.0000]               120        29
Jun 22 12:22:09 m6C410ECCAD80 kernel: [01/01/1970 00:00:00.0000]               110        30
Jun 22 12:22:09 m6C410ECCAD80 kernel: [01/01/1970 00:00:00.0000]               148        31
Jun 22 12:22:09 m6C410ECCAD80 kernel: [01/01/1970 00:00:00.0000]               154        32
Jun 22 12:22:09 m6C410ECCAD80 kernel: [01/01/1970 00:00:00.0000]               155        33
Jun 22 12:22:09 m6C410ECCAD80 kernel: [01/01/1970 00:00:00.0000]               156        34
Jun 22 12:22:09 m6C410ECCAD80 kernel: [01/01/1970 00:00:00.0000]               157        35
Jun 22 12:22:09 m6C410ECCAD80 kernel: [01/01/1970 00:00:00.0000]               158        36
Jun 22 12:22:09 m6C410ECCAD80 kernel: [01/01/1970 00:00:00.0000]               159        37
Jun 22 12:22:09 m6C410ECCAD80 kernel: [01/01/1970 00:00:00.0000]                69        38
Jun 22 12:22:09 m6C410ECCAD80 kernel: [01/01/1970 00:00:00.0000]      Remapping IO memories...
Jun 22 12:22:09 m6C410ECCAD80 kernel: [01/01/1970 00:00:00.0000]              phys              virt          size
Jun 22 12:22:09 m6C410ECCAD80 kernel: [01/01/1970 00:00:00.0000]        00000000ff800000  ffffff8000008000  00003000
Jun 22 12:22:09 m6C410ECCAD80 kernel: [01/01/1970 00:00:00.0000]        00000000ff858000  ffffff800000c000  00003000
Jun 22 12:22:09 m6C410ECCAD80 kernel: [01/01/1970 00:00:00.0000]        00000000ffe00000  ffffff8000080000  00100000
Jun 22 12:22:09 m6C410ECCAD80 kernel: [01/01/1970 00:00:00.0000]        0000000080002000  ffffff8000002000  00001000
Jun 22 12:22:09 m6C410ECCAD80 kernel: [01/01/1970 00:00:00.0000]        0000000080018000  ffffff8000010000  00004000
Jun 22 12:22:09 m6C410ECCAD80 kernel: [01/01/1970 00:00:00.0000]        0000000080200000  ffffff8000018000  00005000
Jun 22 12:22:09 m6C410ECCAD80 kernel: [01/01/1970 00:00:00.0000]        0000000080280000  ffffff8000016000  00001000
Jun 22 12:22:09 m6C410ECCAD80 kernel: [01/01/1970 00:00:00.0000]        0000000082200000  ffffff8000200000  00100000
Jun 22 12:22:09 m6C410ECCAD80 kernel: [01/01/1970 00:00:00.0000]        0000000080080000  ffffff8000380000  00050000
Jun 22 12:22:09 m6C410ECCAD80 kernel: [01/01/1970 00:00:00.0000]        0000000080008000  ffffff8000020000  00003fff
Jun 22 12:22:09 m6C410ECCAD80 kernel: [01/01/1970 00:00:00.0000]        000000008000c000  ffffff8000028000  00003fff
Jun 22 12:22:09 m6C410ECCAD80 kernel: [01/01/1970 00:00:00.0000]        0000000081060000  ffffff8000030000  00004000
Jun 22 12:22:09 m6C410ECCAD80 kernel: [01/01/1970 00:00:00.0000]        0000000080100000  ffffff8000038000  00002000
Jun 22 12:22:09 m6C410ECCAD80 kernel: [01/01/1970 00:00:00.0000]        0000000080010000  ffffff800001e000  00001000
Jun 22 12:22:09 m6C410ECCAD80 kernel: [01/01/1970 00:00:00.0030] console [ttyS0] enabled
Jun 22 12:22:09 m6C410ECCAD80 kernel: [01/01/1970 00:00:00.0030] Calibrating delay loop (skipped), value calculated using timer frequency.. 100.00 BogoMIPS (lpj=50000)
Jun 22 12:22:09 m6C410ECCAD80 kernel: [01/01/1970 00:00:00.0030] pid_max: default: 32768 minimum: 301
Jun 22 12:22:09 m6C410ECCAD80 kernel: [01/01/1970 00:00:00.0030] Security Framework initialized
Jun 22 12:22:09 m6C410ECCAD80 kernel: [01/01/1970 00:00:00.0030] SELinux:  Initializing.
Jun 22 12:22:09 m6C410ECCAD80 kernel: [01/01/1970 00:00:00.0030] SELinux:  Starting in permissive mode
Jun 22 12:22:09 m6C410ECCAD80 kernel: [01/01/1970 00:00:00.0030] Mount-cache hash table entries: 4096 (order: 3, 32768 bytes)
Jun 22 12:22:09 m6C410ECCAD80 kernel: [01/01/1970 00:00:00.0030] Mountpoint-cache hash table entries: 4096 (order: 3, 32768 bytes)
Jun 22 12:22:09 m6C410ECCAD80 kernel: [01/01/1970 00:00:00.0030] --Kernel Config--
Jun 22 12:22:09 m6C410ECCAD80 kernel: [01/01/1970 00:00:00.0030]   SMP=1
Jun 22 12:22:09 m6C410ECCAD80 kernel: [01/01/1970 00:00:00.0030]   PREEMPT=0
Jun 22 12:22:09 m6C410ECCAD80 kernel: [01/01/1970 00:00:00.0030]   DEBUG_SPINLOCK=0
Jun 22 12:22:09 m6C410ECCAD80 kernel: [01/01/1970 00:00:00.0030]   DEBUG_MUTEXES=0
Jun 22 12:22:09 m6C410ECCAD80 kernel: [01/01/1970 00:00:00.0030] Initializing cgroup subsys blkio
Jun 22 12:22:09 m6C410ECCAD80 kernel: [01/01/1970 00:00:00.0030] Initializing cgroup subsys memory
Jun 22 12:22:09 m6C410ECCAD80 kernel: [01/01/1970 00:00:00.0030] Initializing cgroup subsys devices
Jun 22 12:22:09 m6C410ECCAD80 kernel: [01/01/1970 00:00:00.0030] Initializing cgroup subsys freezer
Jun 22 12:22:09 m6C410ECCAD80 kernel: [01/01/1970 00:00:00.0030] Initializing cgroup subsys perf_event
Jun 22 12:22:09 m6C410ECCAD80 kernel: [01/01/1970 00:00:00.0030] hw perfevents: enabled with arm/armv8-pmuv3 PMU driver, 7 counters available
Jun 22 12:22:09 m6C410ECCAD80 kernel: [01/01/1970 00:00:00.0040] ***** Memory Size = 2147483648 Size in DTB = 2147483648*****
Jun 22 12:22:09 m6C410ECCAD80 kernel: [01/01/1970 00:00:00.0040] creating mapping for reserved memory phys 0x0000000006000000 virt 0xffffffc006000000 size 0x04000000 for rdp1
Jun 22 12:22:09 m6C410ECCAD80 kernel: [01/01/1970 00:00:00.0040] creating mapping for reserved memory phys 0x0000000002e00000 virt 0xffffffc002e00000 size 0x00c00000 for rdp2
Jun 22 12:22:09 m6C410ECCAD80 kernel: [01/01/1970 00:00:00.0040] pmc_init:PMC using DQM mode
Jun 22 12:22:09 m6C410ECCAD80 kernel: [01/01/1970 00:00:00.0050] Originally booted from SPI-NOR, now using NAND
Jun 22 12:22:09 m6C410ECCAD80 kernel: [01/01/1970 00:00:00.0050] CPU1: Booted secondary processor
Jun 22 12:22:09 m6C410ECCAD80 kernel: [01/01/1970 00:00:00.0050] Detected VIPT I-cache on CPU1
Jun 22 12:22:09 m6C410ECCAD80 kernel: [01/01/1970 00:00:00.0050] CPU2: Booted secondary processor
Jun 22 12:22:09 m6C410ECCAD80 kernel: [01/01/1970 00:00:00.0050] Detected VIPT I-cache on CPU2
Jun 22 12:22:09 m6C410ECCAD80 kernel: [01/01/1970 00:00:00.0050] CPU3: Booted secondary processor
Jun 22 12:22:09 m6C410ECCAD80 kernel: [01/01/1970 00:00:00.0050] Detected VIPT I-cache on CPU3
Jun 22 12:22:09 m6C410ECCAD80 kernel: [01/01/1970 00:00:00.0050] Brought up 4 CPUs
Jun 22 12:22:09 m6C410ECCAD80 kernel: [01/01/1970 00:00:00.0050] SMP: Total of 4 processors activated.
Jun 22 12:22:09 m6C410ECCAD80 kernel: [01/01/1970 00:00:00.0050] CPU: All CPU(s) started at EL2
Jun 22 12:22:09 m6C410ECCAD80 kernel: [01/01/1970 00:00:00.0050] alternatives: patching kernel code
Jun 22 12:22:09 m6C410ECCAD80 kernel: [01/01/1970 00:00:00.0060] devtmpfs: initialized
Jun 22 12:22:09 m6C410ECCAD80 kernel: [01/01/1970 00:00:00.0070] clocksource jiffies: mask: 0xffffffff max_cycles: 0xffffffff, max_idle_ns: 1911260446275000 ns
Jun 22 12:22:09 m6C410ECCAD80 kernel: [01/01/1970 00:00:00.0070] futex hash table entries: 1024 (order: 4, 65536 bytes)
Jun 22 12:22:09 m6C410ECCAD80 kernel: [01/01/1970 00:00:00.0070] NET: Registered protocol family 16
Jun 22 12:22:09 m6C410ECCAD80 kernel: [01/01/1970 00:00:00.0150] cpuidle: using governor ladder
Jun 22 12:22:09 m6C410ECCAD80 kernel: [01/01/1970 00:00:00.0210] cpuidle: using governor menu
Jun 22 12:22:09 m6C410ECCAD80 kernel: [01/01/1970 00:00:00.0210] vdso: 2 pages (1 code @ ffffffc000965000, 1 data @ ffffffc000964000)
Jun 22 12:22:09 m6C410ECCAD80 kernel: [01/01/1970 00:00:00.0210] hw-breakpoint: found 6 breakpoint and 4 watchpoint registers.
Jun 22 12:22:09 m6C410ECCAD80 kernel: [01/01/1970 00:00:00.0220] DMA: preallocated 4096 KiB pool for atomic allocations
Jun 22 12:22:09 m6C410ECCAD80 kernel: [01/01/1970 00:00:00.0220] ++++ Powering up USB blocks
Jun 22 12:22:09 m6C410ECCAD80 kernel: [01/01/1970 00:00:00.3650] Broadcom Logger v0.1
Jun 22 12:22:09 m6C410ECCAD80 kernel: [01/01/1970 00:00:00.3650] ACPI: Interpreter disabled.
Jun 22 12:22:09 m6C410ECCAD80 kernel: [01/01/1970 00:00:00.3650] SCSI subsystem initialized
Jun 22 12:22:09 m6C410ECCAD80 kernel: [01/01/1970 00:00:00.3650] usbcore: registered new interface driver usbfs
Jun 22 12:22:09 m6C410ECCAD80 kernel: [01/01/1970 00:00:00.3650] usbcore: registered new interface driver hub
Jun 22 12:22:09 m6C410ECCAD80 kernel: [01/01/1970 00:00:00.3650] usbcore: registered new device driver usb
Jun 22 12:22:09 m6C410ECCAD80 kernel: [01/01/1970 00:00:00.3660] skb_free_task created successfully with start budget 256
Jun 22 12:22:09 m6C410ECCAD80 kernel: [01/01/1970 00:00:00.3660] \x1b[0;34mBLOG v3.0 Initialized\x1b[0m
Jun 22 12:22:09 m6C410ECCAD80 kernel: [01/01/1970 00:00:00.3660] BLOG Rule v1.0 Initialized
Jun 22 12:22:09 m6C410ECCAD80 kernel: [01/01/1970 00:00:00.3660] Broadcom IQoS v1.0 initialized
Jun 22 12:22:09 m6C410ECCAD80 kernel: [01/01/1970 00:00:00.3660] Broadcom GBPM v0.1 initialized
Jun 22 12:22:09 m6C410ECCAD80 kernel: [01/01/1970 00:00:00.3660] NetLabel: Initializing
Jun 22 12:22:09 m6C410ECCAD80 kernel: [01/01/1970 00:00:00.3660] NetLabel:  domain hash size = 128
Jun 22 12:22:09 m6C410ECCAD80 kernel: [01/01/1970 00:00:00.3660] NetLabel:  protocols = UNLABELED CIPSOv4
Jun 22 12:22:09 m6C410ECCAD80 kernel: [01/01/1970 00:00:00.3660] NetLabel:  unlabeled traffic allowed by default
Jun 22 12:22:09 m6C410ECCAD80 kernel: [01/01/1970 00:00:00.3660] Switched to clocksource arch_sys_counter
Jun 22 12:22:09 m6C410ECCAD80 kernel: [01/01/1970 00:00:00.3660] pnp: PnP ACPI: disabled
Jun 22 12:22:09 m6C410ECCAD80 kernel: [01/01/1970 00:00:00.3660] NET: Registered protocol family 2
Jun 22 12:22:09 m6C410ECCAD80 kernel: [01/01/1970 00:00:00.3660] TCP established hash table entries: 16384 (order: 5, 131072 bytes)
Jun 22 12:22:09 m6C410ECCAD80 kernel: [01/01/1970 00:00:00.3660] TCP bind hash table entries: 16384 (order: 6, 262144 bytes)
Jun 22 12:22:09 m6C410ECCAD80 kernel: [01/01/1970 00:00:00.3660] TCP: Hash tables configured (established 16384 bind 16384)
Jun 22 12:22:09 m6C410ECCAD80 kernel: [01/01/1970 00:00:00.3660] UDP hash table entries: 1024 (order: 3, 32768 bytes)
Jun 22 12:22:09 m6C410ECCAD80 kernel: [01/01/1970 00:00:00.3660] UDP-Lite hash table entries: 1024 (order: 3, 32768 bytes)
Jun 22 12:22:09 m6C410ECCAD80 kernel: [01/01/1970 00:00:00.3660] NET: Registered protocol family 1
Jun 22 12:22:09 m6C410ECCAD80 kernel: [01/01/1970 00:00:00.3660] PCI: CLS 0 bytes, default 64
Jun 22 12:22:09 m6C410ECCAD80 kernel: [01/01/1970 00:00:00.3680] Trying to unpack rootfs image as initramfs...
Jun 22 12:22:09 m6C410ECCAD80 kernel: [01/01/1970 00:00:01.7540] Freeing initrd memory: 4368K
Jun 22 12:22:09 m6C410ECCAD80 kernel: [01/01/1970 00:00:01.7560] Initialise system trusted keyring
Jun 22 12:22:09 m6C410ECCAD80 kernel: [01/01/1970 00:00:01.7560] audit: initializing netlink subsys (disabled)
Jun 22 12:22:09 m6C410ECCAD80 kernel: [01/01/1970 00:00:01.7610] squashfs: version 4.0 (2009/01/31) Phillip Lougher
Jun 22 12:22:09 m6C410ECCAD80 kernel: [01/01/1970 00:00:01.7610] jffs2: version 2.2. (NAND) (SUMMARY)  \xc2\xa9 2001-2006 Red Hat, Inc.
Jun 22 12:22:09 m6C410ECCAD80 kernel: [01/01/1970 00:00:01.7610] fuse init (API version 7.23)
Jun 22 12:22:09 m6C410ECCAD80 kernel: [01/01/1970 00:00:01.7620] SELinux:  Registering netfilter hooks
Jun 22 12:22:09 m6C410ECCAD80 kernel: [01/01/1970 00:00:01.7690] Key type asymmetric registered
Jun 22 12:22:09 m6C410ECCAD80 kernel: [01/01/1970 00:00:01.7690] Asymmetric key parser 'x509' registered
Jun 22 12:22:09 m6C410ECCAD80 kernel: [01/01/1970 00:00:01.7690] Block layer SCSI generic (bsg) driver version 0.4 loaded (major 253)
Jun 22 12:22:09 m6C410ECCAD80 kernel: [01/01/1970 00:00:01.7690] io scheduler noop registered
Jun 22 12:22:09 m6C410ECCAD80 kernel: [01/01/1970 00:00:01.7690] io scheduler deadline registered
Jun 22 12:22:09 m6C410ECCAD80 kernel: [01/01/1970 00:00:01.7690] io scheduler cfq registered (default)
Jun 22 12:22:09 m6C410ECCAD80 kernel: [01/01/1970 00:00:01.7710] brd: module loaded
Jun 22 12:22:09 m6C410ECCAD80 kernel: [01/01/1970 00:00:01.7740] loop: module loaded
Jun 22 12:22:09 m6C410ECCAD80 kernel: [01/01/1970 00:00:01.7750] nand: device found, Manufacturer ID: 0x2c, Chip ID: 0xd3
Jun 22 12:22:09 m6C410ECCAD80 kernel: [01/01/1970 00:00:01.7750] nand: Micron MT29F8G08ABACAWP
Jun 22 12:22:09 m6C410ECCAD80 kernel: [01/01/1970 00:00:01.7750] nand: 1024 MiB, SLC, erase size: 256 KiB, page size: 4096, OOB size: 224
Jun 22 12:22:09 m6C410ECCAD80 kernel: [01/01/1970 00:00:01.7750] bcm63xx_nand ff801800.nand: Adjust timing_1 to 0x65324458 timing_2 to 0x80040e54
Jun 22 12:22:09 m6C410ECCAD80 kernel:  SUBSYSTEM=platform
Jun 22 12:22:09 m6C410ECCAD80 kernel:  DEVICE=+platform:ff801800.nand
Jun 22 12:22:09 m6C410ECCAD80 kernel: [01/01/1970 00:00:01.7750] bcm63xx_nand ff801800.nand: detected 1024MiB total, 256KiB blocks, 4KiB pages, 27B OOB, 8-bit, BCH-8
Jun 22 12:22:09 m6C410ECCAD80 kernel:  SUBSYSTEM=platform
Jun 22 12:22:09 m6C410ECCAD80 kernel:  DEVICE=+platform:ff801800.nand
Jun 22 12:22:09 m6C410ECCAD80 kernel: [01/01/1970 00:00:01.7760] Bad block table not found for chip 0
Jun 22 12:22:09 m6C410ECCAD80 kernel: [01/01/1970 00:00:01.7780] Bad block table not found for chip 0
Jun 22 12:22:09 m6C410ECCAD80 kernel: [01/01/1970 00:00:01.7780] Scanning device for bad blocks
Jun 22 12:22:09 m6C410ECCAD80 kernel: [01/01/1970 00:00:03.0630] Bad block table written to 0x00003ffc0000, version 0x01
Jun 22 12:22:09 m6C410ECCAD80 kernel: [01/01/1970 00:00:03.0660] Bad block table written to 0x00003ff80000, version 0x01
Jun 22 12:22:09 m6C410ECCAD80 kernel: [01/01/1970 00:00:03.0660] rootfs_ofs=0xffffffff, part1ofs=0x00000400, part2ofs=0x0007f200
Jun 22 12:22:09 m6C410ECCAD80 kernel: [01/01/1970 00:00:03.0660] Creating 3 MTD partitions on "brcmnand.0":
Jun 22 12:22:09 m6C410ECCAD80 kernel: [01/01/1970 00:00:03.0660] 0x000000000000-0x000000100000 : "nvram"
Jun 22 12:22:09 m6C410ECCAD80 kernel: [01/01/1970 00:00:03.0670] 0x000000100000-0x0000006c0000 : "oops"
Jun 22 12:22:09 m6C410ECCAD80 kernel: [01/01/1970 00:00:03.0670] 0x0000006c0000-0x000040000000 : "fs"
Jun 22 12:22:09 m6C410ECCAD80 kernel: [01/01/1970 00:00:03.0680] m25p80 spi1.0: mx25l6405d (8192 Kbytes)
Jun 22 12:22:09 m6C410ECCAD80 kernel:  SUBSYSTEM=spi
Jun 22 12:22:09 m6C410ECCAD80 kernel:  DEVICE=+spi:spi1.0
Jun 22 12:22:09 m6C410ECCAD80 kernel: [01/01/1970 00:00:03.0680] 12 ofpart partitions found on MTD device spi1.0
Jun 22 12:22:09 m6C410ECCAD80 kernel: [01/01/1970 00:00:03.0680] Creating 12 MTD partitions on "spi1.0":
Jun 22 12:22:09 m6C410ECCAD80 kernel: [01/01/1970 00:00:03.0680] 0x000000000000-0x000000020000 : "cfe"
Jun 22 12:22:09 m6C410ECCAD80 kernel: [01/01/1970 00:00:03.0680] 0x000000020000-0x000000040000 : "cfe_gold"
Jun 22 12:22:09 m6C410ECCAD80 kernel: [01/01/1970 00:00:03.0690] 0x000000040000-0x0000000a0000 : "shadow_bootloader"
Jun 22 12:22:09 m6C410ECCAD80 kernel: [01/01/1970 00:00:03.0690] 0x0000000a0000-0x000000100000 : "U-Boot"
Jun 22 12:22:09 m6C410ECCAD80 kernel: [01/01/1970 00:00:03.0690] 0x000000200000-0x000000300000 : "reserved"
Jun 22 12:22:09 m6C410ECCAD80 kernel: [01/01/1970 00:00:03.0690] 0x000000300000-0x000000370000 : "firmware"
Jun 22 12:22:09 m6C410ECCAD80 kernel: [01/01/1970 00:00:03.0700] 0x000000370000-0x000000390000 : "caldata"
Jun 22 12:22:09 m6C410ECCAD80 kernel: [01/01/1970 00:00:03.0700] 0x000000390000-0x0000003a0000 : "bootinfo"
Jun 22 12:22:09 m6C410ECCAD80 kernel: [01/01/1970 00:00:03.0700] 0x0000003a0000-0x0000003b0000 : "sharedenv"
Jun 22 12:22:09 m6C410ECCAD80 kernel: [01/01/1970 00:00:03.0710] 0x0000003b0000-0x0000003f0000 : "ios_pb"
Jun 22 12:22:09 m6C410ECCAD80 kernel: [01/01/1970 00:00:03.0710] 0x0000003f0000-0x0000003f2000 : "mfg_info"
Jun 22 12:22:09 m6C410ECCAD80 kernel: [01/01/1970 00:00:03.0710] 0x0000003f2000-0x0000003f4000 : "cookie"
Jun 22 12:22:09 m6C410ECCAD80 kernel: [01/01/1970 00:00:03.0720] tun: Universal TUN/TAP device driver, 1.6
Jun 22 12:22:09 m6C410ECCAD80 kernel: [01/01/1970 00:00:03.0720] tun: (C) 1999-2004 Max Krasnyansky <maxk@qualcomm.com>
Jun 22 12:22:09 m6C410ECCAD80 kernel: [01/01/1970 00:00:03.0720] PPP generic driver version 2.4.2
Jun 22 12:22:09 m6C410ECCAD80 kernel: [01/01/1970 00:00:03.0720] PPP BSD Compression module registered
Jun 22 12:22:09 m6C410ECCAD80 kernel: [01/01/1970 00:00:03.0720] PPP Deflate Compression module registered
Jun 22 12:22:09 m6C410ECCAD80 kernel: [01/01/1970 00:00:03.0720] NET: Registered protocol family 24
Jun 22 12:22:09 m6C410ECCAD80 kernel: [01/01/1970 00:00:03.0720] ehci_hcd: USB 2.0 'Enhanced' Host Controller (EHCI) Driver
Jun 22 12:22:09 m6C410ECCAD80 kernel: [01/01/1970 00:00:03.0720] ehci-pci: EHCI PCI platform driver
Jun 22 12:22:09 m6C410ECCAD80 kernel: [01/01/1970 00:00:03.0720] ehci-platform: EHCI generic platform driver
Jun 22 12:22:09 m6C410ECCAD80 kernel: [01/01/1970 00:00:03.0720] ehci-platform ehci-platform.0: EHCI Host Controller
Jun 22 12:22:09 m6C410ECCAD80 kernel:  SUBSYSTEM=platform
Jun 22 12:22:09 m6C410ECCAD80 kernel:  DEVICE=+platform:ehci-platform.0
Jun 22 12:22:09 m6C410ECCAD80 kernel: [01/01/1970 00:00:03.0720] ehci-platform ehci-platform.0: new USB bus registered, assigned bus number 1
Jun 22 12:22:09 m6C410ECCAD80 kernel:  SUBSYSTEM=platform
Jun 22 12:22:09 m6C410ECCAD80 kernel:  DEVICE=+platform:ehci-platform.0
Jun 22 12:22:09 m6C410ECCAD80 kernel: [01/01/1970 00:00:03.0720] ehci-platform ehci-platform.0: irq 27, io mem 0x8000c300
Jun 22 12:22:09 m6C410ECCAD80 kernel:  SUBSYSTEM=platform
Jun 22 12:22:09 m6C410ECCAD80 kernel:  DEVICE=+platform:ehci-platform.0
Jun 22 12:22:09 m6C410ECCAD80 kernel: [01/01/1970 00:00:03.0780] ehci-platform ehci-platform.0: USB 2.0 started, EHCI 1.00
Jun 22 12:22:09 m6C410ECCAD80 kernel:  SUBSYSTEM=platform
Jun 22 12:22:09 m6C410ECCAD80 kernel:  DEVICE=+platform:ehci-platform.0
Jun 22 12:22:09 m6C410ECCAD80 kernel: [01/01/1970 00:00:03.0780] hub 1-0:1.0: USB hub found
Jun 22 12:22:09 m6C410ECCAD80 kernel:  SUBSYSTEM=usb
Jun 22 12:22:09 m6C410ECCAD80 kernel:  DEVICE=+usb:1-0:1.0
Jun 22 12:22:09 m6C410ECCAD80 kernel: [01/01/1970 00:00:03.0780] hub 1-0:1.0: 2 ports detected
Jun 22 12:22:09 m6C410ECCAD80 kernel:  SUBSYSTEM=usb
Jun 22 12:22:09 m6C410ECCAD80 kernel:  DEVICE=+usb:1-0:1.0
Jun 22 12:22:09 m6C410ECCAD80 kernel: [01/01/1970 00:00:03.0780] ohci_hcd: USB 1.1 'Open' Host Controller (OHCI) Driver
Jun 22 12:22:09 m6C410ECCAD80 kernel: [01/01/1970 00:00:03.0780] ohci-platform: OHCI generic platform driver
Jun 22 12:22:09 m6C410ECCAD80 kernel: [01/01/1970 00:00:03.0780] ohci-platform ohci-platform.0: Generic Platform OHCI controller
Jun 22 12:22:09 m6C410ECCAD80 kernel:  SUBSYSTEM=platform
Jun 22 12:22:09 m6C410ECCAD80 kernel:  DEVICE=+platform:ohci-platform.0
Jun 22 12:22:09 m6C410ECCAD80 kernel: [01/01/1970 00:00:03.0780] ohci-platform ohci-platform.0: new USB bus registered, assigned bus number 2
Jun 22 12:22:09 m6C410ECCAD80 kernel:  SUBSYSTEM=platform
Jun 22 12:22:09 m6C410ECCAD80 kernel:  DEVICE=+platform:ohci-platform.0
Jun 22 12:22:09 m6C410ECCAD80 kernel: [01/01/1970 00:00:03.0780] ohci-platform ohci-platform.0: irq 26, io mem 0x8000c400
Jun 22 12:22:09 m6C410ECCAD80 kernel:  SUBSYSTEM=platform
Jun 22 12:22:09 m6C410ECCAD80 kernel:  DEVICE=+platform:ohci-platform.0
Jun 22 12:22:09 m6C410ECCAD80 kernel: [01/01/1970 00:00:03.1330] hub 2-0:1.0: USB hub found
Jun 22 12:22:09 m6C410ECCAD80 kernel:  SUBSYSTEM=usb
Jun 22 12:22:09 m6C410ECCAD80 kernel:  DEVICE=+usb:2-0:1.0
Jun 22 12:22:09 m6C410ECCAD80 kernel: [01/01/1970 00:00:03.1330] hub 2-0:1.0: 2 ports detected
Jun 22 12:22:09 m6C410ECCAD80 kernel:  SUBSYSTEM=usb
Jun 22 12:22:09 m6C410ECCAD80 kernel:  DEVICE=+usb:2-0:1.0
Jun 22 12:22:09 m6C410ECCAD80 kernel: [01/01/1970 00:00:03.1330] xhci-hcd xhci-hcd.0: xHCI Host Controller
Jun 22 12:22:09 m6C410ECCAD80 kernel:  SUBSYSTEM=platform
Jun 22 12:22:09 m6C410ECCAD80 kernel:  DEVICE=+platform:xhci-hcd.0
Jun 22 12:22:09 m6C410ECCAD80 kernel: [01/01/1970 00:00:03.1330] xhci-hcd xhci-hcd.0: new USB bus registered, assigned bus number 3
Jun 22 12:22:09 m6C410ECCAD80 kernel:  SUBSYSTEM=platform
Jun 22 12:22:09 m6C410ECCAD80 kernel:  DEVICE=+platform:xhci-hcd.0
Jun 22 12:22:09 m6C410ECCAD80 kernel: [01/01/1970 00:00:03.1330] xhci-hcd xhci-hcd.0: hcc params 0x0250f17c hci version 0x100 quirks 0x00014010
Jun 22 12:22:09 m6C410ECCAD80 kernel:  SUBSYSTEM=platform
Jun 22 12:22:09 m6C410ECCAD80 kernel:  DEVICE=+platform:xhci-hcd.0
Jun 22 12:22:09 m6C410ECCAD80 kernel: [01/01/1970 00:00:03.1330] xhci-hcd xhci-hcd.0: irq 25, io mem 0x8000d000
Jun 22 12:22:09 m6C410ECCAD80 kernel:  SUBSYSTEM=platform
Jun 22 12:22:09 m6C410ECCAD80 kernel:  DEVICE=+platform:xhci-hcd.0
Jun 22 12:22:09 m6C410ECCAD80 kernel: [01/01/1970 00:00:03.1330] hub 3-0:1.0: USB hub found
Jun 22 12:22:09 m6C410ECCAD80 kernel:  SUBSYSTEM=usb
Jun 22 12:22:09 m6C410ECCAD80 kernel:  DEVICE=+usb:3-0:1.0
Jun 22 12:22:09 m6C410ECCAD80 kernel: [01/01/1970 00:00:03.1330] hub 3-0:1.0: config failed, hub doesn't have any ports! (err -19)
Jun 22 12:22:09 m6C410ECCAD80 kernel:  SUBSYSTEM=usb
Jun 22 12:22:09 m6C410ECCAD80 kernel:  DEVICE=+usb:3-0:1.0
Jun 22 12:22:09 m6C410ECCAD80 kernel: [01/01/1970 00:00:03.2240] xhci-hcd xhci-hcd.0: xHCI Host Controller
Jun 22 12:22:09 m6C410ECCAD80 kernel:  SUBSYSTEM=platform
Jun 22 12:22:09 m6C410ECCAD80 kernel:  DEVICE=+platform:xhci-hcd.0
Jun 22 12:22:09 m6C410ECCAD80 kernel: [01/01/1970 00:00:03.2240] xhci-hcd xhci-hcd.0: new USB bus registered, assigned bus number 4
Jun 22 12:22:09 m6C410ECCAD80 kernel:  SUBSYSTEM=platform
Jun 22 12:22:09 m6C410ECCAD80 kernel:  DEVICE=+platform:xhci-hcd.0
Jun 22 12:22:09 m6C410ECCAD80 kernel: [01/01/1970 00:00:03.2240] hub 4-0:1.0: USB hub found
Jun 22 12:22:09 m6C410ECCAD80 kernel:  SUBSYSTEM=usb
Jun 22 12:22:09 m6C410ECCAD80 kernel:  DEVICE=+usb:4-0:1.0
Jun 22 12:22:09 m6C410ECCAD80 kernel: [01/01/1970 00:00:03.2240] hub 4-0:1.0: 2 ports detected
Jun 22 12:22:09 m6C410ECCAD80 kernel:  SUBSYSTEM=usb
Jun 22 12:22:09 m6C410ECCAD80 kernel:  DEVICE=+usb:4-0:1.0
Jun 22 12:22:09 m6C410ECCAD80 kernel: [01/01/1970 00:00:03.2250] i2c /dev entries driver
Jun 22 12:22:09 m6C410ECCAD80 kernel: [01/01/1970 00:00:03.2250] bcm96xxx-wdt ff800428.watchdog: Broadcom BCM96xxx watchdog timer
Jun 22 12:22:09 m6C410ECCAD80 kernel:  SUBSYSTEM=platform
Jun 22 12:22:09 m6C410ECCAD80 kernel:  DEVICE=+platform:ff800428.watchdog
Jun 22 12:22:09 m6C410ECCAD80 kernel: [01/01/1970 00:00:03.2250] brcmboard registered
Jun 22 12:22:09 m6C410ECCAD80 kernel: [01/01/1970 00:00:03.2750] brcmboard: brcm_board_init entry
Jun 22 12:22:09 m6C410ECCAD80 kernel: [01/01/1970 00:00:03.2750] print_rst_status: Last RESET due to SW reset
Jun 22 12:22:09 m6C410ECCAD80 kernel: [01/01/1970 00:00:03.2750] print_rst_status: RESET reason: 0x00000000
Jun 22 12:22:09 m6C410ECCAD80 kernel: [01/01/1970 00:00:03.2750] DYING GASP IRQ Initialized and Enabled
Jun 22 12:22:09 m6C410ECCAD80 kernel: [01/01/1970 00:00:03.2750] SES: LED GPIO 0x400c is enabled
Jun 22 12:22:09 m6C410ECCAD80 kernel: [01/01/1970 00:00:03.2750] map_hw_timer_interrupt,130: interrupt_id 19
Jun 22 12:22:09 m6C410ECCAD80 kernel: [01/01/1970 00:00:03.2750] map_hw_timer_interrupt,130: interrupt_id 20
Jun 22 12:22:09 m6C410ECCAD80 kernel: [01/01/1970 00:00:03.2750] map_hw_timer_interrupt,130: interrupt_id 21
Jun 22 12:22:09 m6C410ECCAD80 kernel: [01/01/1970 00:00:03.2750] map_hw_timer_interrupt,130: interrupt_id 22
Jun 22 12:22:09 m6C410ECCAD80 kernel: [01/01/1970 00:00:03.2750] Registering button 0 (ffffffc000ba1958) (bpGpio: 0000801e, bpExtIrq:00000000 (0))
Jun 22 12:22:09 m6C410ECCAD80 kernel: [01/01/1970 00:00:03.2750]     extIrqIdx:0, gpioNum:30 ACTIVE LOW
Jun 22 12:22:09 m6C410ECCAD80 kernel: [01/01/1970 00:00:03.2750]   Button 0: Registering press hook btnHook_Print after 0 ms 
Jun 22 12:22:09 m6C410ECCAD80 kernel: [01/01/1970 00:00:03.2760]   Button 0: Registering release hook btnHook_Reset after 0 ms 
Jun 22 12:22:09 m6C410ECCAD80 kernel: [01/01/1970 00:00:03.2760]   Button 0: Registering hold hook btnHook_RestoreToDefault after 5000 ms 
Jun 22 12:22:09 m6C410ECCAD80 kernel: [01/01/1970 00:00:03.2760] Registering button 1 (ffffffc000ba1a18) (bpGpio: 0000801d, bpExtIrq:00000001 (1))
Jun 22 12:22:09 m6C410ECCAD80 kernel: [01/01/1970 00:00:03.2760]     extIrqIdx:1, gpioNum:29 ACTIVE LOW
Jun 22 12:22:09 m6C410ECCAD80 kernel: [01/01/1970 00:00:03.2760]   Button 1: Registering press hook btnHook_Ses after 0 ms 
Jun 22 12:22:09 m6C410ECCAD80 kernel: [01/01/1970 00:00:03.2760] Serial: BCM63XX driver $Revision: 3.00 $
Jun 22 12:22:09 m6C410ECCAD80 kernel: [01/01/1970 00:00:03.2760] \x1b[0;33mMagic SysRq with Auxilliary trigger char enabled (type ^ h for list of supported commands)\x1b[0m
Jun 22 12:22:09 m6C410ECCAD80 kernel: [01/01/1970 00:00:03.2760] ttyS0 at MMIO 0xff800640 (irq = 6, base_baud = 921600) is a BCM63XX
Jun 22 12:22:09 m6C410ECCAD80 kernel: [01/01/1970 00:00:03.2760] i2c-bcm63000 ff802100.i2c: Broadcom BCM96xxx I2C driver
Jun 22 12:22:09 m6C410ECCAD80 kernel:  SUBSYSTEM=platform
Jun 22 12:22:09 m6C410ECCAD80 kernel:  DEVICE=+platform:ff802100.i2c
Jun 22 12:22:09 m6C410ECCAD80 kernel: [01/01/1970 00:00:03.2770] buginf tty flushing thread started, ttyport=ffffffc07d6e7800
Jun 22 12:22:09 m6C410ECCAD80 kernel: [01/01/1970 00:00:03.3000] lp5562 0-0030: internal clock used
Jun 22 12:22:09 m6C410ECCAD80 kernel:  SUBSYSTEM=i2c
Jun 22 12:22:09 m6C410ECCAD80 kernel:  DEVICE=+i2c:0-0030
Jun 22 12:22:09 m6C410ECCAD80 kernel: [01/01/1970 00:00:03.3030] lm75 0-004f: hwmon0: sensor 'tmp75'
Jun 22 12:22:09 m6C410ECCAD80 kernel:  SUBSYSTEM=i2c
Jun 22 12:22:09 m6C410ECCAD80 kernel:  DEVICE=+i2c:0-004f
Jun 22 12:22:09 m6C410ECCAD80 kernel: [01/01/1970 00:00:03.3050] \x0aOptical detection module loaded.
Jun 22 12:22:09 m6C410ECCAD80 kernel: [01/01/1970 00:00:03.3050] Broadcom Ingress QoS Module  Char Driver v1.0 Registered<303>\x1b[0m
Jun 22 12:22:09 m6C410ECCAD80 kernel: [01/01/1970 00:00:03.3050] \x0aBroadcom Ingress QoS v1.0 initialized
Jun 22 12:22:09 m6C410ECCAD80 kernel: [01/01/1970 00:00:03.3050] BPM: tot_mem_size=-2147483648B (2048MB), buf_mem_size <15%> =322122540B (307MB), num of buffers=111848, buf size=2880
Jun 22 12:22:09 m6C410ECCAD80 kernel: [01/01/1970 00:00:03.3050] Broadcom BPM Module Char Driver v0.1 Registered<304>\x1b[0m
Jun 22 12:22:09 m6C410ECCAD80 kernel: [01/01/1970 00:00:03.3960] \x1b[0;34m[NTC bpm] bpm_module_init: tot_mem_pool=5084 mem_idx:5084\x1b[0m
Jun 22 12:22:09 m6C410ECCAD80 kernel: [01/01/1970 00:00:03.4370] HS UART: Driver $Revision: 1.00 $
Jun 22 12:22:09 m6C410ECCAD80 kernel: [01/01/1970 00:00:03.4370] ttyH0 at MMIO 0xffffff800000c400 (irq = 7, base_baud = 3125000) is a HS_UART
Jun 22 12:22:09 m6C410ECCAD80 kernel: [01/01/1970 00:00:03.4370] PCIe HCD (impl1)\x0d
Jun 22 12:22:09 m6C410ECCAD80 kernel: [01/01/1970 00:00:03.4510]   bcm963xx-pcie: [0] DT node available: /pcie@80040000
Jun 22 12:22:09 m6C410ECCAD80 kernel: [01/01/1970 00:00:03.4510]   bcm963xx-pcie: found port [0] GEN2 Core Rev [3.04] with 2 Lanes\x0d
Jun 22 12:22:09 m6C410ECCAD80 kernel: [01/01/1970 00:00:04.4510] getrcal for res select 5, int 657, ext 599, ratio 116 ratio1 176, rcal 11
Jun 22 12:22:09 m6C410ECCAD80 kernel: [01/01/1970 00:00:04.4510]   bcm963xx-pcie: Core [0] setting resistor calibration value to 0xb
Jun 22 12:22:09 m6C410ECCAD80 kernel: [01/01/1970 00:00:05.9660]   bcm963xx-pcie: core [0] Link UP - [2] lanes, [GEN2] speed\x0d
Jun 22 12:22:09 m6C410ECCAD80 kernel: [01/01/1970 00:00:05.9660] bcm963xx-pcie 80040000.pcie: PCI host bridge to bus 0000:00
Jun 22 12:22:09 m6C410ECCAD80 kernel:  SUBSYSTEM=platform
Jun 22 12:22:09 m6C410ECCAD80 kernel:  DEVICE=+platform:80040000.pcie
Jun 22 12:22:09 m6C410ECCAD80 kernel: [01/01/1970 00:00:05.9660] pci_bus 0000:00: root bus resource [mem 0xc0000000-0xcfffffff]
Jun 22 12:22:09 m6C410ECCAD80 kernel:  SUBSYSTEM=pci_bus
Jun 22 12:22:09 m6C410ECCAD80 kernel:  DEVICE=+pci_bus:0000:00
Jun 22 12:22:09 m6C410ECCAD80 kernel: [01/01/1970 00:00:05.9660] pci_bus 0000:00: root bus resource [bus 00-ff]
Jun 22 12:22:09 m6C410ECCAD80 kernel:  SUBSYSTEM=pci_bus
Jun 22 12:22:09 m6C410ECCAD80 kernel:  DEVICE=+pci_bus:0000:00
Jun 22 12:22:09 m6C410ECCAD80 kernel: [01/01/1970 00:00:05.9660]   bcm963xx-pcie: Core [0] Enabled PCIE/UBUS Error Interrupts\x0d
Jun 22 12:22:09 m6C410ECCAD80 kernel: [01/01/1970 00:00:05.9660]   bcm963xx-pcie: Core [0] UBUS Intr [UBUS_LINKUP]\x0d
Jun 22 12:22:09 m6C410ECCAD80 kernel: [01/01/1970 00:00:05.9660]   bcm963xx-pcie: Core [0] UBUS Intr [UBUS_LINKDOWN]\x0d
Jun 22 12:22:09 m6C410ECCAD80 kernel: [01/01/1970 00:00:05.9660] pci 0000:00:00.0: [14e4:4908] type 01 class 0x060400
Jun 22 12:22:09 m6C410ECCAD80 kernel:  SUBSYSTEM=pci
Jun 22 12:22:09 m6C410ECCAD80 kernel:  DEVICE=+pci:0000:00:00.0
Jun 22 12:22:09 m6C410ECCAD80 kernel: [01/01/1970 00:00:05.9660] pci 0000:00:00.0: PME# supported from D0 D3hot
Jun 22 12:22:09 m6C410ECCAD80 kernel:  SUBSYSTEM=pci
Jun 22 12:22:09 m6C410ECCAD80 kernel:  DEVICE=+pci:0000:00:00.0
Jun 22 12:22:09 m6C410ECCAD80 kernel: [01/01/1970 00:00:05.9660] pci 0000:00:00.0: bridge configuration invalid ([bus 00-00]), reconfiguring
Jun 22 12:22:09 m6C410ECCAD80 kernel:  SUBSYSTEM=pci
Jun 22 12:22:09 m6C410ECCAD80 kernel:  DEVICE=+pci:0000:00:00.0
Jun 22 12:22:09 m6C410ECCAD80 kernel: [01/01/1970 00:00:05.9660] pci 0000:01:00.0: [14e4:aaa4] type 00 class 0x028000
Jun 22 12:22:09 m6C410ECCAD80 kernel:  SUBSYSTEM=pci
Jun 22 12:22:09 m6C410ECCAD80 kernel:  DEVICE=+pci:0000:01:00.0
Jun 22 12:22:09 m6C410ECCAD80 kernel: [01/01/1970 00:00:05.9660] pci 0000:01:00.0: reg 0x10: [mem 0x00000000-0x0000ffff 64bit]
Jun 22 12:22:09 m6C410ECCAD80 kernel:  SUBSYSTEM=pci
Jun 22 12:22:09 m6C410ECCAD80 kernel:  DEVICE=+pci:0000:01:00.0
Jun 22 12:22:09 m6C410ECCAD80 kernel: [01/01/1970 00:00:05.9660] pci 0000:01:00.0: reg 0x18: [mem 0x00000000-0x007fffff 64bit]
Jun 22 12:22:09 m6C410ECCAD80 kernel:  SUBSYSTEM=pci
Jun 22 12:22:09 m6C410ECCAD80 kernel:  DEVICE=+pci:0000:01:00.0
Jun 22 12:22:09 m6C410ECCAD80 kernel: [01/01/1970 00:00:05.9660] pci 0000:01:00.0: reg 0x20: [mem 0x00000000-0x000fffff 64bit pref]
Jun 22 12:22:09 m6C410ECCAD80 kernel:  SUBSYSTEM=pci
Jun 22 12:22:09 m6C410ECCAD80 kernel:  DEVICE=+pci:0000:01:00.0
Jun 22 12:22:09 m6C410ECCAD80 kernel: [01/01/1970 00:00:05.9660] pci 0000:01:00.0: supports D1 D2
Jun 22 12:22:09 m6C410ECCAD80 kernel:  SUBSYSTEM=pci
Jun 22 12:22:09 m6C410ECCAD80 kernel:  DEVICE=+pci:0000:01:00.0
Jun 22 12:22:09 m6C410ECCAD80 kernel: [01/01/1970 00:00:05.9660] pci 0000:00:00.0: Checking PCIe ASPM for vendor 14e4 device aaa4
Jun 22 12:22:09 m6C410ECCAD80 kernel:  SUBSYSTEM=pci
Jun 22 12:22:09 m6C410ECCAD80 kernel:  DEVICE=+pci:0000:00:00.0
Jun 22 12:22:09 m6C410ECCAD80 kernel: [01/01/1970 00:00:05.9660] pci 0000:00:00.0: Disabling PCIe ASPM for vendor 14e4 device aaa4
Jun 22 12:22:09 m6C410ECCAD80 kernel:  SUBSYSTEM=pci
Jun 22 12:22:09 m6C410ECCAD80 kernel:  DEVICE=+pci:0000:00:00.0
Jun 22 12:22:09 m6C410ECCAD80 kernel: [01/01/1970 00:00:05.9660] pci_bus 0000:01: busn_res: [bus 01-ff] end is updated to 01
Jun 22 12:22:09 m6C410ECCAD80 kernel:  SUBSYSTEM=pci_bus
Jun 22 12:22:09 m6C410ECCAD80 kernel:  DEVICE=+pci_bus:0000:01
Jun 22 12:22:09 m6C410ECCAD80 kernel: [01/01/1970 00:00:05.9660] pci 0000:00:00.0: BAR 8: assigned [mem 0xc0000000-0xc0bfffff]
Jun 22 12:22:09 m6C410ECCAD80 kernel:  SUBSYSTEM=pci
Jun 22 12:22:09 m6C410ECCAD80 kernel:  DEVICE=+pci:0000:00:00.0
Jun 22 12:22:09 m6C410ECCAD80 kernel: [01/01/1970 00:00:05.9660] pci 0000:00:00.0: BAR 9: assigned [mem 0xc0c00000-0xc0cfffff 64bit pref]
Jun 22 12:22:09 m6C410ECCAD80 kernel:  SUBSYSTEM=pci
Jun 22 12:22:09 m6C410ECCAD80 kernel:  DEVICE=+pci:0000:00:00.0
Jun 22 12:22:09 m6C410ECCAD80 kernel: [01/01/1970 00:00:05.9660] pci 0000:01:00.0: BAR 2: assigned [mem 0xc0000000-0xc07fffff 64bit]
Jun 22 12:22:09 m6C410ECCAD80 kernel:  SUBSYSTEM=pci
Jun 22 12:22:09 m6C410ECCAD80 kernel:  DEVICE=+pci:0000:01:00.0
Jun 22 12:22:09 m6C410ECCAD80 kernel: [01/01/1970 00:00:05.9660] pci 0000:01:00.0: BAR 4: assigned [mem 0xc0c00000-0xc0cfffff 64bit pref]
Jun 22 12:22:09 m6C410ECCAD80 kernel:  SUBSYSTEM=pci
Jun 22 12:22:09 m6C410ECCAD80 kernel:  DEVICE=+pci:0000:01:00.0
Jun 22 12:22:09 m6C410ECCAD80 kernel: [01/01/1970 00:00:05.9660] pci 0000:01:00.0: BAR 0: assigned [mem 0xc0800000-0xc080ffff 64bit]
Jun 22 12:22:09 m6C410ECCAD80 kernel:  SUBSYSTEM=pci
Jun 22 12:22:09 m6C410ECCAD80 kernel:  DEVICE=+pci:0000:01:00.0
Jun 22 12:22:09 m6C410ECCAD80 kernel: [01/01/1970 00:00:05.9660] pci 0000:00:00.0: PCI bridge to [bus 01]
Jun 22 12:22:09 m6C410ECCAD80 kernel:  SUBSYSTEM=pci
Jun 22 12:22:09 m6C410ECCAD80 kernel:  DEVICE=+pci:0000:00:00.0
Jun 22 12:22:09 m6C410ECCAD80 kernel: [01/01/1970 00:00:05.9660] pci 0000:00:00.0:   bridge window [mem 0xc0000000-0xc0bfffff]
Jun 22 12:22:09 m6C410ECCAD80 kernel:  SUBSYSTEM=pci
Jun 22 12:22:09 m6C410ECCAD80 kernel:  DEVICE=+pci:0000:00:00.0
Jun 22 12:22:09 m6C410ECCAD80 kernel: [01/01/1970 00:00:05.9660] pci 0000:00:00.0:   bridge window [mem 0xc0c00000-0xc0cfffff 64bit pref]
Jun 22 12:22:09 m6C410ECCAD80 kernel:  SUBSYSTEM=pci
Jun 22 12:22:09 m6C410ECCAD80 kernel:  DEVICE=+pci:0000:00:00.0
Jun 22 12:22:09 m6C410ECCAD80 kernel: [01/01/1970 00:00:05.9670] pcieport 0000:00:00.0: enabling device (0000 -> 0002)
Jun 22 12:22:09 m6C410ECCAD80 kernel:  SUBSYSTEM=pci
Jun 22 12:22:09 m6C410ECCAD80 kernel:  DEVICE=+pci:0000:00:00.0
Jun 22 12:22:09 m6C410ECCAD80 kernel: [01/01/1970 00:00:05.9670] aer 0000:00:00.0:pcie02: service driver aer loaded
Jun 22 12:22:09 m6C410ECCAD80 kernel:  SUBSYSTEM=pci_express
Jun 22 12:22:09 m6C410ECCAD80 kernel:  DEVICE=+pci_express:0000:00:00.0:pcie02
Jun 22 12:22:09 m6C410ECCAD80 kernel: [01/01/1970 00:00:05.9670] pcieport 0000:00:00.0: Max Payload Size set to  512/ 512 (was  128), Max Read Rq  512
Jun 22 12:22:09 m6C410ECCAD80 kernel:  SUBSYSTEM=pci
Jun 22 12:22:09 m6C410ECCAD80 kernel:  DEVICE=+pci:0000:00:00.0
Jun 22 12:22:09 m6C410ECCAD80 kernel: [01/01/1970 00:00:05.9670] pci 0000:01:00.0: Max Payload Size set to  512/ 512 (was  128), Max Read Rq  512
Jun 22 12:22:09 m6C410ECCAD80 kernel:  SUBSYSTEM=pci
Jun 22 12:22:09 m6C410ECCAD80 kernel:  DEVICE=+pci:0000:01:00.0
Jun 22 12:22:09 m6C410ECCAD80 kernel: [01/01/1970 00:00:05.9790]   bcm963xx-pcie: [1] DT node available: /pcie@80050000
Jun 22 12:22:09 m6C410ECCAD80 kernel: [01/01/1970 00:00:05.9790]   bcm963xx-pcie: found port [1] GEN2 Core Rev [3.04] with 1 Lanes\x0d
Jun 22 12:22:09 m6C410ECCAD80 kernel: [01/01/1970 00:00:06.9790] getrcal for res select 5, int 657, ext 599, ratio 116 ratio1 176, rcal 11
Jun 22 12:22:09 m6C410ECCAD80 kernel: [01/01/1970 00:00:06.9790]   bcm963xx-pcie: Core [1] setting resistor calibration value to 0xb
Jun 22 12:22:09 m6C410ECCAD80 kernel: [01/01/1970 00:00:08.4940]   bcm963xx-pcie: core [1] link is DOWN\x0d
Jun 22 12:22:09 m6C410ECCAD80 kernel: [01/01/1970 00:00:08.5120]   bcm963xx-pcie: core [1] powered down\x0d
Jun 22 12:22:09 m6C410ECCAD80 kernel: [01/01/1970 00:00:08.5280]   bcm963xx-pcie: [2] DT node available: /pcie@80060000
Jun 22 12:22:09 m6C410ECCAD80 kernel: [01/01/1970 00:00:08.5280]   bcm963xx-pcie: found port [2] GEN2 Core Rev [3.04] with 1 Lanes\x0d
Jun 22 12:22:09 m6C410ECCAD80 kernel: [01/01/1970 00:00:09.5280] getrcal for res select 5, int 657, ext 599, ratio 116 ratio1 176, rcal 11
Jun 22 12:22:09 m6C410ECCAD80 kernel: [01/01/1970 00:00:09.5280]   bcm963xx-pcie: Core [2] setting resistor calibration value to 0xb
Jun 22 12:22:09 m6C410ECCAD80 kernel: [01/01/1970 00:00:11.0430]   bcm963xx-pcie: core [2] Link UP - [1] lanes, [GEN2] speed\x0d
Jun 22 12:22:09 m6C410ECCAD80 kernel: [01/01/1970 00:00:11.0430] bcm963xx-pcie 80060000.pcie: PCI host bridge to bus 0001:00
Jun 22 12:22:09 m6C410ECCAD80 kernel:  SUBSYSTEM=platform
Jun 22 12:22:09 m6C410ECCAD80 kernel:  DEVICE=+platform:80060000.pcie
Jun 22 12:22:09 m6C410ECCAD80 kernel: [01/01/1970 00:00:11.0430] pci_bus 0001:00: root bus resource [mem 0xe0000000-0xefffffff]
Jun 22 12:22:09 m6C410ECCAD80 kernel:  SUBSYSTEM=pci_bus
Jun 22 12:22:09 m6C410ECCAD80 kernel:  DEVICE=+pci_bus:0001:00
Jun 22 12:22:09 m6C410ECCAD80 kernel: [01/01/1970 00:00:11.0430] pci_bus 0001:00: root bus resource [bus 00-ff]
Jun 22 12:22:09 m6C410ECCAD80 kernel:  SUBSYSTEM=pci_bus
Jun 22 12:22:09 m6C410ECCAD80 kernel:  DEVICE=+pci_bus:0001:00
Jun 22 12:22:09 m6C410ECCAD80 kernel: [01/01/1970 00:00:11.0430]   bcm963xx-pcie: Core [2] Enabled PCIE/UBUS Error Interrupts\x0d
Jun 22 12:22:09 m6C410ECCAD80 kernel: [01/01/1970 00:00:11.0430]   bcm963xx-pcie: Core [2] UBUS Intr [UBUS_LINKUP]\x0d
Jun 22 12:22:09 m6C410ECCAD80 kernel: [01/01/1970 00:00:11.0430]   bcm963xx-pcie: Core [2] UBUS Intr [UBUS_LINKDOWN]\x0d
Jun 22 12:22:09 m6C410ECCAD80 kernel: [01/01/1970 00:00:11.0430] pci 0001:00:00.0: [14e4:4908] type 01 class 0x060400
Jun 22 12:22:09 m6C410ECCAD80 kernel:  SUBSYSTEM=pci
Jun 22 12:22:09 m6C410ECCAD80 kernel:  DEVICE=+pci:0001:00:00.0
Jun 22 12:22:09 m6C410ECCAD80 kernel: [01/01/1970 00:00:11.0430] pci 0001:00:00.0: PME# supported from D0 D3hot
Jun 22 12:22:09 m6C410ECCAD80 kernel:  SUBSYSTEM=pci
Jun 22 12:22:09 m6C410ECCAD80 kernel:  DEVICE=+pci:0001:00:00.0
Jun 22 12:22:09 m6C410ECCAD80 kernel: [01/01/1970 00:00:11.0430] pci 0001:00:00.0: bridge configuration invalid ([bus 00-00]), reconfiguring
Jun 22 12:22:09 m6C410ECCAD80 kernel:  SUBSYSTEM=pci
Jun 22 12:22:09 m6C410ECCAD80 kernel:  DEVICE=+pci:0001:00:00.0
Jun 22 12:22:09 m6C410ECCAD80 kernel: [01/01/1970 00:00:11.0430] pci 0001:01:00.0: [14e4:aaa4] type 00 class 0x028000
Jun 22 12:22:09 m6C410ECCAD80 kernel:  SUBSYSTEM=pci
Jun 22 12:22:09 m6C410ECCAD80 kernel:  DEVICE=+pci:0001:01:00.0
Jun 22 12:22:09 m6C410ECCAD80 kernel: [01/01/1970 00:00:11.0430] pci 0001:01:00.0: reg 0x10: [mem 0x00000000-0x0000ffff 64bit]
Jun 22 12:22:09 m6C410ECCAD80 kernel:  SUBSYSTEM=pci
Jun 22 12:22:09 m6C410ECCAD80 kernel:  DEVICE=+pci:0001:01:00.0
Jun 22 12:22:09 m6C410ECCAD80 kernel: [01/01/1970 00:00:11.0430] pci 0001:01:00.0: reg 0x18: [mem 0x00000000-0x007fffff 64bit]
Jun 22 12:22:09 m6C410ECCAD80 kernel:  SUBSYSTEM=pci
Jun 22 12:22:09 m6C410ECCAD80 kernel:  DEVICE=+pci:0001:01:00.0
Jun 22 12:22:09 m6C410ECCAD80 kernel: [01/01/1970 00:00:11.0430] pci 0001:01:00.0: reg 0x20: [mem 0x00000000-0x000fffff 64bit pref]
Jun 22 12:22:09 m6C410ECCAD80 kernel:  SUBSYSTEM=pci
Jun 22 12:22:09 m6C410ECCAD80 kernel:  DEVICE=+pci:0001:01:00.0
Jun 22 12:22:09 m6C410ECCAD80 kernel: [01/01/1970 00:00:11.0430] pci 0001:01:00.0: supports D1 D2
Jun 22 12:22:09 m6C410ECCAD80 kernel:  SUBSYSTEM=pci
Jun 22 12:22:09 m6C410ECCAD80 kernel:  DEVICE=+pci:0001:01:00.0
Jun 22 12:22:09 m6C410ECCAD80 kernel: [01/01/1970 00:00:11.0430] pci 0001:00:00.0: Checking PCIe ASPM for vendor 14e4 device aaa4
Jun 22 12:22:09 m6C410ECCAD80 kernel:  SUBSYSTEM=pci
Jun 22 12:22:09 m6C410ECCAD80 kernel:  DEVICE=+pci:0001:00:00.0
Jun 22 12:22:09 m6C410ECCAD80 kernel: [01/01/1970 00:00:11.0430] pci 0001:00:00.0: Disabling PCIe ASPM for vendor 14e4 device aaa4
Jun 22 12:22:09 m6C410ECCAD80 kernel:  SUBSYSTEM=pci
Jun 22 12:22:09 m6C410ECCAD80 kernel:  DEVICE=+pci:0001:00:00.0
Jun 22 12:22:09 m6C410ECCAD80 kernel: [01/01/1970 00:00:11.0430] pci_bus 0001:01: busn_res: [bus 01-ff] end is updated to 01
Jun 22 12:22:09 m6C410ECCAD80 kernel:  SUBSYSTEM=pci_bus
Jun 22 12:22:09 m6C410ECCAD80 kernel:  DEVICE=+pci_bus:0001:01
Jun 22 12:22:09 m6C410ECCAD80 kernel: [01/01/1970 00:00:11.0430] pci 0001:00:00.0: BAR 8: assigned [mem 0xe0000000-0xe0bfffff]
Jun 22 12:22:09 m6C410ECCAD80 kernel:  SUBSYSTEM=pci
Jun 22 12:22:09 m6C410ECCAD80 kernel:  DEVICE=+pci:0001:00:00.0
Jun 22 12:22:09 m6C410ECCAD80 kernel: [01/01/1970 00:00:11.0430] pci 0001:00:00.0: BAR 9: assigned [mem 0xe0c00000-0xe0cfffff 64bit pref]
Jun 22 12:22:09 m6C410ECCAD80 kernel:  SUBSYSTEM=pci
Jun 22 12:22:09 m6C410ECCAD80 kernel:  DEVICE=+pci:0001:00:00.0
Jun 22 12:22:09 m6C410ECCAD80 kernel: [01/01/1970 00:00:11.0430] pci 0001:01:00.0: BAR 2: assigned [mem 0xe0000000-0xe07fffff 64bit]
Jun 22 12:22:09 m6C410ECCAD80 kernel:  SUBSYSTEM=pci
Jun 22 12:22:09 m6C410ECCAD80 kernel:  DEVICE=+pci:0001:01:00.0
Jun 22 12:22:09 m6C410ECCAD80 kernel: [01/01/1970 00:00:11.0430] pci 0001:01:00.0: BAR 4: assigned [mem 0xe0c00000-0xe0cfffff 64bit pref]
Jun 22 12:22:09 m6C410ECCAD80 kernel:  SUBSYSTEM=pci
Jun 22 12:22:09 m6C410ECCAD80 kernel:  DEVICE=+pci:0001:01:00.0
Jun 22 12:22:09 m6C410ECCAD80 kernel: [01/01/1970 00:00:11.0430] pci 0001:01:00.0: BAR 0: assigned [mem 0xe0800000-0xe080ffff 64bit]
Jun 22 12:22:09 m6C410ECCAD80 kernel:  SUBSYSTEM=pci
Jun 22 12:22:09 m6C410ECCAD80 kernel:  DEVICE=+pci:0001:01:00.0
Jun 22 12:22:09 m6C410ECCAD80 kernel: [01/01/1970 00:00:11.0430] pci 0001:00:00.0: PCI bridge to [bus 01]
Jun 22 12:22:09 m6C410ECCAD80 kernel:  SUBSYSTEM=pci
Jun 22 12:22:09 m6C410ECCAD80 kernel:  DEVICE=+pci:0001:00:00.0
Jun 22 12:22:09 m6C410ECCAD80 kernel: [01/01/1970 00:00:11.0430] pci 0001:00:00.0:   bridge window [mem 0xe0000000-0xe0bfffff]
Jun 22 12:22:09 m6C410ECCAD80 kernel:  SUBSYSTEM=pci
Jun 22 12:22:09 m6C410ECCAD80 kernel:  DEVICE=+pci:0001:00:00.0
Jun 22 12:22:09 m6C410ECCAD80 kernel: [01/01/1970 00:00:11.0430] pci 0001:00:00.0:   bridge window [mem 0xe0c00000-0xe0cfffff 64bit pref]
Jun 22 12:22:09 m6C410ECCAD80 kernel:  SUBSYSTEM=pci
Jun 22 12:22:09 m6C410ECCAD80 kernel:  DEVICE=+pci:0001:00:00.0
Jun 22 12:22:09 m6C410ECCAD80 kernel: [01/01/1970 00:00:11.0430] pcieport 0001:00:00.0: enabling device (0000 -> 0002)
Jun 22 12:22:09 m6C410ECCAD80 kernel:  SUBSYSTEM=pci
Jun 22 12:22:09 m6C410ECCAD80 kernel:  DEVICE=+pci:0001:00:00.0
Jun 22 12:22:09 m6C410ECCAD80 kernel: [01/01/1970 00:00:11.0440] aer 0001:00:00.0:pcie02: service driver aer loaded
Jun 22 12:22:09 m6C410ECCAD80 kernel:  SUBSYSTEM=pci_express
Jun 22 12:22:09 m6C410ECCAD80 kernel:  DEVICE=+pci_express:0001:00:00.0:pcie02
Jun 22 12:22:09 m6C410ECCAD80 kernel: [01/01/1970 00:00:11.0440] pcieport 0001:00:00.0: Max Payload Size set to  512/ 512 (was  128), Max Read Rq  512
Jun 22 12:22:09 m6C410ECCAD80 kernel:  SUBSYSTEM=pci
Jun 22 12:22:09 m6C410ECCAD80 kernel:  DEVICE=+pci:0001:00:00.0
Jun 22 12:22:09 m6C410ECCAD80 kernel: [01/01/1970 00:00:11.0440] pci 0001:01:00.0: Max Payload Size set to  512/ 512 (was  128), Max Read Rq  512
Jun 22 12:22:09 m6C410ECCAD80 kernel:  SUBSYSTEM=pci
Jun 22 12:22:09 m6C410ECCAD80 kernel:  DEVICE=+pci:0001:01:00.0
Jun 22 12:22:09 m6C410ECCAD80 kernel: [01/01/1970 00:00:11.0440] GACT probability NOT on
Jun 22 12:22:09 m6C410ECCAD80 kernel: [01/01/1970 00:00:11.0440] Mirror/redirect action on
Jun 22 12:22:09 m6C410ECCAD80 kernel: [01/01/1970 00:00:11.0440] u32 classifier
Jun 22 12:22:09 m6C410ECCAD80 kernel: [01/01/1970 00:00:11.0440]     input device check on
Jun 22 12:22:09 m6C410ECCAD80 kernel: [01/01/1970 00:00:11.0440]     Actions configured
Jun 22 12:22:09 m6C410ECCAD80 kernel: [01/01/1970 00:00:11.0440] Netfilter messages via NETLINK v0.30.
Jun 22 12:22:09 m6C410ECCAD80 kernel: [01/01/1970 00:00:11.0440] nf_conntrack version 0.5.0 (16384 buckets, 65536 max)
Jun 22 12:22:09 m6C410ECCAD80 kernel: [01/01/1970 00:00:11.0440] ctnetlink v0.93: registering with nfnetlink.
Jun 22 12:22:09 m6C410ECCAD80 kernel: [01/01/1970 00:00:11.0440] xt_time: kernel timezone is -0000
Jun 22 12:22:09 m6C410ECCAD80 kernel: [01/01/1970 00:00:11.0440] ip_tables: (C) 2000-2006 Netfilter Core Team
Jun 22 12:22:09 m6C410ECCAD80 kernel: [01/01/1970 00:00:11.0440] Initializing XFRM netlink socket
Jun 22 12:22:09 m6C410ECCAD80 kernel: [01/01/1970 00:00:11.0450] NET: Registered protocol family 10
Jun 22 12:22:09 m6C410ECCAD80 kernel: [01/01/1970 00:00:11.0450] ip6_tables: (C) 2000-2006 Netfilter Core Team
Jun 22 12:22:09 m6C410ECCAD80 kernel: [01/01/1970 00:00:11.0450] sit: IPv6 over IPv4 tunneling driver
Jun 22 12:22:09 m6C410ECCAD80 kernel: [01/01/1970 00:00:11.0460] NET: Registered protocol family 17
Jun 22 12:22:09 m6C410ECCAD80 kernel: [01/01/1970 00:00:11.0460] NET: Registered protocol family 15
Jun 22 12:22:09 m6C410ECCAD80 kernel: [01/01/1970 00:00:11.0460] bridge: automatic filtering via arp/ip/ip6tables has been deprecated. Update your scripts to load br_netfilter if you need this.
Jun 22 12:22:09 m6C410ECCAD80 kernel: [01/01/1970 00:00:11.0460] Ebtables v2.0 registered
Jun 22 12:22:09 m6C410ECCAD80 kernel: [01/01/1970 00:00:11.0460] ebt_time registered
Jun 22 12:22:09 m6C410ECCAD80 kernel: [01/01/1970 00:00:11.0460] ebt_ftos registered
Jun 22 12:22:09 m6C410ECCAD80 kernel: [01/01/1970 00:00:11.0460] ebt_wmm_mark registered
Jun 22 12:22:09 m6C410ECCAD80 kernel: [01/01/1970 00:00:11.0460] L2TP core: blog_l2tp_rcv_check 
Jun 22 12:22:09 m6C410ECCAD80 kernel: [01/01/1970 00:00:11.0460] l2tp_core: L2TP core driver, V2.0
Jun 22 12:22:09 m6C410ECCAD80 kernel: [01/01/1970 00:00:11.0460] l2tp_ppp: PPPoL2TP kernel driver, V2.0
Jun 22 12:22:09 m6C410ECCAD80 kernel: [01/01/1970 00:00:11.0460] 8021q: 802.1Q VLAN Support v1.8
Jun 22 12:22:09 m6C410ECCAD80 kernel: [01/01/1970 00:00:11.0460] tipc: Activated (version 2.0.0)
Jun 22 12:22:09 m6C410ECCAD80 kernel: [01/01/1970 00:00:11.0460] NET: Registered protocol family 30
Jun 22 12:22:09 m6C410ECCAD80 kernel: [01/01/1970 00:00:11.0460] tipc: Started in single node mode
Jun 22 12:22:09 m6C410ECCAD80 kernel: [01/01/1970 00:00:11.0460] Loading compiled-in X.509 certificates
Jun 22 12:22:09 m6C410ECCAD80 kernel: [01/01/1970 00:00:11.0480] Loaded X.509 cert 'Build time autogenerated kernel key: 9b8efcff5b007ed7ffcb3fbfdebadd32e269b77d'
Jun 22 12:22:09 m6C410ECCAD80 kernel: [01/01/1970 00:00:11.0490] ubi0: attaching mtd2
Jun 22 12:22:09 m6C410ECCAD80 kernel: [01/01/1970 00:00:14.7050] ubi0: scanning is finished
Jun 22 12:22:09 m6C410ECCAD80 kernel: [01/01/1970 00:00:14.7110] ubi0: attached mtd2 (name "fs", size 1017 MiB)
Jun 22 12:22:09 m6C410ECCAD80 kernel: [01/01/1970 00:00:14.7110] ubi0: PEB size: 262144 bytes (256 KiB), LEB size: 253952 bytes
Jun 22 12:22:09 m6C410ECCAD80 kernel: [01/01/1970 00:00:14.7110] ubi0: min./max. I/O unit sizes: 4096/4096, sub-page size 4096
Jun 22 12:22:09 m6C410ECCAD80 kernel: [01/01/1970 00:00:14.7110] ubi0: VID header offset: 4096 (aligned 4096), data offset: 8192
Jun 22 12:22:09 m6C410ECCAD80 kernel: [01/01/1970 00:00:14.7110] ubi0: good PEBs: 4065, bad PEBs: 4, corrupted PEBs: 0
Jun 22 12:22:09 m6C410ECCAD80 kernel: [01/01/1970 00:00:14.7110] ubi0: user volume: 3, internal volumes: 1, max. volumes count: 128
Jun 22 12:22:09 m6C410ECCAD80 kernel: [01/01/1970 00:00:14.7110] ubi0: max/mean erase counter: 194/79, WL threshold: 4096, image sequence number: 598201020
Jun 22 12:22:09 m6C410ECCAD80 kernel: [01/01/1970 00:00:14.7110] ubi0: available PEBs: 33, total reserved PEBs: 4032, PEBs reserved for bad PEB handling: 76
Jun 22 12:22:09 m6C410ECCAD80 kernel: [01/01/1970 00:00:14.7130] ubi0: background thread "ubi_bgt0d" started, PID 654
Jun 22 12:22:09 m6C410ECCAD80 kernel: [01/01/1970 00:00:14.7130] devtmpfs: mounted
Jun 22 12:22:09 m6C410ECCAD80 kernel: [01/01/1970 00:00:14.7130] Freeing unused kernel memory: 268K
Jun 22 12:22:09 m6C410ECCAD80 kernel: [01/01/1970 00:00:14.7130] Freeing alternatives memory: 4K
Jun 22 12:22:09 m6C410ECCAD80 kernel: [01/01/1970 00:00:14.7210] random: init urandom read with 3 bits of entropy available
Jun 22 12:22:09 m6C410ECCAD80 kernel: [01/01/1970 00:00:15.7530] UBIFS (ubi0:1): background thread "ubifs_bgt0_1" started, PID 658
Jun 22 12:22:09 m6C410ECCAD80 kernel: [01/01/1970 00:00:15.8490] UBIFS (ubi0:1): UBIFS: mounted UBI device 0, volume 1, name "part2"
Jun 22 12:22:09 m6C410ECCAD80 kernel: [01/01/1970 00:00:15.8490] UBIFS (ubi0:1): LEB size: 253952 bytes (248 KiB), min./max. I/O unit sizes: 4096 bytes/4096 bytes
Jun 22 12:22:09 m6C410ECCAD80 kernel: [01/01/1970 00:00:15.8490] UBIFS (ubi0:1): FS size: 581550080 bytes (554 MiB, 2290 LEBs), journal size 9404416 bytes (8 MiB, 38 LEBs)
Jun 22 12:22:09 m6C410ECCAD80 kernel: [01/01/1970 00:00:15.8490] UBIFS (ubi0:1): reserved for root: 0 bytes (0 KiB)
Jun 22 12:22:09 m6C410ECCAD80 kernel: [01/01/1970 00:00:15.8490] UBIFS (ubi0:1): media format: w4/r0 (latest is w4/r0), UUID D50D3A08-BC09-4732-82A1-7E4FF530BCA8, small LPT model
Jun 22 12:22:09 m6C410ECCAD80 kernel: [01/01/1970 00:00:41.9480] UBIFS (ubi0:1): un-mount UBI device 0
Jun 22 12:22:09 m6C410ECCAD80 kernel: [01/01/1970 00:00:41.9480] UBIFS (ubi0:1): background thread "ubifs_bgt0_1" stops
Jun 22 12:22:09 m6C410ECCAD80 kernel: [01/01/1970 00:00:42.5820] SELinux: 32768 avtab hash slots, 121557 rules.
Jun 22 12:22:09 m6C410ECCAD80 kernel: [01/01/1970 00:00:42.6150] SELinux: 32768 avtab hash slots, 121557 rules.
Jun 22 12:22:09 m6C410ECCAD80 kernel: [01/01/1970 00:00:42.6280] SELinux:  6 users, 176 roles, 4823 types, 317 bools, 1 sens, 1024 cats
Jun 22 12:22:09 m6C410ECCAD80 kernel: [01/01/1970 00:00:42.6280] SELinux:  129 classes, 121557 rules
Jun 22 12:22:09 m6C410ECCAD80 kernel: [01/01/1970 00:00:42.6340] SELinux:  Completing initialization.
Jun 22 12:22:09 m6C410ECCAD80 kernel: [01/01/1970 00:00:46.3000] SELinux: 32768 avtab hash slots, 121557 rules.
Jun 22 12:22:09 m6C410ECCAD80 kernel: [01/01/1970 00:00:46.3350] SELinux: 32768 avtab hash slots, 121557 rules.
Jun 22 12:22:09 m6C410ECCAD80 kernel: [01/01/1970 00:00:46.3480] SELinux:  6 users, 176 roles, 4823 types, 317 bools, 1 sens, 1024 cats
Jun 22 12:22:09 m6C410ECCAD80 kernel: [01/01/1970 00:00:46.3480] SELinux:  129 classes, 121557 rules
Jun 22 12:22:09 m6C410ECCAD80 kernel: [01/01/1970 00:00:47.5840] UBIFS (ubi0:0): background thread "ubifs_bgt0_0" started, PID 1038
Jun 22 12:22:09 m6C410ECCAD80 kernel: [01/01/1970 00:00:47.6690] UBIFS (ubi0:0): UBIFS: mounted UBI device 0, volume 0, name "part1"
Jun 22 12:22:09 m6C410ECCAD80 kernel: [01/01/1970 00:00:47.6690] UBIFS (ubi0:0): LEB size: 253952 bytes (248 KiB), min./max. I/O unit sizes: 4096 bytes/4096 bytes
Jun 22 12:22:09 m6C410ECCAD80 kernel: [01/01/1970 00:00:47.6690] UBIFS (ubi0:0): FS size: 416481280 bytes (397 MiB, 1640 LEBs), journal size 9404416 bytes (8 MiB, 38 LEBs)
Jun 22 12:22:09 m6C410ECCAD80 kernel: [01/01/1970 00:00:47.6690] UBIFS (ubi0:0): reserved for root: 0 bytes (0 KiB)
Jun 22 12:22:09 m6C410ECCAD80 kernel: [01/01/1970 00:00:47.6690] UBIFS (ubi0:0): media format: w4/r0 (latest is w4/r0), UUID F16A6A8D-A398-432A-BBC8-BEBAE46A0152, small LPT model
Jun 22 12:22:09 m6C410ECCAD80 kernel: [01/01/1970 00:00:47.6860] UBIFS (ubi0:1): background thread "ubifs_bgt0_1" started, PID 1046
Jun 22 12:22:09 m6C410ECCAD80 kernel: [01/01/1970 00:00:47.7850] UBIFS (ubi0:1): UBIFS: mounted UBI device 0, volume 1, name "part2"
Jun 22 12:22:09 m6C410ECCAD80 kernel: [01/01/1970 00:00:47.7850] UBIFS (ubi0:1): LEB size: 253952 bytes (248 KiB), min./max. I/O unit sizes: 4096 bytes/4096 bytes
Jun 22 12:22:09 m6C410ECCAD80 kernel: [01/01/1970 00:00:47.7850] UBIFS (ubi0:1): FS size: 581550080 bytes (554 MiB, 2290 LEBs), journal size 9404416 bytes (8 MiB, 38 LEBs)
Jun 22 12:22:09 m6C410ECCAD80 kernel: [01/01/1970 00:00:47.7850] UBIFS (ubi0:1): reserved for root: 0 bytes (0 KiB)
Jun 22 12:22:09 m6C410ECCAD80 kernel: [01/01/1970 00:00:47.7850] UBIFS (ubi0:1): media format: w4/r0 (latest is w4/r0), UUID D50D3A08-BC09-4732-82A1-7E4FF530BCA8, small LPT model
Jun 22 12:22:09 m6C410ECCAD80 kernel: [06/22/2026 12:21:54.1030] mbedtls: loading out-of-tree module taints kernel.
Jun 22 12:22:09 m6C410ECCAD80 kernel: [06/22/2026 12:21:54.1220] otp: module license 'proprietary' taints kernel.
Jun 22 12:22:09 m6C410ECCAD80 kernel: [06/22/2026 12:21:54.1220] Disabling lock debugging due to kernel taint
Jun 22 12:22:09 m6C410ECCAD80 kernel: [06/22/2026 12:21:55.6860] bm_base_addr 0xffffffc006000000, size 67108864, bm_base_addr_phys 0x0000000006000000
Jun 22 12:22:09 m6C410ECCAD80 kernel: [06/22/2026 12:21:55.7970] fm_base_addr 0xffffffc002e00000, size 12582912, fm_base_addr_phys 0x0000000002e00000
Jun 22 12:22:09 m6C410ECCAD80 kernel: [06/22/2026 12:21:56.7140] Broadcom Command List Driver v1.0
Jun 22 12:22:09 m6C410ECCAD80 kernel: [06/22/2026 12:21:56.8020] crossbar[0]: Allocated cb_idx=0 int_ep=0
Jun 22 12:22:09 m6C410ECCAD80 kernel: [06/22/2026 12:21:56.8680] crossbar[0]: Add cb_idx=0 ext_ep=0 SERDES:6
Jun 22 12:22:09 m6C410ECCAD80 kernel: [06/22/2026 12:21:56.9430] \x0aDetecting PHYs...
Jun 22 12:22:09 m6C410ECCAD80 kernel: [06/22/2026 12:21:57.0210]  Lift PHY at address 31 out of Reset by GPIO:31 Active Low
Jun 22 12:22:09 m6C410ECCAD80 kernel: [06/22/2026 12:21:57.1170] 54991EL  B0 3590:5089 --> 0x1f 
Jun 22 12:22:09 m6C410ECCAD80 kernel: [06/22/2026 12:21:57.1740] \x0aLoading firmware into detected PHYs...\x0a
Jun 22 12:22:09 m6C410ECCAD80 kernel: [06/22/2026 12:21:57.3050] Firmware version: Blackfin B0 v02-02-03-2020-03-16
Jun 22 12:22:09 m6C410ECCAD80 kernel: [06/22/2026 12:21:57.3870] Loading firmware into PHYs: map=0x80000000 count=1
Jun 22 12:22:09 m6C410ECCAD80 kernel: [06/22/2026 12:21:57.4690] Halt the PHYs processors operation
Jun 22 12:22:09 m6C410ECCAD80 kernel: [06/22/2026 12:21:57.5370] Upload the firmware into the on-chip memory
Jun 22 12:22:09 m6C410ECCAD80 kernel: [06/22/2026 12:21:57.6100] \x0d0%\x0d1%\x0d2%\x0d3%\x0d4%\x0d5%\x0d6%\x0d7%\x0d8%\x0d9%\x0d10%\x0d11%\x0d12%\x0d13%\x0d14%\x0d15%\x0d16%\x0d17%\x0d18%\x0d19%\x0d20%\x0d21%\x0d22%\x0d23%\x0d24%\x0d25%\x0d26%\x0d27%\x0d28%\x0d29%\x0d30%\x0d31%\x0d32%\x0d33%\x0d34%\x0d35%\x0d36%\x0d37%\x0d38%\x0d39%\x0d40%\x0d41%\x0d42%\x0d43%\x0d44%\x0d45%\x0d46%\x0d47%\x0d48%\x0d49%\x0d50%\x0d51%\x0d52%\x0d53%\x0d54%\x0d55%\x0d56%\x0d57%\x0d58%\x0d59%\x0d60%\x0d61%\x0d62%\x0d63%\x0d64%\x0d65%\x0d66%\x0d67%\x0d68%\x0d69%\x0d70%\x0d71%\x0d72%\x0d73%\x0d74%\x0d75%\x0d76%\x0d77%\x0d78%\x0d79%\x0d80%\x0d81%\x0d82%\x0d83%\x0d84%\x0d85%\x0d86%\x0d87%\x0d88%\x0d89%\x0d90%\x0d91%\x0d92%\x0d93%\x0d94%\x0d95%\x0d96%\x0d97%\x0d98%\x0d99%\x0d100%
Jun 22 12:22:09 m6C410ECCAD80 kernel: [06/22/2026 12:22:00.8900] Reset the processors to start execution of the code in the on-chip memory
Jun 22 12:22:09 m6C410ECCAD80 kernel: [06/22/2026 12:22:00.9950] Verify that the processors are running: OK
Jun 22 12:22:09 m6C410ECCAD80 kernel: [06/22/2026 12:22:01.5450] Verify that the firmware has been loaded with good CRC: OK
Jun 22 12:22:09 m6C410ECCAD80 kernel: [06/22/2026 12:22:01.6330] Firmware loading completed successfully\x0a
Jun 22 12:22:09 m6C410ECCAD80 kernel: [06/22/2026 12:22:01.7340] Adjusted SF2 SGPHY: sphy_ctrl=0x00010c1b
Jun 22 12:22:09 m6C410ECCAD80 kernel: [06/22/2026 12:22:01.8180] getrcal for res select 5, int 657, ext 599, ratio 116 ratio1 176, rcal 11
Jun 22 12:22:09 m6C410ECCAD80 kernel: [06/22/2026 12:22:01.9170] Setting SGMII Calibration value to 0xb
Jun 22 12:22:09 m6C410ECCAD80 kernel: [06/22/2026 12:22:01.9870]     PLL_PON(8051): 0x02d0; TX_PON(8067): 0x0058; RX_PON(80b2): 0x0b80
Jun 22 12:22:09 m6C410ECCAD80 kernel: [06/22/2026 12:22:02.6210] dgasp: kerSysRegisterDyingGaspHandler: bcmsw registered 
Jun 22 12:22:09 m6C410ECCAD80 kernel: [06/22/2026 12:22:02.7580] wired0: renamed from eth4
Jun 22 12:22:09 m6C410ECCAD80 kernel: [06/22/2026 12:22:03.1190] IPv6: ADDRCONF(NETDEV_UP): wired0: link is not ready
Jun 22 12:22:09 m6C410ECCAD80 kernel: [06/22/2026 12:21:57.9770] IPv6: ADDRCONF(NETDEV_CHANGE): wired0: link becomes ready
Jun 22 12:22:09 m6C410ECCAD80 kernel: [06/22/2026 12:22:00.8550] nolan usb.0: new device added
Jun 22 12:22:09 m6C410ECCAD80 kernel:  SUBSYSTEM=nolan
Jun 22 12:22:09 m6C410ECCAD80 kernel:  DEVICE=+nolan:usb.0
Jun 22 12:22:09 m6C410ECCAD80 kernel: [06/22/2026 12:22:00.8550] nolan usb.0: plugged 0
Jun 22 12:22:09 m6C410ECCAD80 kernel:  SUBSYSTEM=nolan
Jun 22 12:22:09 m6C410ECCAD80 kernel:  DEVICE=+nolan:usb.0
Jun 22 12:22:09 m6C410ECCAD80 kernel: [06/22/2026 12:22:00.8550] nolan_usb nolan_usb.0: probed
Jun 22 12:22:09 m6C410ECCAD80 kernel:  SUBSYSTEM=platform
Jun 22 12:22:09 m6C410ECCAD80 kernel:  DEVICE=+platform:nolan_usb.0
Jun 22 12:22:09 m6C410ECCAD80 kernel: [06/22/2026 12:22:03.7890] broadcomThermalDrv brcm-therm: init (CPU count 4 4 4 4)
Jun 22 12:22:09 m6C410ECCAD80 kernel:  SUBSYSTEM=platform
Jun 22 12:22:09 m6C410ECCAD80 kernel:  DEVICE=+platform:brcm-therm
Jun 22 12:22:09 m6C410ECCAD80 kernel: [06/22/2026 12:22:04.5920] wl 0000:01:00.0: enabling device (0000 -> 0002)
Jun 22 12:22:09 m6C410ECCAD80 kernel:  SUBSYSTEM=pci
Jun 22 12:22:09 m6C410ECCAD80 kernel:  DEVICE=+pci:0000:01:00.0
Jun 22 12:22:09 m6C410ECCAD80 kernel: [06/22/2026 12:22:04.6350] wl 0001:01:00.0: enabling device (0000 -> 0002)
Jun 22 12:22:09 m6C410ECCAD80 kernel:  SUBSYSTEM=pci
Jun 22 12:22:09 m6C410ECCAD80 kernel:  DEVICE=+pci:0001:01:00.0
Jun 22 12:22:09 m6C410ECCAD80 rsyslogd: omfwd/udp: socket 6: sendto() error: Network is unreachable [v8.2206.0 try https://www.rsyslog.com/e/2354 ]
Jun 22 12:22:09 m6C410ECCAD80 rsyslogd: omfwd: socket 6: error 101 sending via udp: Network is unreachable [v8.2206.0 try https://www.rsyslog.com/e/2354 ]
Jun 22 12:22:09 m6C410ECCAD80 rsyslogd: action 'action-6-builtin:omfwd' suspended (module 'builtin:omfwd'), retry 0. There should be messages before this one giving the reason for suspension. [v8.2206.0 try https://www.rsyslog.com/e/2007 ]
Jun 22 12:22:09 m6C410ECCAD80 rsyslogd: action 'action-6-builtin:omfwd' resumed (module 'builtin:omfwd') [v8.2206.0 try https://www.rsyslog.com/e/2359 ]
Jun 22 12:22:09 m6C410ECCAD80 rsyslogd: omfwd/udp: socket 6: sendto() error: Network is unreachable [v8.2206.0 try https://www.rsyslog.com/e/2354 ]
Jun 22 12:22:09 m6C410ECCAD80 rsyslogd: omfwd: socket 6: error 101 sending via udp: Network is unreachable [v8.2206.0 try https://www.rsyslog.com/e/2354 ]
Jun 22 12:22:09 m6C410ECCAD80 rsyslogd: action 'action-6-builtin:omfwd' suspended (module 'builtin:omfwd'), retry 0. There should be messages before this one giving the reason for suspension. [v8.2206.0 try https://www.rsyslog.com/e/2007 ]
Jun 22 12:22:09 m6C410ECCAD80 rsyslogd: action 'action-6-builtin:omfwd' resumed (module 'builtin:omfwd') [v8.2206.0 try https://www.rsyslog.com/e/2359 ]
Jun 22 12:22:09 m6C410ECCAD80 rsyslogd: omfwd/udp: socket 6: sendto() error: Network is unreachable [v8.2206.0 try https://www.rsyslog.com/e/2354 ]
Jun 22 12:22:09 m6C410ECCAD80 rsyslogd: omfwd: socket 6: error 101 sending via udp: Network is unreachable [v8.2206.0 try https://www.rsyslog.com/e/2354 ]
Jun 22 12:22:09 m6C410ECCAD80 rsyslogd: action 'action-6-builtin:omfwd' suspended (module 'builtin:omfwd'), retry 0. There should be messages before this one giving the reason for suspension. [v8.2206.0 try https://www.rsyslog.com/e/2007 ]
Jun 22 12:22:09 m6C410ECCAD80 rsyslogd: action 'action-6-builtin:omfwd' resumed (module 'builtin:omfwd') [v8.2206.0 try https://www.rsyslog.com/e/2359 ]
Jun 22 12:22:09 m6C410ECCAD80 rsyslogd: omfwd/udp: socket 6: sendto() error: Network is unreachable [v8.2206.0 try https://www.rsyslog.com/e/2354 ]
Jun 22 12:22:09 m6C410ECCAD80 rsyslogd: omfwd: socket 6: error 101 sending via udp: Network is unreachable [v8.2206.0 try https://www.rsyslog.com/e/2354 ]
Jun 22 12:22:09 m6C410ECCAD80 rsyslogd: action 'action-6-builtin:omfwd' suspended (module 'builtin:omfwd'), retry 0. There should be messages before this one giving the reason for suspension. [v8.2206.0 try https://www.rsyslog.com/e/2007 ]
Jun 22 12:22:09 m6C410ECCAD80 rsyslogd: action 'action-6-builtin:omfwd' resumed (module 'builtin:omfwd') [v8.2206.0 try https://www.rsyslog.com/e/2359 ]
Jun 22 12:22:09 m6C410ECCAD80 rsyslogd: omfwd/udp: socket 6: sendto() error: Network is unreachable [v8.2206.0 try https://www.rsyslog.com/e/2354 ]
Jun 22 12:22:09 m6C410ECCAD80 rsyslogd: omfwd: socket 6: error 101 sending via udp: Network is unreachable [v8.2206.0 try https://www.rsyslog.com/e/2354 ]
Jun 22 12:22:09 m6C410ECCAD80 rsyslogd: action 'action-6-builtin:omfwd' suspended (module 'builtin:omfwd'), retry 0. There should be messages before this one giving the reason for suspension. [v8.2206.0 try https://www.rsyslog.com/e/2007 ]
Jun 22 12:22:09 m6C410ECCAD80 rsyslogd: action 'action-6-builtin:omfwd' resumed (module 'builtin:omfwd') [v8.2206.0 try https://www.rsyslog.com/e/2359 ]
Jun 22 12:22:09 m6C410ECCAD80 rsyslogd: omfwd/udp: socket 6: sendto() error: Network is unreachable [v8.2206.0 try https://www.rsyslog.com/e/2354 ]
Jun 22 12:22:09 m6C410ECCAD80 rsyslogd: omfwd: socket 6: error 101 sending via udp: Network is unreachable [v8.2206.0 try https://www.rsyslog.com/e/2354 ]
Jun 22 12:22:09 m6C410ECCAD80 rsyslogd: action 'action-6-builtin:omfwd' suspended (module 'builtin:omfwd'), retry 0. There should be messages before this one giving the reason for suspension. [v8.2206.0 try https://www.rsyslog.com/e/2007 ]
Jun 22 12:22:09 m6C410ECCAD80 rsyslogd: action 'action-6-builtin:omfwd' resumed (module 'builtin:omfwd') [v8.2206.0 try https://www.rsyslog.com/e/2359 ]
Jun 22 12:22:09 m6C410ECCAD80 rsyslogd: omfwd/udp: socket 6: sendto() error: Network is unreachable [v8.2206.0 try https://www.rsyslog.com/e/2354 ]
Jun 22 12:22:09 m6C410ECCAD80 rsyslogd: omfwd: socket 6: error 101 sending via udp: Network is unreachable [v8.2206.0 try https://www.rsyslog.com/e/2354 ]
Jun 22 12:22:09 m6C410ECCAD80 rsyslogd: action 'action-6-builtin:omfwd' suspended (module 'builtin:omfwd'), retry 0. There should be messages before this one giving the reason for suspension. [v8.2206.0 try https://www.rsyslog.com/e/2007 ]
Jun 22 12:22:09 m6C410ECCAD80 rsyslogd: action 'action-6-builtin:omfwd' resumed (module 'builtin:omfwd') [v8.2206.0 try https://www.rsyslog.com/e/2359 ]
Jun 22 12:22:09 m6C410ECCAD80 rsyslogd: omfwd/udp: socket 6: sendto() error: Network is unreachable [v8.2206.0 try https://www.rsyslog.com/e/2354 ]
Jun 22 12:22:09 m6C410ECCAD80 rsyslogd: omfwd: socket 6: error 101 sending via udp: Network is unreachable [v8.2206.0 try https://www.rsyslog.com/e/2354 ]
Jun 22 12:22:09 m6C410ECCAD80 rsyslogd: action 'action-6-builtin:omfwd' suspended (module 'builtin:omfwd'), retry 0. There should be messages before this one giving the reason for suspension. [v8.2206.0 try https://www.rsyslog.com/e/2007 ]
Jun 22 12:22:09 m6C410ECCAD80 rsyslogd: action 'action-6-builtin:omfwd' resumed (module 'builtin:omfwd') [v8.2206.0 try https://www.rsyslog.com/e/2359 ]
Jun 22 12:22:09 m6C410ECCAD80 rsyslogd: omfwd/udp: socket 6: sendto() error: Network is unreachable [v8.2206.0 try https://www.rsyslog.com/e/2354 ]
Jun 22 12:22:09 m6C410ECCAD80 rsyslogd: omfwd: socket 6: error 101 sending via udp: Network is unreachable [v8.2206.0 try https://www.rsyslog.com/e/2354 ]
Jun 22 12:22:09 m6C410ECCAD80 rsyslogd: action 'action-6-builtin:omfwd' suspended (module 'builtin:omfwd'), retry 0. There should be messages before this one giving the reason for suspension. [v8.2206.0 try https://www.rsyslog.com/e/2007 ]
Jun 22 12:22:09 m6C410ECCAD80 rsyslogd: action 'action-6-builtin:omfwd' resumed (module 'builtin:omfwd') [v8.2206.0 try https://www.rsyslog.com/e/2359 ]
Jun 22 12:22:09 m6C410ECCAD80 rsyslogd: omfwd/udp: socket 6: sendto() error: Network is unreachable [v8.2206.0 try https://www.rsyslog.com/e/2354 ]
Jun 22 12:22:09 m6C410ECCAD80 rsyslogd: omfwd: socket 6: error 101 sending via udp: Network is unreachable [v8.2206.0 try https://www.rsyslog.com/e/2354 ]
Jun 22 12:22:09 m6C410ECCAD80 rsyslogd: action 'action-6-builtin:omfwd' suspended (module 'builtin:omfwd'), retry 0. There should be messages before this one giving the reason for suspension. [v8.2206.0 try https://www.rsyslog.com/e/2007 ]
Jun 22 12:22:09 m6C410ECCAD80 rsyslogd: action 'action-6-builtin:omfwd' resumed (module 'builtin:omfwd') [v8.2206.0 try https://www.rsyslog.com/e/2359 ]
Jun 22 12:22:09 m6C410ECCAD80 rsyslogd: omfwd/udp: socket 6: sendto() error: Network is unreachable [v8.2206.0 try https://www.rsyslog.com/e/2354 ]
Jun 22 12:22:09 m6C410ECCAD80 rsyslogd: omfwd: socket 6: error 101 sending via udp: Network is unreachable [v8.2206.0 try https://www.rsyslog.com/e/2354 ]
Jun 22 12:22:09 m6C410ECCAD80 rsyslogd: action 'action-6-builtin:omfwd' suspended (module 'builtin:omfwd'), retry 0. There should be messages before this one giving the reason for suspension. [v8.2206.0 try https://www.rsyslog.com/e/2007 ]
Jun 22 12:22:09 m6C410ECCAD80 rsyslogd: action 'action-6-builtin:omfwd' resumed (module 'builtin:omfwd') [v8.2206.0 try https://www.rsyslog.com/e/2359 ]
Jun 22 12:22:09 m6C410ECCAD80 rsyslogd: omfwd/udp: socket 6: sendto() error: Network is unreachable [v8.2206.0 try https://www.rsyslog.com/e/2354 ]
Jun 22 12:22:09 m6C410ECCAD80 rsyslogd: omfwd: socket 6: error 101 sending via udp: Network is unreachable [v8.2206.0 try https://www.rsyslog.com/e/2354 ]
Jun 22 12:22:09 m6C410ECCAD80 rsyslogd: action 'action-6-builtin:omfwd' suspended (module 'builtin:omfwd'), retry 0. There should be messages before this one giving the reason for suspension. [v8.2206.0 try https://www.rsyslog.com/e/2007 ]
Jun 22 12:22:09 m6C410ECCAD80 rsyslogd: action 'action-6-builtin:omfwd' resumed (module 'builtin:omfwd') [v8.2206.0 try https://www.rsyslog.com/e/2359 ]
Jun 22 12:22:09 m6C410ECCAD80 rsyslogd: omfwd/udp: socket 6: sendto() error: Network is unreachable [v8.2206.0 try https://www.rsyslog.com/e/2354 ]
Jun 22 12:22:09 m6C410ECCAD80 rsyslogd: omfwd: socket 6: error 101 sending via udp: Network is unreachable [v8.2206.0 try https://www.rsyslog.com/e/2354 ]
Jun 22 12:22:09 m6C410ECCAD80 rsyslogd: action 'action-6-builtin:omfwd' suspended (module 'builtin:omfwd'), retry 0. There should be messages before this one giving the reason for suspension. [v8.2206.0 try https://www.rsyslog.com/e/2007 ]
Jun 22 12:22:09 m6C410ECCAD80 rsyslogd: action 'action-6-builtin:omfwd' resumed (module 'builtin:omfwd') [v8.2206.0 try https://www.rsyslog.com/e/2359 ]
Jun 22 12:22:09 m6C410ECCAD80 rsyslogd: omfwd/udp: socket 6: sendto() error: Network is unreachable [v8.2206.0 try https://www.rsyslog.com/e/2354 ]
Jun 22 12:22:09 m6C410ECCAD80 rsyslogd: omfwd: socket 6: error 101 sending via udp: Network is unreachable [v8.2206.0 try https://www.rsyslog.com/e/2354 ]
Jun 22 12:22:09 m6C410ECCAD80 rsyslogd: action 'action-6-builtin:omfwd' suspended (module 'builtin:omfwd'), retry 0. There should be messages before this one giving the reason for suspension. [v8.2206.0 try https://www.rsyslog.com/e/2007 ]
Jun 22 12:22:09 m6C410ECCAD80 rsyslogd: action 'action-6-builtin:omfwd' resumed (module 'builtin:omfwd') [v8.2206.0 try https://www.rsyslog.com/e/2359 ]
Jun 22 12:22:09 m6C410ECCAD80 rsyslogd: omfwd/udp: socket 6: sendto() error: Network is unreachable [v8.2206.0 try https://www.rsyslog.com/e/2354 ]
Jun 22 12:22:09 m6C410ECCAD80 rsyslogd: omfwd: socket 6: error 101 sending via udp: Network is unreachable [v8.2206.0 try https://www.rsyslog.com/e/2354 ]
Jun 22 12:22:09 m6C410ECCAD80 rsyslogd: action 'action-6-builtin:omfwd' suspended (module 'builtin:omfwd'), retry 0. There should be messages before this one giving the reason for suspension. [v8.2206.0 try https://www.rsyslog.com/e/2007 ]
Jun 22 12:22:09 m6C410ECCAD80 rsyslogd: action 'action-6-builtin:omfwd' resumed (module 'builtin:omfwd') [v8.2206.0 try https://www.rsyslog.com/e/2359 ]
Jun 22 12:22:09 m6C410ECCAD80 rsyslogd: omfwd/udp: socket 6: sendto() error: Network is unreachable [v8.2206.0 try https://www.rsyslog.com/e/2354 ]
Jun 22 12:22:09 m6C410ECCAD80 rsyslogd: omfwd: socket 6: error 101 sending via udp: Network is unreachable [v8.2206.0 try https://www.rsyslog.com/e/2354 ]
Jun 22 12:22:09 m6C410ECCAD80 rsyslogd: action 'action-6-builtin:omfwd' suspended (module 'builtin:omfwd'), retry 0. There should be messages before this one giving the reason for suspension. [v8.2206.0 try https://www.rsyslog.com/e/2007 ]
Jun 22 12:22:09 m6C410ECCAD80 rsyslogd: action 'action-6-builtin:omfwd' resumed (module 'builtin:omfwd') [v8.2206.0 try https://www.rsyslog.com/e/2359 ]
Jun 22 12:22:09 m6C410ECCAD80 rsyslogd: omfwd/udp: socket 6: sendto() error: Network is unreachable [v8.2206.0 try https://www.rsyslog.com/e/2354 ]
Jun 22 12:22:09 m6C410ECCAD80 rsyslogd: omfwd: socket 6: error 101 sending via udp: Network is unreachable [v8.2206.0 try https://www.rsyslog.com/e/2354 ]
Jun 22 12:22:09 m6C410ECCAD80 rsyslogd: action 'action-6-builtin:omfwd' suspended (module 'builtin:omfwd'), retry 0. There should be messages before this one giving the reason for suspension. [v8.2206.0 try https://www.rsyslog.com/e/2007 ]
Jun 22 12:22:09 m6C410ECCAD80 rsyslogd: action 'action-6-builtin:omfwd' resumed (module 'builtin:omfwd') [v8.2206.0 try https://www.rsyslog.com/e/2359 ]
Jun 22 12:22:09 m6C410ECCAD80 rsyslogd: omfwd/udp: socket 6: sendto() error: Network is unreachable [v8.2206.0 try https://www.rsyslog.com/e/2354 ]
Jun 22 12:22:09 m6C410ECCAD80 rsyslogd: omfwd: socket 6: error 101 sending via udp: Network is unreachable [v8.2206.0 try https://www.rsyslog.com/e/2354 ]
Jun 22 12:22:09 m6C410ECCAD80 rsyslogd: action 'action-6-builtin:omfwd' suspended (module 'builtin:omfwd'), retry 0. There should be messages before this one giving the reason for suspension. [v8.2206.0 try https://www.rsyslog.com/e/2007 ]
Jun 22 12:22:09 m6C410ECCAD80 rsyslogd: action 'action-6-builtin:omfwd' resumed (module 'builtin:omfwd') [v8.2206.0 try https://www.rsyslog.com/e/2359 ]
Jun 22 12:22:09 m6C410ECCAD80 rsyslogd: omfwd/udp: socket 6: sendto() error: Network is unreachable [v8.2206.0 try https://www.rsyslog.com/e/2354 ]
Jun 22 12:22:09 m6C410ECCAD80 rsyslogd: omfwd: socket 6: error 101 sending via udp: Network is unreachable [v8.2206.0 try https://www.rsyslog.com/e/2354 ]
Jun 22 12:22:09 m6C410ECCAD80 rsyslogd: action 'action-6-builtin:omfwd' suspended (module 'builtin:omfwd'), retry 0. There should be messages before this one giving the reason for suspension. [v8.2206.0 try https://www.rsyslog.com/e/2007 ]
Jun 22 12:22:09 m6C410ECCAD80 rsyslogd: action 'action-6-builtin:omfwd' resumed (module 'builtin:omfwd') [v8.2206.0 try https://www.rsyslog.com/e/2359 ]
Jun 22 12:22:09 m6C410ECCAD80 rsyslogd: omfwd/udp: socket 6: sendto() error: Network is unreachable [v8.2206.0 try https://www.rsyslog.com/e/2354 ]
Jun 22 12:22:09 m6C410ECCAD80 rsyslogd: omfwd: socket 6: error 101 sending via udp: Network is unreachable [v8.2206.0 try https://www.rsyslog.com/e/2354 ]
Jun 22 12:22:09 m6C410ECCAD80 rsyslogd: action 'action-6-builtin:omfwd' suspended (module 'builtin:omfwd'), retry 0. There should be messages before this one giving the reason for suspension. [v8.2206.0 try https://www.rsyslog.com/e/2007 ]
Jun 22 12:22:09 m6C410ECCAD80 rsyslogd: action 'action-6-builtin:omfwd' resumed (module 'builtin:omfwd') [v8.2206.0 try https://www.rsyslog.com/e/2359 ]
Jun 22 12:22:09 m6C410ECCAD80 rsyslogd: omfwd/udp: socket 6: sendto() error: Network is unreachable [v8.2206.0 try https://www.rsyslog.com/e/2354 ]
Jun 22 12:22:09 m6C410ECCAD80 rsyslogd: omfwd: socket 6: error 101 sending via udp: Network is unreachable [v8.2206.0 try https://www.rsyslog.com/e/2354 ]
Jun 22 12:22:09 m6C410ECCAD80 rsyslogd: action 'action-6-builtin:omfwd' suspended (module 'builtin:omfwd'), retry 0. There should be messages before this one giving the reason for suspension. [v8.2206.0 try https://www.rsyslog.com/e/2007 ]
Jun 22 12:22:09 m6C410ECCAD80 rsyslogd: action 'action-6-builtin:omfwd' resumed (module 'builtin:omfwd') [v8.2206.0 try https://www.rsyslog.com/e/2359 ]
Jun 22 12:22:09 m6C410ECCAD80 rsyslogd: omfwd/udp: socket 6: sendto() error: Network is unreachable [v8.2206.0 try https://www.rsyslog.com/e/2354 ]
Jun 22 12:22:09 m6C410ECCAD80 rsyslogd: omfwd: socket 6: error 101 sending via udp: Network is unreachable [v8.2206.0 try https://www.rsyslog.com/e/2354 ]
Jun 22 12:22:09 m6C410ECCAD80 rsyslogd: action 'action-6-builtin:omfwd' suspended (module 'builtin:omfwd'), retry 0. There should be messages before this one giving the reason for suspension. [v8.2206.0 try https://www.rsyslog.com/e/2007 ]
Jun 22 12:22:09 m6C410ECCAD80 rsyslogd: action 'action-6-builtin:omfwd' resumed (module 'builtin:omfwd') [v8.2206.0 try https://www.rsyslog.com/e/2359 ]
Jun 22 12:22:09 m6C410ECCAD80 rsyslogd: omfwd/udp: socket 6: sendto() error: Network is unreachable [v8.2206.0 try https://www.rsyslog.com/e/2354 ]
Jun 22 12:22:09 m6C410ECCAD80 rsyslogd: omfwd: socket 6: error 101 sending via udp: Network is unreachable [v8.2206.0 try https://www.rsyslog.com/e/2354 ]
Jun 22 12:22:09 m6C410ECCAD80 rsyslogd: action 'action-6-builtin:omfwd' suspended (module 'builtin:omfwd'), retry 0. There should be messages before this one giving the reason for suspension. [v8.2206.0 try https://www.rsyslog.com/e/2007 ]
Jun 22 12:22:09 m6C410ECCAD80 rsyslogd: action 'action-6-builtin:omfwd' resumed (module 'builtin:omfwd') [v8.2206.0 try https://www.rsyslog.com/e/2359 ]
Jun 22 12:22:09 m6C410ECCAD80 rsyslogd: omfwd/udp: socket 6: sendto() error: Network is unreachable [v8.2206.0 try https://www.rsyslog.com/e/2354 ]
Jun 22 12:22:09 m6C410ECCAD80 rsyslogd: omfwd: socket 6: error 101 sending via udp: Network is unreachable [v8.2206.0 try https://www.rsyslog.com/e/2354 ]
Jun 22 12:22:09 m6C410ECCAD80 rsyslogd: action 'action-6-builtin:omfwd' suspended (module 'builtin:omfwd'), retry 0. There should be messages before this one giving the reason for suspension. [v8.2206.0 try https://www.rsyslog.com/e/2007 ]
Jun 22 12:22:09 m6C410ECCAD80 rsyslogd: action 'action-6-builtin:omfwd' resumed (module 'builtin:omfwd') [v8.2206.0 try https://www.rsyslog.com/e/2359 ]
Jun 22 12:22:09 m6C410ECCAD80 rsyslogd: omfwd/udp: socket 6: sendto() error: Network is unreachable [v8.2206.0 try https://www.rsyslog.com/e/2354 ]
Jun 22 12:22:09 m6C410ECCAD80 rsyslogd: omfwd: socket 6: error 101 sending via udp: Network is unreachable [v8.2206.0 try https://www.rsyslog.com/e/2354 ]
Jun 22 12:22:09 m6C410ECCAD80 rsyslogd: action 'action-6-builtin:omfwd' suspended (module 'builtin:omfwd'), retry 0. There should be messages before this one giving the reason for suspension. [v8.2206.0 try https://www.rsyslog.com/e/2007 ]
Jun 22 12:22:09 m6C410ECCAD80 rsyslogd: action 'action-6-builtin:omfwd' resumed (module 'builtin:omfwd') [v8.2206.0 try https://www.rsyslog.com/e/2359 ]
Jun 22 12:22:09 m6C410ECCAD80 rsyslogd: omfwd/udp: socket 6: sendto() error: Network is unreachable [v8.2206.0 try https://www.rsyslog.com/e/2354 ]
Jun 22 12:22:09 m6C410ECCAD80 rsyslogd: omfwd: socket 6: error 101 sending via udp: Network is unreachable [v8.2206.0 try https://www.rsyslog.com/e/2354 ]
Jun 22 12:22:09 m6C410ECCAD80 rsyslogd: action 'action-6-builtin:omfwd' suspended (module 'builtin:omfwd'), retry 0. There should be messages before this one giving the reason for suspension. [v8.2206.0 try https://www.rsyslog.com/e/2007 ]
Jun 22 12:22:09 m6C410ECCAD80 rsyslogd: action 'action-6-builtin:omfwd' resumed (module 'builtin:omfwd') [v8.2206.0 try https://www.rsyslog.com/e/2359 ]
Jun 22 12:22:09 m6C410ECCAD80 rsyslogd: omfwd/udp: socket 6: sendto() error: Network is unreachable [v8.2206.0 try https://www.rsyslog.com/e/2354 ]
Jun 22 12:22:09 m6C410ECCAD80 rsyslogd: omfwd: socket 6: error 101 sending via udp: Network is unreachable [v8.2206.0 try https://www.rsyslog.com/e/2354 ]
Jun 22 12:22:09 m6C410ECCAD80 rsyslogd: action 'action-6-builtin:omfwd' suspended (module 'builtin:omfwd'), retry 0. There should be messages before this one giving the reason for suspension. [v8.2206.0 try https://www.rsyslog.com/e/2007 ]
Jun 22 12:22:09 m6C410ECCAD80 rsyslogd: action 'action-6-builtin:omfwd' resumed (module 'builtin:omfwd') [v8.2206.0 try https://www.rsyslog.com/e/2359 ]
Jun 22 12:22:09 m6C410ECCAD80 rsyslogd: omfwd/udp: socket 6: sendto() error: Network is unreachable [v8.2206.0 try https://www.rsyslog.com/e/2354 ]
Jun 22 12:22:09 m6C410ECCAD80 rsyslogd: omfwd: socket 6: error 101 sending via udp: Network is unreachable [v8.2206.0 try https://www.rsyslog.com/e/2354 ]
Jun 22 12:22:09 m6C410ECCAD80 rsyslogd: action 'action-6-builtin:omfwd' suspended (module 'builtin:omfwd'), retry 0. There should be messages before this one giving the reason for suspension. [v8.2206.0 try https://www.rsyslog.com/e/2007 ]
Jun 22 12:22:09 m6C410ECCAD80 rsyslogd: action 'action-6-builtin:omfwd' resumed (module 'builtin:omfwd') [v8.2206.0 try https://www.rsyslog.com/e/2359 ]
Jun 22 12:22:09 m6C410ECCAD80 rsyslogd: omfwd/udp: socket 6: sendto() error: Network is unreachable [v8.2206.0 try https://www.rsyslog.com/e/2354 ]
Jun 22 12:22:09 m6C410ECCAD80 rsyslogd: omfwd: socket 6: error 101 sending via udp: Network is unreachable [v8.2206.0 try https://www.rsyslog.com/e/2354 ]
Jun 22 12:22:09 m6C410ECCAD80 rsyslogd: action 'action-6-builtin:omfwd' suspended (module 'builtin:omfwd'), retry 0. There should be messages before this one giving the reason for suspension. [v8.2206.0 try https://www.rsyslog.com/e/2007 ]
Jun 22 12:22:09 m6C410ECCAD80 rsyslogd: action 'action-6-builtin:omfwd' resumed (module 'builtin:omfwd') [v8.2206.0 try https://www.rsyslog.com/e/2359 ]
Jun 22 12:22:09 m6C410ECCAD80 rsyslogd: omfwd/udp: socket 6: sendto() error: Network is unreachable [v8.2206.0 try https://www.rsyslog.com/e/2354 ]
Jun 22 12:22:09 m6C410ECCAD80 rsyslogd: omfwd: socket 6: error 101 sending via udp: Network is unreachable [v8.2206.0 try https://www.rsyslog.com/e/2354 ]
Jun 22 12:22:09 m6C410ECCAD80 rsyslogd: action 'action-6-builtin:omfwd' suspended (module 'builtin:omfwd'), retry 0. There should be messages before this one giving the reason for suspension. [v8.2206.0 try https://www.rsyslog.com/e/2007 ]
Jun 22 12:22:09 m6C410ECCAD80 rsyslogd: action 'action-6-builtin:omfwd' resumed (module 'builtin:omfwd') [v8.2206.0 try https://www.rsyslog.com/e/2359 ]
Jun 22 12:22:09 m6C410ECCAD80 rsyslogd: omfwd/udp: socket 6: sendto() error: Network is unreachable [v8.2206.0 try https://www.rsyslog.com/e/2354 ]
Jun 22 12:22:09 m6C410ECCAD80 rsyslogd: omfwd: socket 6: error 101 sending via udp: Network is unreachable [v8.2206.0 try https://www.rsyslog.com/e/2354 ]
Jun 22 12:22:09 m6C410ECCAD80 rsyslogd: action 'action-6-builtin:omfwd' suspended (module 'builtin:omfwd'), retry 0. There should be messages before this one giving the reason for suspension. [v8.2206.0 try https://www.rsyslog.com/e/2007 ]
Jun 22 12:22:09 m6C410ECCAD80 rsyslogd: action 'action-6-builtin:omfwd' resumed (module 'builtin:omfwd') [v8.2206.0 try https://www.rsyslog.com/e/2359 ]
Jun 22 12:22:09 m6C410ECCAD80 rsyslogd: omfwd/udp: socket 6: sendto() error: Network is unreachable [v8.2206.0 try https://www.rsyslog.com/e/2354 ]
Jun 22 12:22:09 m6C410ECCAD80 rsyslogd: omfwd: socket 6: error 101 sending via udp: Network is unreachable [v8.2206.0 try https://www.rsyslog.com/e/2354 ]
Jun 22 12:22:09 m6C410ECCAD80 rsyslogd: action 'action-6-builtin:omfwd' suspended (module 'builtin:omfwd'), retry 0. There should be messages before this one giving the reason for suspension. [v8.2206.0 try https://www.rsyslog.com/e/2007 ]
Jun 22 12:22:09 m6C410ECCAD80 rsyslogd: action 'action-6-builtin:omfwd' resumed (module 'builtin:omfwd') [v8.2206.0 try https://www.rsyslog.com/e/2359 ]
Jun 22 12:22:09 m6C410ECCAD80 rsyslogd: omfwd/udp: socket 6: sendto() error: Network is unreachable [v8.2206.0 try https://www.rsyslog.com/e/2354 ]
Jun 22 12:22:09 m6C410ECCAD80 rsyslogd: omfwd: socket 6: error 101 sending via udp: Network is unreachable [v8.2206.0 try https://www.rsyslog.com/e/2354 ]
Jun 22 12:22:09 m6C410ECCAD80 rsyslogd: action 'action-6-builtin:omfwd' suspended (module 'builtin:omfwd'), retry 0. There should be messages before this one giving the reason for suspension. [v8.2206.0 try https://www.rsyslog.com/e/2007 ]
Jun 22 12:22:09 m6C410ECCAD80 rsyslogd: action 'action-6-builtin:omfwd' resumed (module 'builtin:omfwd') [v8.2206.0 try https://www.rsyslog.com/e/2359 ]
Jun 22 12:22:09 m6C410ECCAD80 rsyslogd: omfwd/udp: socket 6: sendto() error: Network is unreachable [v8.2206.0 try https://www.rsyslog.com/e/2354 ]
Jun 22 12:22:09 m6C410ECCAD80 rsyslogd: omfwd: socket 6: error 101 sending via udp: Network is unreachable [v8.2206.0 try https://www.rsyslog.com/e/2354 ]
Jun 22 12:22:09 m6C410ECCAD80 rsyslogd: action 'action-6-builtin:omfwd' suspended (module 'builtin:omfwd'), retry 0. There should be messages before this one giving the reason for suspension. [v8.2206.0 try https://www.rsyslog.com/e/2007 ]
Jun 22 12:22:09 m6C410ECCAD80 rsyslogd: action 'action-6-builtin:omfwd' resumed (module 'builtin:omfwd') [v8.2206.0 try https://www.rsyslog.com/e/2359 ]
Jun 22 12:22:09 m6C410ECCAD80 rsyslogd: omfwd/udp: socket 6: sendto() error: Network is unreachable [v8.2206.0 try https://www.rsyslog.com/e/2354 ]
Jun 22 12:22:09 m6C410ECCAD80 rsyslogd: omfwd: socket 6: error 101 sending via udp: Network is unreachable [v8.2206.0 try https://www.rsyslog.com/e/2354 ]
Jun 22 12:22:09 m6C410ECCAD80 rsyslogd: action 'action-6-builtin:omfwd' suspended (module 'builtin:omfwd'), retry 0. There should be messages before this one giving the reason for suspension. [v8.2206.0 try https://www.rsyslog.com/e/2007 ]
Jun 22 12:22:09 m6C410ECCAD80 rsyslogd: action 'action-6-builtin:omfwd' resumed (module 'builtin:omfwd') [v8.2206.0 try https://www.rsyslog.com/e/2359 ]
Jun 22 12:22:09 m6C410ECCAD80 rsyslogd: omfwd/udp: socket 6: sendto() error: Network is unreachable [v8.2206.0 try https://www.rsyslog.com/e/2354 ]
Jun 22 12:22:09 m6C410ECCAD80 rsyslogd: omfwd: socket 6: error 101 sending via udp: Network is unreachable [v8.2206.0 try https://www.rsyslog.com/e/2354 ]
Jun 22 12:22:09 m6C410ECCAD80 rsyslogd: action 'action-6-builtin:omfwd' suspended (module 'builtin:omfwd'), retry 0. There should be messages before this one giving the reason for suspension. [v8.2206.0 try https://www.rsyslog.com/e/2007 ]
Jun 22 12:22:09 m6C410ECCAD80 rsyslogd: action 'action-6-builtin:omfwd' resumed (module 'builtin:omfwd') [v8.2206.0 try https://www.rsyslog.com/e/2359 ]
Jun 22 12:22:09 m6C410ECCAD80 rsyslogd: omfwd/udp: socket 6: sendto() error: Network is unreachable [v8.2206.0 try https://www.rsyslog.com/e/2354 ]
Jun 22 12:22:09 m6C410ECCAD80 rsyslogd: omfwd: socket 6: error 101 sending via udp: Network is unreachable [v8.2206.0 try https://www.rsyslog.com/e/2354 ]
Jun 22 12:22:09 m6C410ECCAD80 rsyslogd: action 'action-6-builtin:omfwd' suspended (module 'builtin:omfwd'), retry 0. There should be messages before this one giving the reason for suspension. [v8.2206.0 try https://www.rsyslog.com/e/2007 ]
Jun 22 12:22:09 m6C410ECCAD80 rsyslogd: action 'action-6-builtin:omfwd' resumed (module 'builtin:omfwd') [v8.2206.0 try https://www.rsyslog.com/e/2359 ]
Jun 22 12:22:09 m6C410ECCAD80 rsyslogd: omfwd/udp: socket 6: sendto() error: Network is unreachable [v8.2206.0 try https://www.rsyslog.com/e/2354 ]
Jun 22 12:22:09 m6C410ECCAD80 rsyslogd: omfwd: socket 6: error 101 sending via udp: Network is unreachable [v8.2206.0 try https://www.rsyslog.com/e/2354 ]
Jun 22 12:22:09 m6C410ECCAD80 rsyslogd: action 'action-6-builtin:omfwd' suspended (module 'builtin:omfwd'), retry 0. There should be messages before this one giving the reason for suspension. [v8.2206.0 try https://www.rsyslog.com/e/2007 ]
Jun 22 12:22:09 m6C410ECCAD80 rsyslogd: action 'action-6-builtin:omfwd' resumed (module 'builtin:omfwd') [v8.2206.0 try https://www.rsyslog.com/e/2359 ]
Jun 22 12:22:09 m6C410ECCAD80 rsyslogd: omfwd/udp: socket 6: sendto() error: Network is unreachable [v8.2206.0 try https://www.rsyslog.com/e/2354 ]
Jun 22 12:22:09 m6C410ECCAD80 rsyslogd: omfwd: socket 6: error 101 sending via udp: Network is unreachable [v8.2206.0 try https://www.rsyslog.com/e/2354 ]
Jun 22 12:22:09 m6C410ECCAD80 rsyslogd: action 'action-6-builtin:omfwd' suspended (module 'builtin:omfwd'), retry 0. There should be messages before this one giving the reason for suspension. [v8.2206.0 try https://www.rsyslog.com/e/2007 ]
Jun 22 12:22:09 m6C410ECCAD80 rsyslogd: action 'action-6-builtin:omfwd' resumed (module 'builtin:omfwd') [v8.2206.0 try https://www.rsyslog.com/e/2359 ]
Jun 22 12:22:09 m6C410ECCAD80 rsyslogd: omfwd/udp: socket 6: sendto() error: Network is unreachable [v8.2206.0 try https://www.rsyslog.com/e/2354 ]
Jun 22 12:22:09 m6C410ECCAD80 rsyslogd: omfwd: socket 6: error 101 sending via udp: Network is unreachable [v8.2206.0 try https://www.rsyslog.com/e/2354 ]
Jun 22 12:22:09 m6C410ECCAD80 rsyslogd: action 'action-6-builtin:omfwd' suspended (module 'builtin:omfwd'), retry 0. There should be messages before this one giving the reason for suspension. [v8.2206.0 try https://www.rsyslog.com/e/2007 ]
Jun 22 12:22:09 m6C410ECCAD80 rsyslogd: action 'action-6-builtin:omfwd' resumed (module 'builtin:omfwd') [v8.2206.0 try https://www.rsyslog.com/e/2359 ]
Jun 22 12:22:09 m6C410ECCAD80 rsyslogd: omfwd/udp: socket 6: sendto() error: Network is unreachable [v8.2206.0 try https://www.rsyslog.com/e/2354 ]
Jun 22 12:22:09 m6C410ECCAD80 rsyslogd: omfwd: socket 6: error 101 sending via udp: Network is unreachable [v8.2206.0 try https://www.rsyslog.com/e/2354 ]
Jun 22 12:22:09 m6C410ECCAD80 rsyslogd: action 'action-6-builtin:omfwd' suspended (module 'builtin:omfwd'), retry 0. There should be messages before this one giving the reason for suspension. [v8.2206.0 try https://www.rsyslog.com/e/2007 ]
Jun 22 12:22:09 m6C410ECCAD80 rsyslogd: action 'action-6-builtin:omfwd' resumed (module 'builtin:omfwd') [v8.2206.0 try https://www.rsyslog.com/e/2359 ]
Jun 22 12:22:09 m6C410ECCAD80 rsyslogd: omfwd/udp: socket 6: sendto() error: Network is unreachable [v8.2206.0 try https://www.rsyslog.com/e/2354 ]
Jun 22 12:22:09 m6C410ECCAD80 rsyslogd: omfwd: socket 6: error 101 sending via udp: Network is unreachable [v8.2206.0 try https://www.rsyslog.com/e/2354 ]
Jun 22 12:22:09 m6C410ECCAD80 rsyslogd: action 'action-6-builtin:omfwd' suspended (module 'builtin:omfwd'), retry 0. There should be messages before this one giving the reason for suspension. [v8.2206.0 try https://www.rsyslog.com/e/2007 ]
Jun 22 12:22:09 m6C410ECCAD80 rsyslogd: action 'action-6-builtin:omfwd' resumed (module 'builtin:omfwd') [v8.2206.0 try https://www.rsyslog.com/e/2359 ]
Jun 22 12:22:09 m6C410ECCAD80 rsyslogd: omfwd/udp: socket 6: sendto() error: Network is unreachable [v8.2206.0 try https://www.rsyslog.com/e/2354 ]
Jun 22 12:22:09 m6C410ECCAD80 rsyslogd: omfwd: socket 6: error 101 sending via udp: Network is unreachable [v8.2206.0 try https://www.rsyslog.com/e/2354 ]
Jun 22 12:22:09 m6C410ECCAD80 rsyslogd: action 'action-6-builtin:omfwd' suspended (module 'builtin:omfwd'), retry 0. There should be messages before this one giving the reason for suspension. [v8.2206.0 try https://www.rsyslog.com/e/2007 ]
Jun 22 12:22:09 m6C410ECCAD80 rsyslogd: action 'action-6-builtin:omfwd' resumed (module 'builtin:omfwd') [v8.2206.0 try https://www.rsyslog.com/e/2359 ]
Jun 22 12:22:09 m6C410ECCAD80 rsyslogd: omfwd/udp: socket 6: sendto() error: Network is unreachable [v8.2206.0 try https://www.rsyslog.com/e/2354 ]
Jun 22 12:22:09 m6C410ECCAD80 rsyslogd: omfwd: socket 6: error 101 sending via udp: Network is unreachable [v8.2206.0 try https://www.rsyslog.com/e/2354 ]
Jun 22 12:22:09 m6C410ECCAD80 rsyslogd: action 'action-6-builtin:omfwd' suspended (module 'builtin:omfwd'), retry 0. There should be messages before this one giving the reason for suspension. [v8.2206.0 try https://www.rsyslog.com/e/2007 ]
Jun 22 12:22:09 m6C410ECCAD80 rsyslogd: action 'action-6-builtin:omfwd' resumed (module 'builtin:omfwd') [v8.2206.0 try https://www.rsyslog.com/e/2359 ]
Jun 22 12:22:09 m6C410ECCAD80 rsyslogd: omfwd/udp: socket 6: sendto() error: Network is unreachable [v8.2206.0 try https://www.rsyslog.com/e/2354 ]
Jun 22 12:22:09 m6C410ECCAD80 rsyslogd: omfwd: socket 6: error 101 sending via udp: Network is unreachable [v8.2206.0 try https://www.rsyslog.com/e/2354 ]
Jun 22 12:22:09 m6C410ECCAD80 rsyslogd: action 'action-6-builtin:omfwd' suspended (module 'builtin:omfwd'), retry 0. There should be messages before this one giving the reason for suspension. [v8.2206.0 try https://www.rsyslog.com/e/2007 ]
Jun 22 12:22:09 m6C410ECCAD80 rsyslogd: action 'action-6-builtin:omfwd' resumed (module 'builtin:omfwd') [v8.2206.0 try https://www.rsyslog.com/e/2359 ]
Jun 22 12:22:09 m6C410ECCAD80 rsyslogd: omfwd/udp: socket 6: sendto() error: Network is unreachable [v8.2206.0 try https://www.rsyslog.com/e/2354 ]
Jun 22 12:22:09 m6C410ECCAD80 rsyslogd: omfwd: socket 6: error 101 sending via udp: Network is unreachable [v8.2206.0 try https://www.rsyslog.com/e/2354 ]
Jun 22 12:22:09 m6C410ECCAD80 rsyslogd: action 'action-6-builtin:omfwd' suspended (module 'builtin:omfwd'), retry 0. There should be messages before this one giving the reason for suspension. [v8.2206.0 try https://www.rsyslog.com/e/2007 ]
Jun 22 12:22:09 m6C410ECCAD80 rsyslogd: action 'action-6-builtin:omfwd' resumed (module 'builtin:omfwd') [v8.2206.0 try https://www.rsyslog.com/e/2359 ]
Jun 22 12:22:09 m6C410ECCAD80 rsyslogd: omfwd/udp: socket 6: sendto() error: Network is unreachable [v8.2206.0 try https://www.rsyslog.com/e/2354 ]
Jun 22 12:22:09 m6C410ECCAD80 rsyslogd: omfwd: socket 6: error 101 sending via udp: Network is unreachable [v8.2206.0 try https://www.rsyslog.com/e/2354 ]
Jun 22 12:22:09 m6C410ECCAD80 rsyslogd: action 'action-6-builtin:omfwd' suspended (module 'builtin:omfwd'), retry 0. There should be messages before this one giving the reason for suspension. [v8.2206.0 try https://www.rsyslog.com/e/2007 ]
Jun 22 12:22:09 m6C410ECCAD80 rsyslogd: action 'action-6-builtin:omfwd' resumed (module 'builtin:omfwd') [v8.2206.0 try https://www.rsyslog.com/e/2359 ]
Jun 22 12:22:09 m6C410ECCAD80 rsyslogd: omfwd/udp: socket 6: sendto() error: Network is unreachable [v8.2206.0 try https://www.rsyslog.com/e/2354 ]
Jun 22 12:22:09 m6C410ECCAD80 rsyslogd: omfwd: socket 6: error 101 sending via udp: Network is unreachable [v8.2206.0 try https://www.rsyslog.com/e/2354 ]
Jun 22 12:22:09 m6C410ECCAD80 rsyslogd: action 'action-6-builtin:omfwd' suspended (module 'builtin:omfwd'), retry 0. There should be messages before this one giving the reason for suspension. [v8.2206.0 try https://www.rsyslog.com/e/2007 ]
Jun 22 12:22:09 m6C410ECCAD80 rsyslogd: action 'action-6-builtin:omfwd' resumed (module 'builtin:omfwd') [v8.2206.0 try https://www.rsyslog.com/e/2359 ]
Jun 22 12:22:09 m6C410ECCAD80 rsyslogd: omfwd/udp: socket 6: sendto() error: Network is unreachable [v8.2206.0 try https://www.rsyslog.com/e/2354 ]
Jun 22 12:22:09 m6C410ECCAD80 rsyslogd: omfwd: socket 6: error 101 sending via udp: Network is unreachable [v8.2206.0 try https://www.rsyslog.com/e/2354 ]
Jun 22 12:22:09 m6C410ECCAD80 rsyslogd: action 'action-6-builtin:omfwd' suspended (module 'builtin:omfwd'), retry 0. There should be messages before this one giving the reason for suspension. [v8.2206.0 try https://www.rsyslog.com/e/2007 ]
Jun 22 12:22:09 m6C410ECCAD80 rsyslogd: action 'action-6-builtin:omfwd' resumed (module 'builtin:omfwd') [v8.2206.0 try https://www.rsyslog.com/e/2359 ]
Jun 22 12:22:09 m6C410ECCAD80 rsyslogd: omfwd/udp: socket 6: sendto() error: Network is unreachable [v8.2206.0 try https://www.rsyslog.com/e/2354 ]
Jun 22 12:22:09 m6C410ECCAD80 rsyslogd: omfwd: socket 6: error 101 sending via udp: Network is unreachable [v8.2206.0 try https://www.rsyslog.com/e/2354 ]
Jun 22 12:22:09 m6C410ECCAD80 rsyslogd: action 'action-6-builtin:omfwd' suspended (module 'builtin:omfwd'), retry 0. There should be messages before this one giving the reason for suspension. [v8.2206.0 try https://www.rsyslog.com/e/2007 ]
Jun 22 12:22:09 m6C410ECCAD80 rsyslogd: action 'action-6-builtin:omfwd' resumed (module 'builtin:omfwd') [v8.2206.0 try https://www.rsyslog.com/e/2359 ]
Jun 22 12:22:09 m6C410ECCAD80 rsyslogd: omfwd/udp: socket 6: sendto() error: Network is unreachable [v8.2206.0 try https://www.rsyslog.com/e/2354 ]
Jun 22 12:22:09 m6C410ECCAD80 rsyslogd: omfwd: socket 6: error 101 sending via udp: Network is unreachable [v8.2206.0 try https://www.rsyslog.com/e/2354 ]
Jun 22 12:22:09 m6C410ECCAD80 rsyslogd: action 'action-6-builtin:omfwd' suspended (module 'builtin:omfwd'), retry 0. There should be messages before this one giving the reason for suspension. [v8.2206.0 try https://www.rsyslog.com/e/2007 ]
Jun 22 12:22:09 m6C410ECCAD80 rsyslogd: action 'action-6-builtin:omfwd' resumed (module 'builtin:omfwd') [v8.2206.0 try https://www.rsyslog.com/e/2359 ]
Jun 22 12:22:09 m6C410ECCAD80 rsyslogd: omfwd/udp: socket 6: sendto() error: Network is unreachable [v8.2206.0 try https://www.rsyslog.com/e/2354 ]
Jun 22 12:22:09 m6C410ECCAD80 rsyslogd: omfwd: socket 6: error 101 sending via udp: Network is unreachable [v8.2206.0 try https://www.rsyslog.com/e/2354 ]
Jun 22 12:22:09 m6C410ECCAD80 rsyslogd: action 'action-6-builtin:omfwd' suspended (module 'builtin:omfwd'), retry 0. There should be messages before this one giving the reason for suspension. [v8.2206.0 try https://www.rsyslog.com/e/2007 ]
Jun 22 12:22:09 m6C410ECCAD80 rsyslogd: action 'action-6-builtin:omfwd' resumed (module 'builtin:omfwd') [v8.2206.0 try https://www.rsyslog.com/e/2359 ]
Jun 22 12:22:09 m6C410ECCAD80 rsyslogd: omfwd/udp: socket 6: sendto() error: Network is unreachable [v8.2206.0 try https://www.rsyslog.com/e/2354 ]
Jun 22 12:22:09 m6C410ECCAD80 rsyslogd: omfwd: socket 6: error 101 sending via udp: Network is unreachable [v8.2206.0 try https://www.rsyslog.com/e/2354 ]
Jun 22 12:22:09 m6C410ECCAD80 rsyslogd: action 'action-6-builtin:omfwd' suspended (module 'builtin:omfwd'), retry 0. There should be messages before this one giving the reason for suspension. [v8.2206.0 try https://www.rsyslog.com/e/2007 ]
Jun 22 12:22:09 m6C410ECCAD80 rsyslogd: action 'action-6-builtin:omfwd' resumed (module 'builtin:omfwd') [v8.2206.0 try https://www.rsyslog.com/e/2359 ]
Jun 22 12:22:09 m6C410ECCAD80 rsyslogd: omfwd/udp: socket 6: sendto() error: Network is unreachable [v8.2206.0 try https://www.rsyslog.com/e/2354 ]
Jun 22 12:22:09 m6C410ECCAD80 rsyslogd: omfwd: socket 6: error 101 sending via udp: Network is unreachable [v8.2206.0 try https://www.rsyslog.com/e/2354 ]
Jun 22 12:22:09 m6C410ECCAD80 rsyslogd: action 'action-6-builtin:omfwd' suspended (module 'builtin:omfwd'), retry 0. There should be messages before this one giving the reason for suspension. [v8.2206.0 try https://www.rsyslog.com/e/2007 ]
Jun 22 12:22:09 m6C410ECCAD80 rsyslogd: action 'action-6-builtin:omfwd' resumed (module 'builtin:omfwd') [v8.2206.0 try https://www.rsyslog.com/e/2359 ]
Jun 22 12:22:09 m6C410ECCAD80 rsyslogd: omfwd/udp: socket 6: sendto() error: Network is unreachable [v8.2206.0 try https://www.rsyslog.com/e/2354 ]
Jun 22 12:22:09 m6C410ECCAD80 rsyslogd: omfwd: socket 6: error 101 sending via udp: Network is unreachable [v8.2206.0 try https://www.rsyslog.com/e/2354 ]
Jun 22 12:22:09 m6C410ECCAD80 rsyslogd: action 'action-6-builtin:omfwd' suspended (module 'builtin:omfwd'), retry 0. There should be messages before this one giving the reason for suspension. [v8.2206.0 try https://www.rsyslog.com/e/2007 ]
